2026-08-06T01:25:58Z [pre ] skip  c:\Users\thoma\OneDrive - Agile by Design\Shared Documents\Assets\abd-works-repo\.cursor\hooks.json
2026-08-06T01:25:59Z [post] skip  c:\Users\thoma\OneDrive - Agile by Design\Shared Documents\Assets\abd-works-repo\.cursor\hooks.json
2026-08-06T01:26:00Z [pre ] skip  c:\Users\thoma\OneDrive - Agile by Design\Shared Documents\Assets\abd-works-repo\.cursor\hooks.json
2026-08-06T01:26:00Z [post] skip  c:\Users\thoma\OneDrive - Agile by Design\Shared Documents\Assets\abd-works-repo\.cursor\hooks.json
2026-08-06T01:26:01Z [post] skip  c:\Users\thoma\OneDrive - Agile by Design\Shared Documents\Assets\abd-works-repo\.cursor\hooks.json
2026-08-06T01:26:04Z [pre ] skip  c:\Users\thoma\OneDrive - Agile by Design\Shared Documents\Assets\abd-works-repo\abd-context-driven-delivery\primitives\tools\cli.py
2026-08-06T01:26:05Z [post] skip  c:\Users\thoma\OneDrive - Agile by Design\Shared Documents\Assets\abd-works-repo\abd-context-driven-delivery\primitives\tools\cli.py
2026-08-06T01:26:05Z [post] skip  c:\Users\thoma\OneDrive - Agile by Design\Shared Documents\Assets\abd-works-repo\abd-context-driven-delivery\primitives\tools\cli.py
2026-08-06T01:26:06Z [pre ] skip  c:\Users\thoma\OneDrive - Agile by Design\Shared Documents\Assets\abd-works-repo\abd-context-driven-delivery\primitives\tools\cli.py
2026-08-06T01:26:06Z [pre ] skip  c:\Users\thoma\OneDrive - Agile by Design\Shared Documents\Assets\abd-works-repo\story-ui\packages\story-map-workspace\stories\stories-client.tsx
2026-08-06T01:26:06Z [post] skip  c:\Users\thoma\OneDrive - Agile by Design\Shared Documents\Assets\abd-works-repo\abd-context-driven-delivery\primitives\tools\cli.py
2026-08-06T01:26:06Z [post] skip  c:\Users\thoma\OneDrive - Agile by Design\Shared Documents\Assets\abd-works-repo\story-ui\packages\story-map-workspace\stories\stories-client.tsx
2026-08-06T01:26:07Z [post] skip  c:\Users\thoma\OneDrive - Agile by Design\Shared Documents\Assets\abd-works-repo\abd-context-driven-delivery\primitives\tools\cli.py
2026-08-06T01:26:07Z [post] skip  c:\Users\thoma\OneDrive - Agile by Design\Shared Documents\Assets\abd-works-repo\story-ui\packages\story-map-workspace\stories\stories-client.tsx
2026-08-06T01:26:08Z [pre ] skip  c:\Users\thoma\OneDrive - Agile by Design\Shared Documents\Assets\abd-works-repo\abd-context-driven-delivery\primitives\tools\hooks\keep-generated-assets-guided-by-their-context-tools\report-manifest-lifecycle-events\see-the-manifest-run-as-it-happens\see_the_manifest_run_as_it_happens_test_helper.domain.py
2026-08-06T01:26:08Z [post] skip  c:\Users\thoma\OneDrive - Agile by Design\Shared Documents\Assets\abd-works-repo\abd-context-driven-delivery\primitives\tools\hooks\keep-generated-assets-guided-by-their-context-tools\report-manifest-lifecycle-events\see-the-manifest-run-as-it-happens\see_the_manifest_run_as_it_happens_test_helper.domain.py
2026-08-06T01:26:09Z [post] skip  c:\Users\thoma\OneDrive - Agile by Design\Shared Documents\Assets\abd-works-repo\abd-context-driven-delivery\primitives\tools\hooks\keep-generated-assets-guided-by-their-context-tools\report-manifest-lifecycle-events\see-the-manifest-run-as-it-happens\see_the_manifest_run_as_it_happens_test_helper.domain.py
2026-08-06T01:26:12Z [pre ] skip  c:\Users\thoma\OneDrive - Agile by Design\Shared Documents\Assets\abd-works-repo\story-ui\packages\story-map-workspace\stories\stories-client.tsx
2026-08-06T01:26:12Z [post] skip  c:\Users\thoma\OneDrive - Agile by Design\Shared Documents\Assets\abd-works-repo\story-ui\packages\story-map-workspace\stories\stories-client.tsx
2026-08-06T01:26:13Z [post] skip  c:\Users\thoma\OneDrive - Agile by Design\Shared Documents\Assets\abd-works-repo\story-ui\packages\story-map-workspace\stories\stories-client.tsx
2026-08-06T01:26:19Z [pre ] skip  c:\Users\thoma\OneDrive - Agile by Design\Shared Documents\Assets\abd-works-repo\story-ui\packages\story-map-workspace\stories\stories-client.tsx
2026-08-06T01:26:20Z [post] skip  c:\Users\thoma\OneDrive - Agile by Design\Shared Documents\Assets\abd-works-repo\story-ui\packages\story-map-workspace\stories\stories-client.tsx
2026-08-06T01:26:20Z [post] skip  c:\Users\thoma\OneDrive - Agile by Design\Shared Documents\Assets\abd-works-repo\story-ui\packages\story-map-workspace\stories\stories-client.tsx
2026-08-06T01:26:38Z [pre ] skip  c:\Users\thoma\OneDrive - Agile by Design\Shared Documents\Assets\abd-works-repo\story-ui\packages\story-map-workspace\stories\stories-client.tsx
2026-08-06T01:26:39Z [post] skip  c:\Users\thoma\OneDrive - Agile by Design\Shared Documents\Assets\abd-works-repo\story-ui\packages\story-map-workspace\stories\stories-client.tsx
2026-08-06T01:26:39Z [post] skip  c:\Users\thoma\OneDrive - Agile by Design\Shared Documents\Assets\abd-works-repo\story-ui\packages\story-map-workspace\stories\stories-client.tsx
2026-08-06T01:26:46Z [pre ] skip  c:\Users\thoma\OneDrive - Agile by Design\Shared Documents\Assets\abd-works-repo\story-ui\packages\story-map-workspace\stories\stories-client.tsx
2026-08-06T01:26:46Z [post] skip  c:\Users\thoma\OneDrive - Agile by Design\Shared Documents\Assets\abd-works-repo\story-ui\packages\story-map-workspace\stories\stories-client.tsx
2026-08-06T01:26:47Z [post] skip  c:\Users\thoma\OneDrive - Agile by Design\Shared Documents\Assets\abd-works-repo\story-ui\packages\story-map-workspace\stories\stories-client.tsx
2026-08-06T01:27:00Z [pre ] skip  c:\Users\thoma\OneDrive - Agile by Design\Shared Documents\Assets\abd-works-repo\story-ui\packages\story-map-workspace\stories\stories-client.tsx
2026-08-06T01:27:01Z [post] skip  c:\Users\thoma\OneDrive - Agile by Design\Shared Documents\Assets\abd-works-repo\story-ui\packages\story-map-workspace\stories\stories-client.tsx
2026-08-06T01:27:01Z [post] skip  c:\Users\thoma\OneDrive - Agile by Design\Shared Documents\Assets\abd-works-repo\story-ui\packages\story-map-workspace\stories\stories-client.tsx
2026-08-06T01:27:47Z [post] skip  c:\Users\thoma\OneDrive - Agile by Design\Shared Documents\Assets\abd-works-repo\story-ui\packages\story-map-workspace\stories\stories-client.tsx
2026-08-06T01:29:48Z [post] skip  c:\Users\thoma\OneDrive - Agile by Design\Shared Documents\Assets\abd-works-repo\story-ui\packages\story-map-workspace\stories\stories-client.tsx
2026-08-06T01:30:42Z [pre ] skip  c:\Users\thoma\OneDrive - Agile by Design\Shared Documents\Assets\abd-works-repo\story-ui\packages\story-map-workspace\stories\stories-client.tsx
2026-08-06T01:30:43Z [post] skip  c:\Users\thoma\OneDrive - Agile by Design\Shared Documents\Assets\abd-works-repo\story-ui\packages\story-map-workspace\stories\stories-client.tsx
2026-08-06T01:30:43Z [post] skip  c:\Users\thoma\OneDrive - Agile by Design\Shared Documents\Assets\abd-works-repo\story-ui\packages\story-map-workspace\stories\stories-client.tsx
2026-08-06T01:30:56Z [pre ] skip  c:\Users\thoma\OneDrive - Agile by Design\Shared Documents\Assets\abd-works-repo\story-ui\packages\story-map-workspace\stories\stories-client.tsx
2026-08-06T01:30:57Z [post] skip  c:\Users\thoma\OneDrive - Agile by Design\Shared Documents\Assets\abd-works-repo\story-ui\packages\story-map-workspace\stories\stories-client.tsx
2026-08-06T01:30:57Z [post] skip  c:\Users\thoma\OneDrive - Agile by Design\Shared Documents\Assets\abd-works-repo\story-ui\packages\story-map-workspace\stories\stories-client.tsx
2026-08-06T01:31:05Z [pre ] skip  c:\Users\thoma\OneDrive - Agile by Design\Shared Documents\Assets\abd-works-repo\story-ui\packages\story-map-workspace\stories\stories-client.tsx
2026-08-06T01:31:05Z [post] skip  c:\Users\thoma\OneDrive - Agile by Design\Shared Documents\Assets\abd-works-repo\story-ui\packages\story-map-workspace\stories\stories-client.tsx
2026-08-06T01:31:06Z [post] skip  c:\Users\thoma\OneDrive - Agile by Design\Shared Documents\Assets\abd-works-repo\story-ui\packages\story-map-workspace\stories\stories-client.tsx
2026-08-06T01:31:17Z [pre ] skip  c:\Users\thoma\OneDrive - Agile by Design\Shared Documents\Assets\abd-works-repo\story-ui\packages\story-map-workspace\stories\stories-client.tsx
2026-08-06T01:31:17Z [post] skip  c:\Users\thoma\OneDrive - Agile by Design\Shared Documents\Assets\abd-works-repo\story-ui\packages\story-map-workspace\stories\stories-client.tsx
2026-08-06T01:31:18Z [post] skip  c:\Users\thoma\OneDrive - Agile by Design\Shared Documents\Assets\abd-works-repo\story-ui\packages\story-map-workspace\stories\stories-client.tsx
2026-08-06T01:31:36Z [pre ] skip  c:\Users\thoma\OneDrive - Agile by Design\Shared Documents\Assets\abd-works-repo\story-ui\packages\story-map-workspace\stories\stories-client.tsx
2026-08-06T01:31:37Z [post] skip  c:\Users\thoma\OneDrive - Agile by Design\Shared Documents\Assets\abd-works-repo\story-ui\packages\story-map-workspace\stories\stories-client.tsx
2026-08-06T01:31:37Z [post] skip  c:\Users\thoma\OneDrive - Agile by Design\Shared Documents\Assets\abd-works-repo\story-ui\packages\story-map-workspace\stories\stories-client.tsx
2026-08-06T01:31:51Z [pre ] skip  c:\Users\thoma\OneDrive - Agile by Design\Shared Documents\Assets\abd-works-repo\story-ui\packages\story-map-workspace\stories\stories-client.tsx
2026-08-06T01:31:51Z [post] skip  c:\Users\thoma\OneDrive - Agile by Design\Shared Documents\Assets\abd-works-repo\story-ui\packages\story-map-workspace\stories\stories-client.tsx
2026-08-06T01:31:52Z [post] skip  c:\Users\thoma\OneDrive - Agile by Design\Shared Documents\Assets\abd-works-repo\story-ui\packages\story-map-workspace\stories\stories-client.tsx
2026-08-06T01:32:02Z [pre ] skip  c:\Users\thoma\OneDrive - Agile by Design\Shared Documents\Assets\abd-works-repo\story-ui\packages\story-map-workspace\stories\stories-client.tsx
2026-08-06T01:32:02Z [post] skip  c:\Users\thoma\OneDrive - Agile by Design\Shared Documents\Assets\abd-works-repo\story-ui\packages\story-map-workspace\stories\stories-client.tsx
2026-08-06T01:32:03Z [post] skip  c:\Users\thoma\OneDrive - Agile by Design\Shared Documents\Assets\abd-works-repo\story-ui\packages\story-map-workspace\stories\stories-client.tsx
2026-08-06T01:32:12Z [pre ] skip  c:\Users\thoma\OneDrive - Agile by Design\Shared Documents\Assets\abd-works-repo\story-ui\packages\story-map-workspace\stories\stories-client.tsx
2026-08-06T01:32:12Z [post] skip  c:\Users\thoma\OneDrive - Agile by Design\Shared Documents\Assets\abd-works-repo\story-ui\packages\story-map-workspace\stories\stories-client.tsx
2026-08-06T01:32:12Z [post] skip  c:\Users\thoma\OneDrive - Agile by Design\Shared Documents\Assets\abd-works-repo\story-ui\packages\story-map-workspace\stories\stories-client.tsx
2026-08-06T01:32:31Z [pre ] skip  c:\Users\thoma\OneDrive - Agile by Design\Shared Documents\Assets\abd-works-repo\story-ui\packages\story-map-workspace\stories\stories-client.tsx
2026-08-06T01:32:32Z [post] skip  c:\Users\thoma\OneDrive - Agile by Design\Shared Documents\Assets\abd-works-repo\story-ui\packages\story-map-workspace\stories\stories-client.tsx
2026-08-06T01:32:32Z [post] skip  c:\Users\thoma\OneDrive - Agile by Design\Shared Documents\Assets\abd-works-repo\story-ui\packages\story-map-workspace\stories\stories-client.tsx
2026-08-06T01:32:41Z [pre ] skip  c:\Users\thoma\OneDrive - Agile by Design\Shared Documents\Assets\abd-works-repo\story-ui\packages\story-map-workspace\workspace.css
2026-08-06T01:32:42Z [post] skip  c:\Users\thoma\OneDrive - Agile by Design\Shared Documents\Assets\abd-works-repo\story-ui\packages\story-map-workspace\workspace.css
2026-08-06T01:32:42Z [post] skip  c:\Users\thoma\OneDrive - Agile by Design\Shared Documents\Assets\abd-works-repo\story-ui\packages\story-map-workspace\workspace.css
2026-08-06T01:33:08Z [post] skip  c:\Users\thoma\OneDrive - Agile by Design\Shared Documents\Assets\abd-works-repo\story-ui\stories\ts\author-story-maps\edit-story-graph-model\assign-story-to-increment\assign_story_to_increment_test_helper.client.tsx
2026-08-06T01:33:09Z [pre ] skip  c:\Users\thoma\OneDrive - Agile by Design\Shared Documents\Assets\abd-works-repo\story-ui\stories\ts\author-story-maps\edit-story-graph-model\assign-story-to-increment\assign_story_to_increment_test_helper.client.tsx
2026-08-06T01:33:09Z [post] skip  c:\Users\thoma\OneDrive - Agile by Design\Shared Documents\Assets\abd-works-repo\story-ui\stories\ts\author-story-maps\edit-story-graph-model\assign-story-to-increment\assign_story_to_increment_test_helper.client.tsx
2026-08-06T01:33:09Z [post] skip  c:\Users\thoma\OneDrive - Agile by Design\Shared Documents\Assets\abd-works-repo\story-ui\stories\ts\author-story-maps\edit-story-graph-model\assign-story-to-increment\assign_story_to_increment_test_helper.client.tsx
2026-08-06T01:34:33Z [post] skip  c:\Users\thoma\OneDrive - Agile by Design\Shared Documents\Assets\abd-works-repo\abd-context-driven-delivery\primitives\tools\hooks\keep-generated-assets-guided-by-their-context-tools
2026-08-06T01:34:54Z [post] skip  c:\Users\thoma\OneDrive - Agile by Design\Shared Documents\Assets\abd-works-repo\abd-context-driven-delivery\primitives\tools\hooks\keep-generated-assets-guided-by-their-context-tools
2026-08-06T01:35:16Z [post] FIRED  C:\Users\thoma\AppData\Local\Temp\tmp7djcc45v.py  - 1 line(s)
2026-08-06T01:35:16Z [post] FIRED  C:\Users\thoma\AppData\Local\Temp\tmpul0t7h6f.py  - 1 line(s)
2026-08-06T01:35:17Z [post] FIRED  C:\Users\thoma\AppData\Local\Temp\tmpefwn5359.py  - 1 line(s)
2026-08-06T01:35:17Z [post] FIRED  C:\Users\thoma\AppData\Local\Temp\tmp604ikftl.py  - 1 line(s)
2026-08-06T01:35:17Z [post] FIRED  C:\Users\thoma\AppData\Local\Temp\tmpije70nfp.py  - 1 line(s)
2026-08-06T01:35:17Z [post] FIRED  C:\Users\thoma\AppData\Local\Temp\tmp4p6lmiuk.py  - 1 line(s)
2026-08-06T01:35:20Z [post] skip  c:\Users\thoma\OneDrive - Agile by Design\Shared Documents\Assets\abd-works-repo\story-ui\.tools\scan-stories.yaml
2026-08-06T01:35:20Z [post] skip  c:\Users\thoma\OneDrive - Agile by Design\Shared Documents\Assets\abd-works-repo\story-ui\.tools\scan-stories.yaml
2026-08-06T01:35:37Z [pre ] skip  c:\Users\thoma\OneDrive - Agile by Design\Shared Documents\Assets\abd-works-repo\story-ui\.tools\scan-stories.yaml
2026-08-06T01:35:38Z [post] skip  c:\Users\thoma\OneDrive - Agile by Design\Shared Documents\Assets\abd-works-repo\story-ui\.tools\scan-stories.yaml
2026-08-06T01:35:38Z [post] skip  c:\Users\thoma\OneDrive - Agile by Design\Shared Documents\Assets\abd-works-repo\story-ui\.tools\scan-stories.yaml
2026-08-06T01:36:10Z [pre ] skip  c:\Users\thoma\OneDrive - Agile by Design\Shared Documents\Assets\abd-works-repo\story-ui\.tools\scan-stories.yaml
2026-08-06T01:36:10Z [post] skip  c:\Users\thoma\OneDrive - Agile by Design\Shared Documents\Assets\abd-works-repo\story-ui\.tools\scan-stories.yaml
2026-08-06T01:36:11Z [post] skip  c:\Users\thoma\OneDrive - Agile by Design\Shared Documents\Assets\abd-works-repo\story-ui\.tools\scan-stories.yaml
2026-08-06T01:37:55Z [post] skip  C:\Users\thoma\.cursor\projects\c-Users-thoma-OneDrive-Agile-by-Design-Shared-Documents-Assets-abd-works-repo\terminals\252915.txt
2026-08-06T01:38:43Z [post] skip  c:\Users\thoma\OneDrive - Agile by Design\Shared Documents\Assets\abd-works-repo\story-ui\.context\story_map.stories.md
2026-08-06T01:39:28Z [post] skip  c:\Users\thoma\OneDrive - Agile by Design\Shared Documents\Assets\abd-works-repo\story-ui\stories\ts\author-story-maps\edit-story-graph-model\expand-story-card-reflows-layout\expand_story_card_reflows_layout_test_helper.domain.ts
2026-08-06T01:39:28Z [post] skip  c:\Users\thoma\OneDrive - Agile by Design\Shared Documents\Assets\abd-works-repo\story-ui\stories\ts\author-story-maps\edit-story-graph-model\expand-story-card-reflows-layout\expand_story_card_reflows_layout_test_helper.domain.ts
2026-08-06T01:39:36Z [post] skip  c:\Users\thoma\OneDrive - Agile by Design\Shared Documents\Assets\abd-works-repo\story-ui\stories\ts\author-story-maps\edit-story-graph-model\expand-story-card-reflows-layout\expand_story_card_reflows_layout_test_helper.server.ts
2026-08-06T01:39:37Z [post] skip  c:\Users\thoma\OneDrive - Agile by Design\Shared Documents\Assets\abd-works-repo\story-ui\stories\ts\author-story-maps\edit-story-graph-model\expand-story-card-reflows-layout\expand_story_card_reflows_layout_test_helper.server.ts
2026-08-06T01:39:58Z [post] skip  c:\Users\thoma\OneDrive - Agile by Design\Shared Documents\Assets\abd-works-repo\story-ui\stories\ts\author-story-maps\author-scenarios-and-examples\add-and-remove-examples\add_and_remove_examples_story.ts
2026-08-06T01:40:03Z [post] skip  c:\Users\thoma\OneDrive - Agile by Design\Shared Documents\Assets\abd-works-repo\story-ui\stories\ts\author-story-maps\author-scenarios-and-examples\add-and-remove-examples\add_and_remove_examples_story.ts
2026-08-06T01:40:13Z [post] skip  c:\Users\thoma\OneDrive - Agile by Design\Shared Documents\Assets\abd-works-repo\story-ui\stories\ts\author-story-maps\author-scenarios-and-examples\add-and-remove-examples\add_and_remove_examples_test_helper.client.tsx
2026-08-06T01:41:04Z [post] skip  c:\Users\thoma\OneDrive - Agile by Design\Shared Documents\Assets\abd-works-repo\story-ui
2026-08-06T01:41:04Z [post] skip  c:\Users\thoma\OneDrive - Agile by Design\Shared Documents\Assets\abd-works-repo\story-ui
2026-08-06T01:41:08Z [post] skip  c:\Users\thoma\OneDrive - Agile by Design\Shared Documents\Assets\abd-works-repo
2026-08-06T01:41:30Z [post] skip  c:\Users\thoma\OneDrive - Agile by Design\Shared Documents\Assets\abd-works-repo\story-ui\.tools\resolve-handoff-folder.yaml
2026-08-06T01:41:30Z [post] skip  c:\Users\thoma\OneDrive - Agile by Design\Shared Documents\Assets\abd-works-repo\story-ui\.tools\resolve-handoff-folder.yaml
2026-08-06T01:42:35Z [post] skip  c:\Users\thoma\OneDrive - Agile by Design\Shared Documents\Assets\abd-works-repo\story-ui\.tools\write-handoff.yaml
2026-08-06T01:42:36Z [post] skip  c:\Users\thoma\OneDrive - Agile by Design\Shared Documents\Assets\abd-works-repo\story-ui\.tools\write-handoff.yaml
2026-08-06T01:42:57Z [post] skip  c:\Users\thoma\OneDrive - Agile by Design\Shared Documents\Assets\abd-works-repo\story-ui\.context\handoff-latest.md
2026-08-06T01:43:46Z [post] skip  c:\Users\thoma\.cursor\extensions\abd.manifest-gate-notifier-1.0.0\package.json
2026-08-06T01:43:46Z [post] skip  c:\Users\thoma\.cursor\extensions\abd.manifest-gate-notifier-1.0.0\extension.js
2026-08-06T01:43:52Z [post] skip  c:\Users\thoma\OneDrive - Agile by Design\Shared Documents\Assets\abd-works-repo\abd-context-driven-delivery\utilities\manifest_hook\extension\package.json
2026-08-06T01:43:53Z [post] skip  c:\Users\thoma\OneDrive - Agile by Design\Shared Documents\Assets\abd-works-repo\abd-context-driven-delivery\utilities\manifest_hook\extension\package.json
2026-08-06T01:43:56Z [post] skip  c:\Users\thoma\OneDrive - Agile by Design\Shared Documents\Assets\abd-works-repo\abd-context-driven-delivery\utilities\manifest_hook\extension\extension.js
2026-08-06T01:43:56Z [post] skip  c:\Users\thoma\OneDrive - Agile by Design\Shared Documents\Assets\abd-works-repo\abd-context-driven-delivery\utilities\manifest_hook\extension\extension.js
2026-08-06T01:44:09Z [post] skip  c:\Users\thoma\OneDrive - Agile by Design\Shared Documents\Assets\abd-works-repo\abd-context-driven-delivery\utilities\manifest_hook\extension\setup.ps1
2026-08-06T01:44:09Z [post] skip  c:\Users\thoma\OneDrive - Agile by Design\Shared Documents\Assets\abd-works-repo\abd-context-driven-delivery\utilities\manifest_hook\extension\setup.ps1
2026-08-06T01:44:57Z [pre ] skip  c:\Users\thoma\OneDrive - Agile by Design\Shared Documents\Assets\abd-works-repo\abd-context-driven-delivery\utilities\manifest_hook\extension\setup.ps1
2026-08-06T01:44:57Z [post] skip  c:\Users\thoma\OneDrive - Agile by Design\Shared Documents\Assets\abd-works-repo\abd-context-driven-delivery\utilities\manifest_hook\extension\setup.ps1
2026-08-06T01:44:58Z [post] skip  c:\Users\thoma\OneDrive - Agile by Design\Shared Documents\Assets\abd-works-repo\abd-context-driven-delivery\utilities\manifest_hook\extension\setup.ps1
