2026-07-18T22:33:59 kind=expansion toolset=concepts.clean_engineering.clean_engineering:CleanEngineering name=generate ok=true summary=tools=
2026-07-18T22:33:59 kind=action toolset=concepts.clean_engineering.clean_engineering:CleanEngineering name=generate ok=true summary=plan=Redesign Partition from scratch (old im…,slug=partition,destination=concepts/partition
2026-07-18T22:52:53 kind=action toolset=concepts.clean_engineering.clean_engineering:CleanEngineering name=generate ok=false summary= error=missing argument 'plan' for placeholder {{plan}}
2026-07-18T22:53:01 kind=action toolset=concepts.clean_engineering.clean_engineering:CleanEngineering name=generate ok=false summary=plan=explore/partition context material: con… error=missing argument 'slug' for placeholder {{slug}}
2026-07-18T22:53:07 kind=action toolset=concepts.clean_engineering.clean_engineering:CleanEngineering name=generate ok=true summary=plan=explore/partition context material: con…,slug=partition,destination=C:\dev\abd-context-driven-delivery\conc…,agent…
2026-07-18T23:27:03 kind=expansion toolset=concepts.base.examples.car_chronicle.car_chronicle:CarChronicle name=generate ok=true summary=tools=
2026-07-18T23:27:03 kind=expansion toolset=concepts.base.examples.car_chronicle.car_chronicle:CarChronicle name=generate ok=true summary=tools=
2026-07-18T23:27:03 kind=expansion toolset=concepts.base.examples.car_chronicle.car_chronicle:CarChronicle name=generate ok=true summary=tools=
2026-07-18T23:27:03 kind=expansion toolset=concepts.base.examples.car_chronicle.car_chronicle:CarChronicle name=generate ok=true summary=tools=
2026-07-18T23:27:03 kind=expansion toolset=concepts.base.examples.car_chronicle.car_chronicle:CarChronicle name=generate ok=true summary=tools=
2026-07-18T23:27:03 kind=expansion toolset=concepts.base.examples.car_chronicle.car_chronicle:CarChronicle name=generate ok=true summary=tools=
2026-07-18T23:27:03 kind=expansion toolset=concepts.base.examples.car_chronicle.car_chronicle:CarChronicle name=generate ok=true summary=tools=
2026-07-18T23:27:03 kind=expansion toolset=concepts.base.examples.car_chronicle.car_chronicle:CarChronicle name=generate ok=true summary=tools=
2026-07-18T23:27:03 kind=expansion toolset=concepts.base.concept:Concept name=generate ok=true summary=tools=
2026-07-18T23:27:03 kind=expansion toolset=concepts.base.concept:Concept name=generate ok=true summary=tools=
2026-07-18T23:27:03 kind=expansion toolset=concepts.base.concept:Concept name=generate ok=true summary=tools=
2026-07-18T23:27:03 kind=expansion toolset=concepts.base.concept:Concept name=generate ok=true summary=tools=
2026-07-18T23:27:03 kind=expansion toolset=concepts.base.concept:Concept name=generate ok=true summary=tools=
2026-07-18T23:27:03 kind=expansion toolset=concepts.base.examples.car_chronicle.chronicle_with_output:ChronicleWithOutput name=generate ok=true summary=tools=add_epic
2026-07-18T23:27:03 kind=expansion toolset=concepts.base.examples.car_chronicle.chronicle_with_output:ChronicleWithOutput name=generate ok=true summary=tools=add_epic
2026-07-18T23:27:15 kind=expansion toolset=concepts.base.examples.car_chronicle.car_chronicle:CarChronicle name=generate ok=true summary=tools=
2026-07-18T23:27:15 kind=expansion toolset=concepts.base.examples.car_chronicle.car_chronicle:CarChronicle name=generate ok=true summary=tools=
2026-07-18T23:27:15 kind=expansion toolset=concepts.base.examples.car_chronicle.car_chronicle:CarChronicle name=generate ok=true summary=tools=
2026-07-18T23:27:15 kind=expansion toolset=concepts.base.examples.car_chronicle.car_chronicle:CarChronicle name=generate ok=true summary=tools=
2026-07-18T23:27:15 kind=expansion toolset=concepts.base.examples.car_chronicle.car_chronicle:CarChronicle name=generate ok=true summary=tools=
2026-07-18T23:27:15 kind=expansion toolset=concepts.base.examples.car_chronicle.car_chronicle:CarChronicle name=generate ok=true summary=tools=
2026-07-18T23:27:15 kind=expansion toolset=concepts.base.examples.car_chronicle.car_chronicle:CarChronicle name=generate ok=true summary=tools=
2026-07-18T23:27:15 kind=expansion toolset=concepts.base.examples.car_chronicle.car_chronicle:CarChronicle name=generate ok=true summary=tools=
2026-07-18T23:27:15 kind=expansion toolset=concepts.base.concept:Concept name=generate ok=true summary=tools=
2026-07-18T23:27:15 kind=expansion toolset=concepts.base.concept:Concept name=generate ok=true summary=tools=
2026-07-18T23:27:15 kind=expansion toolset=concepts.base.concept:Concept name=generate ok=true summary=tools=
2026-07-18T23:27:15 kind=expansion toolset=concepts.base.concept:Concept name=generate ok=true summary=tools=
2026-07-18T23:27:15 kind=expansion toolset=concepts.base.concept:Concept name=generate ok=true summary=tools=
2026-07-18T23:27:15 kind=expansion toolset=concepts.base.examples.car_chronicle.chronicle_with_output:ChronicleWithOutput name=generate ok=true summary=tools=add_epic
2026-07-18T23:27:15 kind=expansion toolset=concepts.base.examples.car_chronicle.chronicle_with_output:ChronicleWithOutput name=generate ok=true summary=tools=add_epic
2026-07-18T23:28:01 kind=expansion toolset=concepts.base.examples.car_chronicle.car_chronicle:CarChronicle name=generate ok=true summary=tools=
2026-07-18T23:28:13 kind=expansion toolset=concepts.base.examples.car_chronicle.car_chronicle:CarChronicle name=generate ok=true summary=tools=
2026-07-18T23:28:13 kind=expansion toolset=concepts.base.examples.car_chronicle.car_chronicle:CarChronicle name=generate ok=true summary=tools=
2026-07-18T23:28:13 kind=expansion toolset=concepts.base.examples.car_chronicle.car_chronicle:CarChronicle name=generate ok=true summary=tools=
2026-07-18T23:28:13 kind=expansion toolset=concepts.base.examples.car_chronicle.car_chronicle:CarChronicle name=generate ok=true summary=tools=
2026-07-18T23:28:13 kind=expansion toolset=concepts.base.examples.car_chronicle.car_chronicle:CarChronicle name=generate ok=true summary=tools=
2026-07-18T23:28:13 kind=expansion toolset=concepts.base.examples.car_chronicle.car_chronicle:CarChronicle name=generate ok=true summary=tools=
2026-07-18T23:28:13 kind=expansion toolset=concepts.base.examples.car_chronicle.car_chronicle:CarChronicle name=generate ok=true summary=tools=
2026-07-18T23:28:13 kind=expansion toolset=concepts.base.examples.car_chronicle.car_chronicle:CarChronicle name=generate ok=true summary=tools=
2026-07-18T23:28:13 kind=expansion toolset=concepts.base.concept:Concept name=generate ok=true summary=tools=
2026-07-18T23:28:13 kind=expansion toolset=concepts.base.concept:Concept name=generate ok=true summary=tools=
2026-07-18T23:28:13 kind=expansion toolset=concepts.base.concept:Concept name=generate ok=true summary=tools=
2026-07-18T23:28:13 kind=expansion toolset=concepts.base.concept:Concept name=generate ok=true summary=tools=
2026-07-18T23:28:13 kind=expansion toolset=concepts.base.concept:Concept name=generate ok=true summary=tools=
2026-07-18T23:28:13 kind=expansion toolset=concepts.base.examples.car_chronicle.chronicle_with_output:ChronicleWithOutput name=generate ok=true summary=tools=add_epic
2026-07-18T23:28:13 kind=expansion toolset=concepts.base.examples.car_chronicle.chronicle_with_output:ChronicleWithOutput name=generate ok=true summary=tools=add_epic
2026-07-19T01:04:17 kind=action toolset=concepts.bdd.bdd:Bdd name=generate ok=true summary=plan=Add shared BDD rules: (1) behaviors ord…,slug=bdd-describe-rules
2026-07-19T01:11:53 kind=action toolset=concepts.bdd.bdd:Bdd name=generate ok=false summary=fidelity=behavior error=missing argument 'plan' for placeholder {{plan}}
2026-07-19T01:12:00 kind=action toolset=concepts.bdd.bdd:Bdd name=generate ok=false summary=fidelity=behavior,plan=Make hierarchy naming rules explicit ? … error=missing argument 'slug' for placeholder {{slug}}
2026-07-19T01:48:53 kind=expansion toolset=contexts.base.examples.car_chronicle.car_chronicle:CarChronicle name=generate ok=true summary=tools=
2026-07-19T01:48:53 kind=expansion toolset=contexts.base.examples.car_chronicle.car_chronicle:CarChronicle name=generate ok=true summary=tools=
2026-07-19T01:48:53 kind=expansion toolset=contexts.base.examples.car_chronicle.car_chronicle:CarChronicle name=generate ok=true summary=tools=
2026-07-19T01:48:53 kind=expansion toolset=contexts.base.examples.car_chronicle.car_chronicle:CarChronicle name=generate ok=true summary=tools=
2026-07-19T01:48:53 kind=expansion toolset=contexts.base.examples.car_chronicle.car_chronicle:CarChronicle name=generate ok=true summary=tools=
2026-07-19T01:48:53 kind=expansion toolset=contexts.base.examples.car_chronicle.car_chronicle:CarChronicle name=generate ok=true summary=tools=
2026-07-19T01:48:53 kind=expansion toolset=contexts.base.examples.car_chronicle.car_chronicle:CarChronicle name=generate ok=true summary=tools=
2026-07-19T01:48:53 kind=expansion toolset=contexts.base.examples.car_chronicle.car_chronicle:CarChronicle name=generate ok=true summary=tools=
2026-07-19T01:48:53 kind=expansion toolset=contexts.base.context:Context name=generate ok=true summary=tools=
2026-07-19T01:48:53 kind=expansion toolset=contexts.base.context:Context name=generate ok=true summary=tools=
2026-07-19T01:48:53 kind=expansion toolset=contexts.base.context:Context name=generate ok=true summary=tools=
2026-07-19T01:48:54 kind=expansion toolset=contexts.base.context:Context name=generate ok=true summary=tools=
2026-07-19T01:48:54 kind=expansion toolset=contexts.base.context:Context name=generate ok=true summary=tools=
2026-07-19T01:48:54 kind=expansion toolset=contexts.base.examples.car_chronicle.chronicle_with_output:ChronicleWithOutput name=generate ok=true summary=tools=add_epic
2026-07-19T01:48:54 kind=expansion toolset=contexts.base.examples.car_chronicle.chronicle_with_output:ChronicleWithOutput name=generate ok=true summary=tools=add_epic
2026-07-19T01:50:32 kind=expansion toolset=contexts.base.examples.car_chronicle.car_chronicle:CarChronicle name=generate ok=true summary=tools=
2026-07-19T01:50:32 kind=expansion toolset=contexts.base.examples.car_chronicle.car_chronicle:CarChronicle name=generate ok=true summary=tools=
2026-07-19T01:50:32 kind=expansion toolset=contexts.base.examples.car_chronicle.car_chronicle:CarChronicle name=generate ok=true summary=tools=
2026-07-19T01:50:32 kind=expansion toolset=contexts.base.examples.car_chronicle.car_chronicle:CarChronicle name=generate ok=true summary=tools=
2026-07-19T01:50:32 kind=expansion toolset=contexts.base.examples.car_chronicle.car_chronicle:CarChronicle name=generate ok=true summary=tools=
2026-07-19T01:50:32 kind=expansion toolset=contexts.base.examples.car_chronicle.car_chronicle:CarChronicle name=generate ok=true summary=tools=
2026-07-19T01:50:32 kind=expansion toolset=contexts.base.examples.car_chronicle.car_chronicle:CarChronicle name=generate ok=true summary=tools=
2026-07-19T01:50:32 kind=expansion toolset=contexts.base.examples.car_chronicle.car_chronicle:CarChronicle name=generate ok=true summary=tools=
2026-07-19T01:50:32 kind=expansion toolset=contexts.base.context:Context name=generate ok=true summary=tools=
2026-07-19T01:50:32 kind=expansion toolset=contexts.base.context:Context name=generate ok=true summary=tools=
2026-07-19T01:50:32 kind=expansion toolset=contexts.base.context:Context name=generate ok=true summary=tools=
2026-07-19T01:50:32 kind=expansion toolset=contexts.base.context:Context name=generate ok=true summary=tools=
2026-07-19T01:50:32 kind=expansion toolset=contexts.base.context:Context name=generate ok=true summary=tools=
2026-07-19T01:50:33 kind=expansion toolset=contexts.base.examples.car_chronicle.chronicle_with_output:ChronicleWithOutput name=generate ok=true summary=tools=add_epic
2026-07-19T01:50:33 kind=expansion toolset=contexts.base.examples.car_chronicle.chronicle_with_output:ChronicleWithOutput name=generate ok=true summary=tools=add_epic
2026-07-19T01:50:47 kind=expansion toolset=contexts.base.examples.car_chronicle.car_chronicle:CarChronicle name=generate ok=true summary=tools=
2026-07-19T01:50:47 kind=expansion toolset=contexts.base.examples.car_chronicle.car_chronicle:CarChronicle name=generate ok=true summary=tools=
2026-07-19T01:50:47 kind=expansion toolset=contexts.base.examples.car_chronicle.car_chronicle:CarChronicle name=generate ok=true summary=tools=
2026-07-19T01:50:47 kind=expansion toolset=contexts.base.examples.car_chronicle.car_chronicle:CarChronicle name=generate ok=true summary=tools=
2026-07-19T01:50:47 kind=expansion toolset=contexts.base.examples.car_chronicle.car_chronicle:CarChronicle name=generate ok=true summary=tools=
2026-07-19T01:50:47 kind=expansion toolset=contexts.base.examples.car_chronicle.car_chronicle:CarChronicle name=generate ok=true summary=tools=
2026-07-19T01:50:47 kind=expansion toolset=contexts.base.examples.car_chronicle.car_chronicle:CarChronicle name=generate ok=true summary=tools=
2026-07-19T01:50:47 kind=expansion toolset=contexts.base.examples.car_chronicle.car_chronicle:CarChronicle name=generate ok=true summary=tools=
2026-07-19T01:50:47 kind=expansion toolset=contexts.base.context:Context name=generate ok=true summary=tools=
2026-07-19T01:50:47 kind=expansion toolset=contexts.base.context:Context name=generate ok=true summary=tools=
2026-07-19T01:50:47 kind=expansion toolset=contexts.base.context:Context name=generate ok=true summary=tools=
2026-07-19T01:50:47 kind=expansion toolset=contexts.base.context:Context name=generate ok=true summary=tools=
2026-07-19T01:50:47 kind=expansion toolset=contexts.base.context:Context name=generate ok=true summary=tools=
2026-07-19T01:50:47 kind=expansion toolset=contexts.base.examples.car_chronicle.chronicle_with_output:ChronicleWithOutput name=generate ok=true summary=tools=add_epic
2026-07-19T01:50:47 kind=expansion toolset=contexts.base.examples.car_chronicle.chronicle_with_output:ChronicleWithOutput name=generate ok=true summary=tools=add_epic
2026-07-19T02:14:51 kind=expansion toolset=agent_bdd.agent_bdd:AgentBdd name=generate ok=true summary=tools=
2026-07-19T02:14:51 kind=action toolset=agent_bdd.agent_bdd:AgentBdd name=generate ok=true summary=
2026-07-19T16:13:54 kind=expansion toolset=contexts.cdd.cdd:Cdd name=generate ok=true summary=tools=resolve_targets
2026-07-19T16:13:54 kind=action toolset=contexts.cdd.cdd:Cdd name=generate ok=false summary= error=missing argument 'slug' for placeholder {{slug}}
2026-07-19T16:14:03 kind=expansion toolset=contexts.cdd.cdd:Cdd name=generate ok=true summary=tools=resolve_targets
2026-07-19T16:14:03 kind=action toolset=contexts.cdd.cdd:Cdd name=generate ok=false summary= error=missing argument 'slug' for placeholder {{slug}}
2026-07-19T16:14:23 kind=expansion toolset=contexts.cdd.cdd:Cdd name=generate ok=true summary=tools=resolve_targets
2026-07-19T16:14:23 kind=action toolset=contexts.cdd.cdd:Cdd name=generate ok=true summary=plan=Structured cross-context linking and ev…,slug=cross-context-linking,destination=contexts/cdd
2026-07-19T17:55:37 kind=expansion toolset=contexts.clean_engineering.clean_engineering:CleanEngineering name=generate ok=true summary=tools=
2026-07-19T17:55:37 kind=action toolset=contexts.clean_engineering.clean_engineering:CleanEngineering name=generate ok=true summary=plan=CDD discovery Increment 1 ? Example fac…,slug=example-factory-pattern,destination=contexts/cdd
2026-07-19T17:55:38 kind=expansion toolset=contexts.stories.stories:Stories name=generate ok=true summary=tools=
2026-07-19T17:55:38 kind=action toolset=contexts.stories.stories:Stories name=generate ok=true summary=plan=CDD discovery Increment 1 ? Connect Sto…,slug=connect-story-examples,destination=contexts/cdd
2026-07-19T18:03:34 kind=expansion toolset=contexts.stories.stories:Stories name=generate ok=true summary=tools=
2026-07-19T18:03:34 kind=action toolset=contexts.stories.stories:Stories name=generate ok=true summary=plan=CDD explore Increment 1 ? Connect Story…,slug=connect-story-examples,destination=contexts/cdd/connect-story-exampl…
2026-07-19T18:03:35 kind=expansion toolset=contexts.clean_engineering.clean_engineering:CleanEngineering name=generate ok=true summary=tools=
2026-07-19T18:03:35 kind=action toolset=contexts.clean_engineering.clean_engineering:CleanEngineering name=generate ok=true summary=plan=CDD explore Increment 1 ? example facto…,slug=example-factories,destination=contexts/cdd/example-factories
2026-07-20T02:45:09 kind=expansion toolset=contexts.ux.ux:Ux name=generate ok=true summary=tools=
2026-07-20T02:45:09 kind=action toolset=contexts.ux.ux:Ux name=generate ok=false summary=plan=Revisit UX model elements and HTML/JS r…,slug=ux-ce-story-wiring,destination=contexts/ux error=missing argument 'SCOPE' for placeholder {{SCOPE}}
2026-07-20T03:13:59 kind=expansion toolset=contexts.ux.ux:Ux name=generate ok=true summary=tools=
2026-07-20T03:13:59 kind=action toolset=contexts.ux.ux:Ux name=generate ok=false summary=fidelity=ia error=missing argument 'slug' for placeholder {{slug}}
2026-07-20T21:48:48 kind=expansion toolset=contexts.clean_engineering.clean_engineering:CleanEngineering name=generate ok=true summary=tools=
2026-07-20T21:48:48 kind=action toolset=contexts.clean_engineering.clean_engineering:CleanEngineering name=generate ok=true summary=plan=CDD explore ? Story Demo CE modules fro…,slug=story-demo
2026-07-20T21:48:48 kind=expansion toolset=contexts.bdd.bdd:Bdd name=generate ok=true summary=tools=
2026-07-20T21:48:48 kind=action toolset=contexts.bdd.bdd:Bdd name=generate ok=true summary=plan=CDD explore ? Story Demo BDD from story…,slug=story-demo
2026-07-20T21:51:27 kind=expansion toolset=contexts.ux.ux:Ux name=generate ok=true summary=tools=
2026-07-20T21:51:27 kind=action toolset=contexts.ux.ux:Ux name=generate ok=false summary=plan=Wire StoryDemoPage into play-core-mecha…,slug=story-demo error=missing argument 'SCOPE' for placeholder {{SCOPE}}
2026-07-20T22:17:54 kind=expansion toolset=contexts.ux.ux:Ux name=generate ok=true summary=tools=
2026-07-20T22:17:54 kind=action toolset=contexts.ux.ux:Ux name=generate ok=false summary=plan=Integrate StoryDemoControl into ux_mode…,slug=story-demo-model error=missing argument 'SCOPE' for placeholder {{SCOPE}}
2026-07-21T01:38:29 kind=expansion toolset=contexts.stories.stories:Stories name=generate ok=true summary=tools=
2026-07-21T01:38:29 kind=action toolset=contexts.stories.stories:Stories name=generate ok=true summary=plan=Tiny Story Demo example ? one Manage Cu…,slug=story-demo-example
2026-07-21T01:44:05 kind=expansion toolset=contexts.stories.stories:Stories name=generate ok=true summary=tools=
2026-07-21T01:44:05 kind=action toolset=contexts.stories.stories:Stories name=generate ok=false summary= error=missing argument 'slug' for placeholder {{slug}}
2026-07-21T01:44:22 kind=expansion toolset=contexts.stories.stories:Stories name=generate ok=true summary=tools=
2026-07-21T01:44:22 kind=action toolset=contexts.stories.stories:Stories name=generate ok=true summary=slug=manage-customer-orders
