[2026-09-29 19:20:59] This is codeql execute queries -J-Xmx1800M --off-heap-ram=1299 --verbosity=warnings --logdir=C:\dev\abd-context-driven-delivery\practices\stories\model\.examples\expected\codeql\log --evaluator-log-level=5 --threads=0 --warnings=show --qlconfig-file=C:\dev\abd-context-driven-delivery\qlconfig.yml --dynamic-join-order-mode=none --output=C:\dev\abd-context-driven-delivery\practices\stories\model\.examples\expected\codeql\results -- C:\dev\abd-context-driven-delivery\practices\stories\model\.examples\expected\codeql\db-javascript C:\dev\abd-context-driven-delivery\practices\clean_engineering\model\codeql\javascript\classes.ql C:\dev\abd-context-driven-delivery\practices\clean_engineering\model\codeql\javascript\operations.ql C:\dev\abd-context-driven-delivery\practices\clean_engineering\model\codeql\javascript\parameters.ql C:\dev\abd-context-driven-delivery\practices\clean_engineering\model\codeql\javascript\properties.ql C:\dev\abd-context-driven-delivery\practices\clean_engineering\model\codeql\javascript\calls.ql
[2026-09-29 19:20:59] Calling plumbing command: codeql resolve queries --qlconfig-file=C:\dev\abd-context-driven-delivery\qlconfig.yml --format=json -- C:\dev\abd-context-driven-delivery\practices\clean_engineering\model\codeql\javascript\classes.ql C:\dev\abd-context-driven-delivery\practices\clean_engineering\model\codeql\javascript\operations.ql C:\dev\abd-context-driven-delivery\practices\clean_engineering\model\codeql\javascript\parameters.ql C:\dev\abd-context-driven-delivery\practices\clean_engineering\model\codeql\javascript\properties.ql C:\dev\abd-context-driven-delivery\practices\clean_engineering\model\codeql\javascript\calls.ql
[2026-09-29 19:21:00] [PROGRESS] resolve queries> Recording pack reference cdd/clean-engineering-graph-query-javascript at C:\dev\abd-context-driven-delivery\practices\clean_engineering\model\codeql\javascript.
[2026-09-29 19:21:00] Plumbing command codeql resolve queries completed:
                      [
                        "C:\\dev\\abd-context-driven-delivery\\practices\\clean_engineering\\model\\codeql\\javascript\\classes.ql",
                        "C:\\dev\\abd-context-driven-delivery\\practices\\clean_engineering\\model\\codeql\\javascript\\operations.ql",
                        "C:\\dev\\abd-context-driven-delivery\\practices\\clean_engineering\\model\\codeql\\javascript\\parameters.ql",
                        "C:\\dev\\abd-context-driven-delivery\\practices\\clean_engineering\\model\\codeql\\javascript\\properties.ql",
                        "C:\\dev\\abd-context-driven-delivery\\practices\\clean_engineering\\model\\codeql\\javascript\\calls.ql"
                      ]
[2026-09-29 19:21:00] Refusing fancy output: Stderr is used for things other than fancy output
[2026-09-29 19:21:00] Creating executor with 12 threads.
[2026-09-29 19:21:01] [PROGRESS] execute queries> Resolving data extensions.
[2026-09-29 19:21:01] Calling plumbing command: codeql resolve extensions --qlconfig-file=C:\dev\abd-context-driven-delivery\qlconfig.yml --include-extension-row-locations C:\dev\abd-context-driven-delivery\practices\clean_engineering\model\codeql\javascript\classes.ql C:\dev\abd-context-driven-delivery\practices\clean_engineering\model\codeql\javascript\operations.ql C:\dev\abd-context-driven-delivery\practices\clean_engineering\model\codeql\javascript\parameters.ql C:\dev\abd-context-driven-delivery\practices\clean_engineering\model\codeql\javascript\properties.ql C:\dev\abd-context-driven-delivery\practices\clean_engineering\model\codeql\javascript\calls.ql
[2026-09-29 19:21:01] Calling plumbing command: codeql resolve queries --qlconfig-file=C:\dev\abd-context-driven-delivery\qlconfig.yml --allow-library-packs --format startingpacks -- C:\dev\abd-context-driven-delivery\practices\clean_engineering\model\codeql\javascript\classes.ql C:\dev\abd-context-driven-delivery\practices\clean_engineering\model\codeql\javascript\operations.ql C:\dev\abd-context-driven-delivery\practices\clean_engineering\model\codeql\javascript\parameters.ql C:\dev\abd-context-driven-delivery\practices\clean_engineering\model\codeql\javascript\properties.ql C:\dev\abd-context-driven-delivery\practices\clean_engineering\model\codeql\javascript\calls.ql
[2026-09-29 19:21:01] [PROGRESS] resolve queries> Recording pack reference cdd/clean-engineering-graph-query-javascript at C:\dev\abd-context-driven-delivery\practices\clean_engineering\model\codeql\javascript.
[2026-09-29 19:21:01] Plumbing command codeql resolve queries completed:
                      [
                        "C:\\dev\\abd-context-driven-delivery\\practices\\clean_engineering\\model\\codeql\\javascript"
                      ]
[2026-09-29 19:21:01] Calling plumbing command: codeql resolve extensions-by-pack --qlconfig-file=C:\dev\abd-context-driven-delivery\qlconfig.yml --include-extension-row-locations -- C:\dev\abd-context-driven-delivery\practices\clean_engineering\model\codeql\javascript
[2026-09-29 19:21:01] [SPAMMY] resolve extensions-by-pack> [INCOMPATIBILITY] cdd/clean-engineering-graph-query-javascript: not 0.0.1 {root: cdd/clean-engineering-graph-query-javascript@0.0.1}
[2026-09-29 19:21:01] [SPAMMY] resolve extensions-by-pack> [DERIVATION] cdd/clean-engineering-graph-query-javascript: 0.0.1 {cdd/clean-engineering-graph-query-javascript: not 0.0.1 {root: cdd/clean-engineering-graph-query-javascript@0.0.1}}
[2026-09-29 19:21:01] [SPAMMY] resolve extensions-by-pack> [INCOMPATIBILITY] cdd/clean-engineering-graph-query-javascript: * [*], codeql/javascript-all: not * {dependency: cdd/clean-engineering-graph-query-javascript@* [*] requires codeql/javascript-all@*}
[2026-09-29 19:21:01] [SPAMMY] resolve extensions-by-pack> [DECISION 1] cdd/clean-engineering-graph-query-javascript: 0.0.1
[2026-09-29 19:21:01] [SPAMMY] resolve extensions-by-pack> [DERIVATION] codeql/javascript-all: * {cdd/clean-engineering-graph-query-javascript: * [*], codeql/javascript-all: not * {dependency: cdd/clean-engineering-graph-query-javascript@* [*] requires codeql/javascript-all@*}}
[2026-09-29 19:21:01] [SPAMMY] resolve extensions-by-pack> [INCOMPATIBILITY] codeql/javascript-all: * [*] {pack not found: codeql/javascript-all}
[2026-09-29 19:21:01] [SPAMMY] resolve extensions-by-pack> [CONFLICT] codeql/javascript-all: * [*] {pack not found: codeql/javascript-all}
[2026-09-29 19:21:01] [SPAMMY] resolve extensions-by-pack>   [CONSTRAINT] cdd/clean-engineering-graph-query-javascript: 0.0.1
[2026-09-29 19:21:01] [SPAMMY] resolve extensions-by-pack>   [CONSTRAINT] codeql/javascript-all: *
[2026-09-29 19:21:01] [SPAMMY] resolve extensions-by-pack>   [SATISFIER] derivation: codeql/javascript-all: *
[2026-09-29 19:21:01] [SPAMMY] resolve extensions-by-pack>   [ALMOST_SATISFIER] <none>
[2026-09-29 19:21:01] [SPAMMY] resolve extensions-by-pack> [INCOMPATIBILITY] cdd/clean-engineering-graph-query-javascript: * [*] {conflict}
[2026-09-29 19:21:01] [SPAMMY] resolve extensions-by-pack> [FAILURE]
[2026-09-29 19:21:01] [SPAMMY] resolve extensions-by-pack>   Because 'cdd/clean-engineering-graph-query-javascript' depends on 'codeql/javascript-all@*', but pack 'codeql/javascript-all' was not found, version solving failed.
[2026-09-29 19:21:01] [ERROR] resolve extensions-by-pack> ERROR: Referenced pack 'codeql/javascript-all' was not found locally, and no lock file is present for 'cdd/clean-engineering-graph-query-javascript'. Run 'codeql pack install' to create the lock file and download the dependencies. (C:\dev\abd-context-driven-delivery\practices\clean_engineering\model\codeql\javascript\qlpack.yml:1,1-1)
[2026-09-29 19:21:01] [ERROR] resolve extensions-by-pack> ERROR: No valid pack solution found:
                              Because 'cdd/clean-engineering-graph-query-javascript' depends on 'codeql/javascript-all@*', but pack 'codeql/javascript-all' was not found, version solving failed.
                               (C:\dev\abd-context-driven-delivery\practices\clean_engineering\model\codeql\javascript\qlpack.yml:1,1-1)
[2026-09-29 19:21:01] Sequence stamp origin is -5862784715247960011
[2026-09-29 19:21:01] Pausing evaluation to close the cache at sequence stamp o+0
[2026-09-29 19:21:01] The disk cache is freshly trimmed; leave it be.
[2026-09-29 19:21:01] Unpausing evaluation
[2026-09-29 19:21:01] This NaiveBuddyAllocator requested 0 eviction rounds.
[2026-09-29 19:21:01] Exception caught at top level: A 'codeql resolve extensions-by-pack' operation failed with error code 2
                      com.semmle.cli2.picocli.PlumbingRunner.call(PlumbingRunner.java:75)
                      com.semmle.cli2.picocli.SubcommandCommon.callPlumbingInProcess(SubcommandCommon.java:171)
                      com.semmle.cli2.resolve.ResolveExtensionsCommand.executeJSON(ResolveExtensionsCommand.java:59)
                      com.semmle.cli2.resolve.ResolveExtensionsCommand.executeJSON(ResolveExtensionsCommand.java:18)
                      com.semmle.cli2.picocli.SimpleJsonSubcommand.executeInsistingOnJSONWithExistingMessages(SimpleJsonSubcommand.java:121)
                      com.semmle.cli2.picocli.SubcommandCommon.withCompilationMessages(SubcommandCommon.java:450)
                      com.semmle.cli2.picocli.SimpleJsonSubcommand.executeInsistingOnJSON(SimpleJsonSubcommand.java:110)
                      com.semmle.cli2.picocli.PlumbingRunner.call(PlumbingRunner.java:61)
                      com.semmle.cli2.picocli.SubcommandCommon.callPlumbingInProcess(SubcommandCommon.java:171)
                      com.semmle.cli2.execute.ExecuteQueriesCommand.resolveExtensions(ExecuteQueriesCommand.java:946)
                      com.semmle.cli2.execute.ExecuteQueriesCommand.executeSubcommand(ExecuteQueriesCommand.java:501)
                      com.semmle.cli2.picocli.SubcommandCommon.lambda$executeSubcommandWithMessages$5(SubcommandCommon.java:893)
                      com.semmle.cli2.picocli.SubcommandCommon.withCompilationMessages(SubcommandCommon.java:450)
                      com.semmle.cli2.picocli.SubcommandCommon.executeSubcommandWithMessages(SubcommandCommon.java:891)
                      com.semmle.cli2.picocli.SubcommandCommon.toplevelMain(SubcommandCommon.java:784)
                      com.semmle.cli2.picocli.SubcommandCommon.call(SubcommandCommon.java:763)
                      com.semmle.cli2.picocli.SubcommandMaker.runMain(SubcommandMaker.java:238)
                      com.semmle.cli2.picocli.SubcommandMaker.runMain(SubcommandMaker.java:259)
                      com.semmle.cli2.CodeQL.main(CodeQL.java:113)
[2026-09-29 19:21:01] [SPAMMY] execute queries> Failed to write 1 diagnostics for execute queries since this subcommand could not determine its diagnostic directory.
