[2026-10-05 15:17:53] This is codeql database index-files --include-extension=.yaml --include-extension=.yml --also-match-lgtm-index-filters --size-limit=5m --language yaml -- C:\dev\abd-context-driven-delivery\practices\ddd\model\python\codeql\.examples\.codeql\ddd\python-master
[2026-10-05 15:17:53] Log file was started late.
[2026-10-05 15:17:53] Using index-files script C:\Users\jeffa\AppData\Local\Programs\CodeQL\codeql\yaml\tools\index-files.cmd.
[2026-10-05 15:17:53] [PROGRESS] database index-files> Scanning for files in C:\dev\abd-context-driven-delivery\practices\ddd\model\python\codeql\.examples...
[2026-10-05 15:17:53] Calling plumbing command: codeql resolve files --include-extension=.yaml --include-extension=.yml --also-match-lgtm-index-filters --size-limit=5m C:\dev\abd-context-driven-delivery\practices\ddd\model\python\codeql\.examples --format=json
[2026-10-05 15:17:53] [PROGRESS] resolve files> Scanning C:\dev\abd-context-driven-delivery\practices\ddd\model\python\codeql\.examples...
[2026-10-05 15:17:53] [PROGRESS] resolve files> Scanning C:\dev\abd-context-driven-delivery\practices\ddd\model\python\codeql\.examples\.codeql...
[2026-10-05 15:17:53] [PROGRESS] resolve files> Scanning C:\dev\abd-context-driven-delivery\practices\ddd\model\python\codeql\.examples\.codeql\ddd...
[2026-10-05 15:17:53] [PROGRESS] resolve files> Scanning C:\dev\abd-context-driven-delivery\practices\ddd\model\python\codeql\.examples\.codeql\ddd\python-master...
[2026-10-05 15:17:53] [PROGRESS] resolve files> Scanning C:\dev\abd-context-driven-delivery\practices\ddd\model\python\codeql\.examples\.codeql\ddd\python-master\diagnostic...
[2026-10-05 15:17:53] [PROGRESS] resolve files> Scanning C:\dev\abd-context-driven-delivery\practices\ddd\model\python\codeql\.examples\.codeql\ddd\python-master\diagnostic\extractors...
[2026-10-05 15:17:53] [PROGRESS] resolve files> Scanning C:\dev\abd-context-driven-delivery\practices\ddd\model\python\codeql\.examples\.codeql\ddd\python-master\diagnostic\extractors\python...
[2026-10-05 15:17:53] [PROGRESS] resolve files> Scanning C:\dev\abd-context-driven-delivery\practices\ddd\model\python\codeql\.examples\.codeql\ddd\python-master\diagnostic\tracer...
[2026-10-05 15:17:53] [PROGRESS] resolve files> Scanning C:\dev\abd-context-driven-delivery\practices\ddd\model\python\codeql\.examples\.codeql\ddd\python-master\log...
[2026-10-05 15:17:53] [PROGRESS] resolve files> Scanning C:\dev\abd-context-driven-delivery\practices\ddd\model\python\codeql\.examples\.codeql\ddd\python-master\src...
[2026-10-05 15:17:53] [PROGRESS] resolve files> Scanning C:\dev\abd-context-driven-delivery\practices\ddd\model\python\codeql\.examples\.codeql\ddd\python-master\src\C_...
[2026-10-05 15:17:53] [PROGRESS] resolve files> Scanning C:\dev\abd-context-driven-delivery\practices\ddd\model\python\codeql\.examples\.codeql\ddd\python-master\src\C_\dev...
[2026-10-05 15:17:53] [PROGRESS] resolve files> Scanning C:\dev\abd-context-driven-delivery\practices\ddd\model\python\codeql\.examples\.codeql\ddd\python-master\src\C_\dev\abd-context-driven-delivery...
[2026-10-05 15:17:53] [PROGRESS] resolve files> Scanning C:\dev\abd-context-driven-delivery\practices\ddd\model\python\codeql\.examples\.codeql\ddd\python-master\src\C_\dev\abd-context-driven-delivery\practices...
[2026-10-05 15:17:53] [PROGRESS] resolve files> Scanning C:\dev\abd-context-driven-delivery\practices\ddd\model\python\codeql\.examples\.codeql\ddd\python-master\src\C_\dev\abd-context-driven-delivery\practices\ddd...
[2026-10-05 15:17:53] [PROGRESS] resolve files> Scanning C:\dev\abd-context-driven-delivery\practices\ddd\model\python\codeql\.examples\.codeql\ddd\python-master\src\C_\dev\abd-context-driven-delivery\practices\ddd\model...
[2026-10-05 15:17:53] [PROGRESS] resolve files> Scanning C:\dev\abd-context-driven-delivery\practices\ddd\model\python\codeql\.examples\.codeql\ddd\python-master\src\C_\dev\abd-context-driven-delivery\practices\ddd\model\python...
[2026-10-05 15:17:53] [PROGRESS] resolve files> Scanning C:\dev\abd-context-driven-delivery\practices\ddd\model\python\codeql\.examples\.codeql\ddd\python-master\src\C_\dev\abd-context-driven-delivery\practices\ddd\model\python\codeql...
[2026-10-05 15:17:53] [PROGRESS] resolve files> Scanning C:\dev\abd-context-driven-delivery\practices\ddd\model\python\codeql\.examples\.codeql\ddd\python-master\src\C_\dev\abd-context-driven-delivery\practices\ddd\model\python\codeql\.examples...
[2026-10-05 15:17:53] [PROGRESS] resolve files> Scanning C:\dev\abd-context-driven-delivery\practices\ddd\model\python\codeql\.examples\.codeql\ddd\python-master\src\C_\dev\abd-context-driven-delivery\practices\ddd\model\python\codeql\.examples\building-blocks-fidelity-requires-tactical-stereotype...
[2026-10-05 15:17:53] [PROGRESS] resolve files> Scanning C:\dev\abd-context-driven-delivery\practices\ddd\model\python\codeql\.examples\.codeql\ddd\python-master\src\C_\dev\abd-context-driven-delivery\practices\ddd\model\python\codeql\.examples\building-blocks-fidelity-requires-tactical-stereotype\faulty...
[2026-10-05 15:17:53] [PROGRESS] resolve files> Scanning C:\dev\abd-context-driven-delivery\practices\ddd\model\python\codeql\.examples\.codeql\ddd\python-master\src\C_\dev\abd-context-driven-delivery\practices\ddd\model\python\codeql\.examples\building-blocks-fidelity-requires-tactical-stereotype\repaired...
[2026-10-05 15:17:53] [PROGRESS] resolve files> Scanning C:\dev\abd-context-driven-delivery\practices\ddd\model\python\codeql\.examples\.codeql\ddd\python-master\src\C_\dev\abd-context-driven-delivery\practices\ddd\model\python\codeql\.examples\domain-concepts-not-technical-names...
[2026-10-05 15:17:53] [PROGRESS] resolve files> Scanning C:\dev\abd-context-driven-delivery\practices\ddd\model\python\codeql\.examples\.codeql\ddd\python-master\src\C_\dev\abd-context-driven-delivery\practices\ddd\model\python\codeql\.examples\domain-concepts-not-technical-names\faulty...
[2026-10-05 15:17:53] [PROGRESS] resolve files> Scanning C:\dev\abd-context-driven-delivery\practices\ddd\model\python\codeql\.examples\.codeql\ddd\python-master\src\C_\dev\abd-context-driven-delivery\practices\ddd\model\python\codeql\.examples\domain-concepts-not-technical-names\repaired...
[2026-10-05 15:17:53] [PROGRESS] resolve files> Scanning C:\dev\abd-context-driven-delivery\practices\ddd\model\python\codeql\.examples\.codeql\ddd\python-master\src\C_\dev\abd-context-driven-delivery\practices\ddd\model\python\codeql\.examples\flaccid-data-object-no-behavior...
[2026-10-05 15:17:53] [PROGRESS] resolve files> Scanning C:\dev\abd-context-driven-delivery\practices\ddd\model\python\codeql\.examples\.codeql\ddd\python-master\src\C_\dev\abd-context-driven-delivery\practices\ddd\model\python\codeql\.examples\flaccid-data-object-no-behavior\faulty...
[2026-10-05 15:17:53] [PROGRESS] resolve files> Scanning C:\dev\abd-context-driven-delivery\practices\ddd\model\python\codeql\.examples\.codeql\ddd\python-master\src\C_\dev\abd-context-driven-delivery\practices\ddd\model\python\codeql\.examples\flaccid-data-object-no-behavior\repaired...
[2026-10-05 15:17:53] [PROGRESS] resolve files> Scanning C:\dev\abd-context-driven-delivery\practices\ddd\model\python\codeql\.examples\.codeql\ddd\python-master\src\C_\dev\abd-context-driven-delivery\practices\ddd\model\python\codeql\.examples\legacy-asset...
[2026-10-05 15:17:53] [PROGRESS] resolve files> Scanning C:\dev\abd-context-driven-delivery\practices\ddd\model\python\codeql\.examples\.codeql\ddd\python-master\src\C_\dev\abd-context-driven-delivery\practices\ddd\model\python\codeql\.examples\load-with-identity-in-hand...
[2026-10-05 15:17:53] [PROGRESS] resolve files> Scanning C:\dev\abd-context-driven-delivery\practices\ddd\model\python\codeql\.examples\.codeql\ddd\python-master\src\C_\dev\abd-context-driven-delivery\practices\ddd\model\python\codeql\.examples\load-with-identity-in-hand\faulty...
[2026-10-05 15:17:53] [PROGRESS] resolve files> Scanning C:\dev\abd-context-driven-delivery\practices\ddd\model\python\codeql\.examples\.codeql\ddd\python-master\src\C_\dev\abd-context-driven-delivery\practices\ddd\model\python\codeql\.examples\load-with-identity-in-hand\repaired...
[2026-10-05 15:17:53] [PROGRESS] resolve files> Scanning C:\dev\abd-context-driven-delivery\practices\ddd\model\python\codeql\.examples\.codeql\ddd\python-master\src\C_\dev\abd-context-driven-delivery\practices\ddd\model\python\codeql\.examples\no-orphaned-objects...
[2026-10-05 15:17:53] [PROGRESS] resolve files> Scanning C:\dev\abd-context-driven-delivery\practices\ddd\model\python\codeql\.examples\.codeql\ddd\python-master\src\C_\dev\abd-context-driven-delivery\practices\ddd\model\python\codeql\.examples\no-orphaned-objects\faulty...
[2026-10-05 15:17:53] [PROGRESS] resolve files> Scanning C:\dev\abd-context-driven-delivery\practices\ddd\model\python\codeql\.examples\.codeql\ddd\python-master\src\C_\dev\abd-context-driven-delivery\practices\ddd\model\python\codeql\.examples\no-orphaned-objects\repaired...
[2026-10-05 15:17:53] [PROGRESS] resolve files> Scanning C:\dev\abd-context-driven-delivery\practices\ddd\model\python\codeql\.examples\.codeql\ddd\python-master\src\C_\dev\abd-context-driven-delivery\practices\ddd\model\python\codeql\.examples\private-method-naming...
[2026-10-05 15:17:53] [PROGRESS] resolve files> Scanning C:\dev\abd-context-driven-delivery\practices\ddd\model\python\codeql\.examples\.codeql\ddd\python-master\src\C_\dev\abd-context-driven-delivery\practices\ddd\model\python\codeql\.examples\private-method-naming\faulty...
[2026-10-05 15:17:53] [PROGRESS] resolve files> Scanning C:\dev\abd-context-driven-delivery\practices\ddd\model\python\codeql\.examples\.codeql\ddd\python-master\src\C_\dev\abd-context-driven-delivery\practices\ddd\model\python\codeql\.examples\private-method-naming\repaired...
[2026-10-05 15:17:53] [PROGRESS] resolve files> Scanning C:\dev\abd-context-driven-delivery\practices\ddd\model\python\codeql\.examples\.codeql\ddd\python-master\src\C_\dev\abd-context-driven-delivery\practices\ddd\model\python\codeql\.examples\repository-is-collection-lifecycle...
[2026-10-05 15:17:53] [PROGRESS] resolve files> Scanning C:\dev\abd-context-driven-delivery\practices\ddd\model\python\codeql\.examples\.codeql\ddd\python-master\src\C_\dev\abd-context-driven-delivery\practices\ddd\model\python\codeql\.examples\repository-is-collection-lifecycle\faulty...
[2026-10-05 15:17:53] [PROGRESS] resolve files> Scanning C:\dev\abd-context-driven-delivery\practices\ddd\model\python\codeql\.examples\.codeql\ddd\python-master\src\C_\dev\abd-context-driven-delivery\practices\ddd\model\python\codeql\.examples\repository-is-collection-lifecycle\repaired...
[2026-10-05 15:17:53] [PROGRESS] resolve files> Scanning C:\dev\abd-context-driven-delivery\practices\ddd\model\python\codeql\.examples\.codeql\ddd\python-master\src\C_\dev\abd-context-driven-delivery\practices\ddd\model\python\codeql\.examples\screen-interface-not-a-domain-object...
[2026-10-05 15:17:53] [PROGRESS] resolve files> Scanning C:\dev\abd-context-driven-delivery\practices\ddd\model\python\codeql\.examples\.codeql\ddd\python-master\src\C_\dev\abd-context-driven-delivery\practices\ddd\model\python\codeql\.examples\screen-interface-not-a-domain-object\faulty...
[2026-10-05 15:17:53] [PROGRESS] resolve files> Scanning C:\dev\abd-context-driven-delivery\practices\ddd\model\python\codeql\.examples\.codeql\ddd\python-master\src\C_\dev\abd-context-driven-delivery\practices\ddd\model\python\codeql\.examples\screen-interface-not-a-domain-object\repaired...
[2026-10-05 15:17:53] [PROGRESS] resolve files> Scanning C:\dev\abd-context-driven-delivery\practices\ddd\model\python\codeql\.examples\.codeql\ddd\python-master\src\C_\dev\abd-context-driven-delivery\practices\ddd\model\python\codeql\.examples\service-is-homeless...
[2026-10-05 15:17:53] [PROGRESS] resolve files> Scanning C:\dev\abd-context-driven-delivery\practices\ddd\model\python\codeql\.examples\.codeql\ddd\python-master\src\C_\dev\abd-context-driven-delivery\practices\ddd\model\python\codeql\.examples\service-is-homeless\faulty...
[2026-10-05 15:17:53] [PROGRESS] resolve files> Scanning C:\dev\abd-context-driven-delivery\practices\ddd\model\python\codeql\.examples\.codeql\ddd\python-master\src\C_\dev\abd-context-driven-delivery\practices\ddd\model\python\codeql\.examples\service-is-homeless\repaired...
[2026-10-05 15:17:53] [PROGRESS] resolve files> Scanning C:\dev\abd-context-driven-delivery\practices\ddd\model\python\codeql\.examples\.codeql\ddd\python-master\trap...
[2026-10-05 15:17:53] [PROGRESS] resolve files> Scanning C:\dev\abd-context-driven-delivery\practices\ddd\model\python\codeql\.examples\.codeql\ddd\python-master\trap\python...
[2026-10-05 15:17:53] [PROGRESS] resolve files> Scanning C:\dev\abd-context-driven-delivery\practices\ddd\model\python\codeql\.examples\.codeql\ddd\python-master\working...
[2026-10-05 15:17:53] [PROGRESS] resolve files> Scanning C:\dev\abd-context-driven-delivery\practices\ddd\model\python\codeql\.examples\.codeql\ddd\python-master\working\trap_cache...
[2026-10-05 15:17:53] [PROGRESS] resolve files> Scanning C:\dev\abd-context-driven-delivery\practices\ddd\model\python\codeql\.examples\.codeql\ddd\python-master\working\trap_cache\1...
[2026-10-05 15:17:53] [PROGRESS] resolve files> Scanning C:\dev\abd-context-driven-delivery\practices\ddd\model\python\codeql\.examples\building-blocks-fidelity-requires-tactical-stereotype...
[2026-10-05 15:17:53] [PROGRESS] resolve files> Scanning C:\dev\abd-context-driven-delivery\practices\ddd\model\python\codeql\.examples\building-blocks-fidelity-requires-tactical-stereotype\faulty...
[2026-10-05 15:17:53] [PROGRESS] resolve files> Scanning C:\dev\abd-context-driven-delivery\practices\ddd\model\python\codeql\.examples\building-blocks-fidelity-requires-tactical-stereotype\repaired...
[2026-10-05 15:17:53] [PROGRESS] resolve files> Scanning C:\dev\abd-context-driven-delivery\practices\ddd\model\python\codeql\.examples\domain-concepts-not-technical-names...
[2026-10-05 15:17:53] [PROGRESS] resolve files> Scanning C:\dev\abd-context-driven-delivery\practices\ddd\model\python\codeql\.examples\domain-concepts-not-technical-names\faulty...
[2026-10-05 15:17:53] [PROGRESS] resolve files> Scanning C:\dev\abd-context-driven-delivery\practices\ddd\model\python\codeql\.examples\domain-concepts-not-technical-names\repaired...
[2026-10-05 15:17:53] [PROGRESS] resolve files> Scanning C:\dev\abd-context-driven-delivery\practices\ddd\model\python\codeql\.examples\flaccid-data-object-no-behavior...
[2026-10-05 15:17:53] [PROGRESS] resolve files> Scanning C:\dev\abd-context-driven-delivery\practices\ddd\model\python\codeql\.examples\flaccid-data-object-no-behavior\faulty...
[2026-10-05 15:17:53] [PROGRESS] resolve files> Scanning C:\dev\abd-context-driven-delivery\practices\ddd\model\python\codeql\.examples\flaccid-data-object-no-behavior\repaired...
[2026-10-05 15:17:53] [PROGRESS] resolve files> Scanning C:\dev\abd-context-driven-delivery\practices\ddd\model\python\codeql\.examples\legacy-asset...
[2026-10-05 15:17:53] [PROGRESS] resolve files> Scanning C:\dev\abd-context-driven-delivery\practices\ddd\model\python\codeql\.examples\load-with-identity-in-hand...
[2026-10-05 15:17:53] [PROGRESS] resolve files> Scanning C:\dev\abd-context-driven-delivery\practices\ddd\model\python\codeql\.examples\load-with-identity-in-hand\faulty...
[2026-10-05 15:17:53] [PROGRESS] resolve files> Scanning C:\dev\abd-context-driven-delivery\practices\ddd\model\python\codeql\.examples\load-with-identity-in-hand\repaired...
[2026-10-05 15:17:53] [PROGRESS] resolve files> Scanning C:\dev\abd-context-driven-delivery\practices\ddd\model\python\codeql\.examples\no-orphaned-objects...
[2026-10-05 15:17:53] [PROGRESS] resolve files> Scanning C:\dev\abd-context-driven-delivery\practices\ddd\model\python\codeql\.examples\no-orphaned-objects\faulty...
[2026-10-05 15:17:53] [PROGRESS] resolve files> Scanning C:\dev\abd-context-driven-delivery\practices\ddd\model\python\codeql\.examples\no-orphaned-objects\repaired...
[2026-10-05 15:17:53] [PROGRESS] resolve files> Scanning C:\dev\abd-context-driven-delivery\practices\ddd\model\python\codeql\.examples\private-method-naming...
[2026-10-05 15:17:53] [PROGRESS] resolve files> Scanning C:\dev\abd-context-driven-delivery\practices\ddd\model\python\codeql\.examples\private-method-naming\faulty...
[2026-10-05 15:17:53] [PROGRESS] resolve files> Scanning C:\dev\abd-context-driven-delivery\practices\ddd\model\python\codeql\.examples\private-method-naming\repaired...
[2026-10-05 15:17:53] [PROGRESS] resolve files> Scanning C:\dev\abd-context-driven-delivery\practices\ddd\model\python\codeql\.examples\repository-is-collection-lifecycle...
[2026-10-05 15:17:53] [PROGRESS] resolve files> Scanning C:\dev\abd-context-driven-delivery\practices\ddd\model\python\codeql\.examples\repository-is-collection-lifecycle\faulty...
[2026-10-05 15:17:53] [PROGRESS] resolve files> Scanning C:\dev\abd-context-driven-delivery\practices\ddd\model\python\codeql\.examples\repository-is-collection-lifecycle\repaired...
[2026-10-05 15:17:53] [PROGRESS] resolve files> Scanning C:\dev\abd-context-driven-delivery\practices\ddd\model\python\codeql\.examples\screen-interface-not-a-domain-object...
[2026-10-05 15:17:53] [PROGRESS] resolve files> Scanning C:\dev\abd-context-driven-delivery\practices\ddd\model\python\codeql\.examples\screen-interface-not-a-domain-object\faulty...
[2026-10-05 15:17:53] [PROGRESS] resolve files> Scanning C:\dev\abd-context-driven-delivery\practices\ddd\model\python\codeql\.examples\screen-interface-not-a-domain-object\repaired...
[2026-10-05 15:17:53] [PROGRESS] resolve files> Scanning C:\dev\abd-context-driven-delivery\practices\ddd\model\python\codeql\.examples\service-is-homeless...
[2026-10-05 15:17:53] [PROGRESS] resolve files> Scanning C:\dev\abd-context-driven-delivery\practices\ddd\model\python\codeql\.examples\service-is-homeless\faulty...
[2026-10-05 15:17:53] [PROGRESS] resolve files> Scanning C:\dev\abd-context-driven-delivery\practices\ddd\model\python\codeql\.examples\service-is-homeless\repaired...
[2026-10-05 15:17:53] Plumbing command codeql resolve files completed:
                      [
                        "C:\\dev\\abd-context-driven-delivery\\practices\\ddd\\model\\python\\codeql\\.examples\\.codeql\\ddd\\python-master\\codeql-database.yml"
                      ]
[2026-10-05 15:17:53] [DETAILS] database index-files> Found 1 files.
[2026-10-05 15:17:54] [PROGRESS] database index-files> C:\dev\abd-context-driven-delivery\practices\ddd\model\python\codeql\.examples\.codeql\ddd\python-master: Indexing files in in C:\dev\abd-context-driven-delivery\practices\ddd\model\python\codeql\.examples...
[2026-10-05 15:17:54] Using index-files script C:\Users\jeffa\AppData\Local\Programs\CodeQL\codeql\yaml\tools\index-files.cmd.
[2026-10-05 15:17:54] [PROGRESS] database index-files> Running command in C:\dev\abd-context-driven-delivery\practices\ddd\model\python\codeql\.examples: [C:\Users\jeffa\AppData\Local\Programs\CodeQL\codeql\yaml\tools\index-files.cmd, C:\dev\abd-context-driven-delivery\practices\ddd\model\python\codeql\.examples\.codeql\ddd\python-master\working\files-to-index7868845643114881389.list]
[2026-10-05 15:17:54] Terminating normally.
