[2026-10-05 15:52:16] This is codeql database create C:\dev\abd-context-driven-delivery\practices\ddd\model\python\codeql\.examples\.codeql\ddd\python-master --language=python --source-root=C:\dev\abd-context-driven-delivery\practices\ddd\model\python\codeql\.examples --overwrite
[2026-10-05 15:52:16] Log file was started late.
[2026-10-05 15:52:16] [PROGRESS] database create> Initializing database at C:\dev\abd-context-driven-delivery\practices\ddd\model\python\codeql\.examples\.codeql\ddd\python-master.
[2026-10-05 15:52:16] Running plumbing command: codeql database init --overwrite --language=python --extractor-options-verbosity=1 --qlconfig-file=C:\dev\abd-context-driven-delivery\qlconfig.yml --source-root=C:\dev\abd-context-driven-delivery\practices\ddd\model\python\codeql\.examples --allow-missing-source-root=false --allow-already-existing -- C:\dev\abd-context-driven-delivery\practices\ddd\model\python\codeql\.examples\.codeql\ddd\python-master
[2026-10-05 15:52:16] Calling plumbing command: codeql resolve languages --extractor-options-verbosity=1 --format=betterjson
[2026-10-05 15:52:16] [DETAILS] resolve languages> Scanning for [codeql-extractor.yml] from C:\Users\jeffa\AppData\Local\Programs\CodeQL\codeql\.codeqlmanifest.json
[2026-10-05 15:52:16] [DETAILS] resolve languages> Parsing C:\Users\jeffa\AppData\Local\Programs\CodeQL\codeql\actions\codeql-extractor.yml.
[2026-10-05 15:52:16] [DETAILS] resolve languages> Parsing C:\Users\jeffa\AppData\Local\Programs\CodeQL\codeql\cpp\codeql-extractor.yml.
[2026-10-05 15:52:16] [DETAILS] resolve languages> Parsing C:\Users\jeffa\AppData\Local\Programs\CodeQL\codeql\csharp\codeql-extractor.yml.
[2026-10-05 15:52:16] [DETAILS] resolve languages> Parsing C:\Users\jeffa\AppData\Local\Programs\CodeQL\codeql\csv\codeql-extractor.yml.
[2026-10-05 15:52:16] [DETAILS] resolve languages> Parsing C:\Users\jeffa\AppData\Local\Programs\CodeQL\codeql\go\codeql-extractor.yml.
[2026-10-05 15:52:16] [DETAILS] resolve languages> Parsing C:\Users\jeffa\AppData\Local\Programs\CodeQL\codeql\html\codeql-extractor.yml.
[2026-10-05 15:52:16] [DETAILS] resolve languages> Parsing C:\Users\jeffa\AppData\Local\Programs\CodeQL\codeql\java\codeql-extractor.yml.
[2026-10-05 15:52:16] [DETAILS] resolve languages> Parsing C:\Users\jeffa\AppData\Local\Programs\CodeQL\codeql\javascript\codeql-extractor.yml.
[2026-10-05 15:52:16] [DETAILS] resolve languages> Parsing C:\Users\jeffa\AppData\Local\Programs\CodeQL\codeql\properties\codeql-extractor.yml.
[2026-10-05 15:52:16] [DETAILS] resolve languages> Parsing C:\Users\jeffa\AppData\Local\Programs\CodeQL\codeql\python\codeql-extractor.yml.
[2026-10-05 15:52:16] [DETAILS] resolve languages> Parsing C:\Users\jeffa\AppData\Local\Programs\CodeQL\codeql\ruby\codeql-extractor.yml.
[2026-10-05 15:52:16] [DETAILS] resolve languages> Parsing C:\Users\jeffa\AppData\Local\Programs\CodeQL\codeql\rust\codeql-extractor.yml.
[2026-10-05 15:52:16] [DETAILS] resolve languages> Parsing C:\Users\jeffa\AppData\Local\Programs\CodeQL\codeql\swift\codeql-extractor.yml.
[2026-10-05 15:52:16] [DETAILS] resolve languages> Parsing C:\Users\jeffa\AppData\Local\Programs\CodeQL\codeql\xml\codeql-extractor.yml.
[2026-10-05 15:52:16] [DETAILS] resolve languages> Parsing C:\Users\jeffa\AppData\Local\Programs\CodeQL\codeql\yaml\codeql-extractor.yml.
[2026-10-05 15:52:16] Plumbing command codeql resolve languages completed:
                      {
                        "aliases" : {
                          "c" : "cpp",
                          "c++" : "cpp",
                          "c-c++" : "cpp",
                          "c-cpp" : "cpp",
                          "c#" : "csharp",
                          "java-kotlin" : "java",
                          "kotlin" : "java",
                          "javascript-typescript" : "javascript",
                          "typescript" : "javascript"
                        },
                        "extractors" : {
                          "actions" : [
                            {
                              "extractor_root" : "C:\\Users\\jeffa\\AppData\\Local\\Programs\\CodeQL\\codeql\\actions",
                              "extractor_options" : { }
                            }
                          ],
                          "cpp" : [
                            {
                              "extractor_root" : "C:\\Users\\jeffa\\AppData\\Local\\Programs\\CodeQL\\codeql\\cpp",
                              "extractor_options" : {
                                "scale_timeouts" : {
                                  "title" : "Value to scale compiler introspection timeouts with",
                                  "description" : "The extractor attempts to determine what compiler the source code being extracted is compiled with. To this end the extractor makes additional calls to the compiler, some of which are expected to return within a certain fixed time (either 10s or 15s). On some systems that are under high load this time might be too short, and can be scaled up using this option.\n",
                                  "type" : "string",
                                  "pattern" : "[0-9]+"
                                },
                                "log_verbosity" : {
                                  "title" : "Verbosity of the extractor logging",
                                  "description" : "Set the verbosity of the extractor logging to 'quiet' (0), 'normal' (1), 'chatty' (2), or 'noisy' (3). The default is 'normal'.\n",
                                  "type" : "string",
                                  "pattern" : "[0-3]"
                                }
                              }
                            }
                          ],
                          "csharp" : [
                            {
                              "extractor_root" : "C:\\Users\\jeffa\\AppData\\Local\\Programs\\CodeQL\\codeql\\csharp",
                              "extractor_options" : {
                                "trap" : {
                                  "title" : "Options pertaining to TRAP.",
                                  "description" : "Options pertaining to TRAP.",
                                  "type" : "object",
                                  "properties" : {
                                    "compression" : {
                                      "title" : "Controls compression for the TRAP files written by the extractor.",
                                      "description" : "This option is only intended for use in debugging the extractor. Accepted values are 'brotli' (the default, to write brotli-compressed TRAP), 'gzip', and 'none' (to write uncompressed TRAP).\n",
                                      "type" : "string",
                                      "pattern" : "^(none|gzip|brotli)$"
                                    }
                                  }
                                },
                                "buildless" : {
                                  "title" : "DEPRECATED - Whether to use buildless (standalone) extraction.",
                                  "description" : "DEPRECATED: Use `--build-mode none` instead.\nA value indicating, which type of extraction the autobuilder should perform. If 'true', then the standalone extractor will be used, otherwise tracing extraction will be performed. The default is 'false'. Note that buildless extraction will generally yield less accurate analysis results, and should only be used in cases where it is not possible to build the code (for example if it uses inaccessible dependencies).\n",
                                  "type" : "string",
                                  "pattern" : "^(false|true)$"
                                },
                                "logging" : {
                                  "title" : "Options pertaining to logging.",
                                  "description" : "Options pertaining to logging.",
                                  "type" : "object",
                                  "properties" : {
                                    "verbosity" : {
                                      "title" : "Extractor logging verbosity level.",
                                      "description" : "Controls the level of verbosity of the extractor. The supported levels are (in order of increasing verbosity):\n  - off\n  - errors\n  - warnings\n  - info or progress\n  - debug or progress+\n  - trace or progress++\n  - progress+++\n",
                                      "type" : "string",
                                      "pattern" : "^(off|errors|warnings|(info|progress)|(debug|progress\\+)|(trace|progress\\+\\+)|progress\\+\\+\\+)$"
                                    }
                                  }
                                },
                                "binlog" : {
                                  "title" : "Binlog",
                                  "description" : "[EXPERIMENTAL] The value is a path to the MsBuild binary log file that should be extracted. This option only works when `--build-mode none` is also specified.\n",
                                  "type" : "array"
                                },
                                "buildless_dependency_dir" : {
                                  "title" : "The path where buildless (standalone) extraction should keep dependencies.",
                                  "description" : "If set, the buildless (standalone) extractor will store dependencies in this directory.\n",
                                  "type" : "string"
                                }
                              }
                            }
                          ],
                          "csv" : [
                            {
                              "extractor_root" : "C:\\Users\\jeffa\\AppData\\Local\\Programs\\CodeQL\\codeql\\csv"
                            }
                          ],
                          "go" : [
                            {
                              "extractor_root" : "C:\\Users\\jeffa\\AppData\\Local\\Programs\\CodeQL\\codeql\\go",
                              "extractor_options" : {
                                "extract_tests" : {
                                  "title" : "Whether to include Go test files in the CodeQL database.",
                                  "description" : "A value indicating whether Go test files should be included in the CodeQL database. The default is 'false'.\n",
                                  "type" : "string",
                                  "pattern" : "^(false|true)$"
                                },
                                "extract_vendor_dirs" : {
                                  "title" : "Whether to include Go vendor directories in the CodeQL database.",
                                  "description" : "A value indicating whether Go vendor directories should be included in the CodeQL database. The default is 'false'.\n",
                                  "type" : "string",
                                  "pattern" : "^(false|true)$"
                                }
                              }
                            }
                          ],
                          "html" : [
                            {
                              "extractor_root" : "C:\\Users\\jeffa\\AppData\\Local\\Programs\\CodeQL\\codeql\\html"
                            }
                          ],
                          "java" : [
                            {
                              "extractor_root" : "C:\\Users\\jeffa\\AppData\\Local\\Programs\\CodeQL\\codeql\\java",
                              "extractor_options" : {
                                "exclude" : {
                                  "title" : "A glob excluding files from analysis.",
                                  "description" : "A glob indicating what files to exclude from the analysis. This accepts glob patterns that are supported by Java's 'getPathMatcher' implementation.\n",
                                  "type" : "string"
                                },
                                "add_prefer_source" : {
                                  "title" : "Whether to always prefer source files over class files.",
                                  "description" : "A value indicating whether source files should be preferred over class files. If set to 'true', the extraction adds '-Xprefer:source' to the javac command line. If set to 'false', the extraction uses the default javac behavior ('-Xprefer:newer'). The default is 'true'.\n",
                                  "type" : "string",
                                  "pattern" : "^(false|true)$"
                                },
                                "buildless" : {
                                  "title" : "Whether to use buildless (standalone) extraction (experimental).",
                                  "description" : "A value indicating, which type of extraction the autobuilder should perform. If 'true', then the standalone extractor will be used, otherwise tracing extraction will be performed. The default is 'false'. Note that buildless extraction will generally yield less accurate analysis results, and should only be used in cases where it is not possible to build the code (for example if it uses inaccessible dependencies).\n",
                                  "type" : "string",
                                  "pattern" : "^(false|true)$"
                                },
                                "buildless_dependency_dir" : {
                                  "title" : "The path where buildless (standalone) extraction should keep dependencies.",
                                  "description" : "If set, the buildless (standalone) extractor will store dependencies in this directory.\n",
                                  "type" : "string"
                                },
                                "minimize_dependency_jars" : {
                                  "title" : "Whether to rewrite and minimize downloaded JAR dependencies (experimental).",
                                  "description" : "If 'true', JAR dependencies downloaded during extraction will be rewritten to remove unneeded data, such as method bodies. The default is 'false'.\n",
                                  "type" : "string",
                                  "pattern" : "^(false|true)$"
                                }
                              }
                            }
                          ],
                          "javascript" : [
                            {
                              "extractor_root" : "C:\\Users\\jeffa\\AppData\\Local\\Programs\\CodeQL\\codeql\\javascript",
                              "extractor_options" : {
                                "skip_types" : {
                                  "title" : "Skip type extraction for TypeScript",
                                  "description" : "Whether to skip the extraction of types in a TypeScript application",
                                  "type" : "string",
                                  "pattern" : "^(false|true)$"
                                }
                              }
                            }
                          ],
                          "properties" : [
                            {
                              "extractor_root" : "C:\\Users\\jeffa\\AppData\\Local\\Programs\\CodeQL\\codeql\\properties"
                            }
                          ],
                          "python" : [
                            {
                              "extractor_root" : "C:\\Users\\jeffa\\AppData\\Local\\Programs\\CodeQL\\codeql\\python",
                              "extractor_options" : {
                                "logging" : {
                                  "title" : "Options pertaining to logging.",
                                  "description" : "Options pertaining to logging.",
                                  "type" : "object",
                                  "properties" : {
                                    "verbosity" : {
                                      "title" : "Python extractor logging verbosity level.",
                                      "description" : "Controls the level of verbosity of the CodeQL Python extractor.\nThe supported levels are (in order of increasing verbosity):\n\n  - off\n  - errors\n  - warnings\n  - info or progress\n  - debug or progress+\n  - trace or progress++\n  - progress+++\n",
                                      "type" : "string",
                                      "pattern" : "^(off|errors|warnings|(info|progress)|(debug|progress\\+)|(trace|progress\\+\\+)|progress\\+\\+\\+)$"
                                    }
                                  }
                                },
                                "python_executable_name" : {
                                  "title" : "Controls the name of the Python executable used by the Python extractor.",
                                  "description" : "The Python extractor uses platform-dependent heuristics to determine the name of the Python executable to use. Specifying a value for this option overrides the name of the Python executable used by the extractor. Accepted values are py, python and python3. Use this setting with caution, the Python extractor requires Python 3 to run.\n",
                                  "type" : "string",
                                  "pattern" : "^(py|python|python3)$"
                                }
                              }
                            }
                          ],
                          "ruby" : [
                            {
                              "extractor_root" : "C:\\Users\\jeffa\\AppData\\Local\\Programs\\CodeQL\\codeql\\ruby",
                              "extractor_options" : {
                                "trap" : {
                                  "title" : "Options pertaining to TRAP.",
                                  "description" : "Options pertaining to TRAP.",
                                  "type" : "object",
                                  "properties" : {
                                    "compression" : {
                                      "title" : "Controls compression for the TRAP files written by the extractor.",
                                      "description" : "This option is only intended for use in debugging the extractor. Accepted values are 'gzip' (the default, to write gzip-compressed TRAP) 'zstd' (to write Zstandard-compressed TRAP) and 'none' (to write uncompressed TRAP).\n",
                                      "type" : "string",
                                      "pattern" : "^(none|gzip|zstd)$"
                                    }
                                  }
                                }
                              }
                            }
                          ],
                          "rust" : [
                            {
                              "extractor_root" : "C:\\Users\\jeffa\\AppData\\Local\\Programs\\CodeQL\\codeql\\rust",
                              "extractor_options" : {
                                "trap" : {
                                  "title" : "Options pertaining to TRAP.",
                                  "description" : "Options pertaining to TRAP.",
                                  "type" : "object",
                                  "properties" : {
                                    "compression" : {
                                      "title" : "Controls compression for the TRAP files written by the extractor.",
                                      "description" : "This option is only intended for use in debugging the extractor. Accepted values are 'gzip' (to write gzip-compressed TRAP) 'zstd' (the default, to write Zstandard-compressed TRAP) and 'none' (to write uncompressed TRAP).\n",
                                      "type" : "string",
                                      "pattern" : "^(none|gzip|zstd)$"
                                    }
                                  }
                                },
                                "cargo_target_dir" : {
                                  "title" : "Directory to use for cargo output files.",
                                  "description" : "This value is an optional path to use as `CARGO_TARGET_DIR` for the internal cargo commands the extractor uses. Pointing it to a persistent directory may reduce execution time of consecutive extractor runs. By default, a new scratch directory is used for each extraction, while qltests use the test's `target` directory so artifacts can be reused across runs.\n",
                                  "type" : "string"
                                },
                                "cargo_target" : {
                                  "title" : "Target architecture",
                                  "description" : "Target architecture to use for analysis, analogous to `cargo --target`. By default the host architecture is used.\n",
                                  "type" : "string"
                                },
                                "cargo_features" : {
                                  "title" : "Cargo features to turn on",
                                  "description" : "Comma-separated list of features to turn on. By default all features are enabled. If any features are specified, then only those features are enabled. The `default` feature must be explicitly specified if only default features are desired. Can be repeated.\n",
                                  "type" : "array"
                                },
                                "cargo_cfg_overrides" : {
                                  "title" : "Cargo cfg overrides",
                                  "description" : "Comma-separated list of cfg settings to enable, or disable if prefixed with `-`. Can be repeated.\n",
                                  "type" : "array"
                                },
                                "logging" : {
                                  "title" : "Options pertaining to logging.",
                                  "description" : "Options pertaining to logging.",
                                  "type" : "object",
                                  "properties" : {
                                    "verbosity" : {
                                      "title" : "Extractor logging verbosity level.",
                                      "description" : "Controls the level of verbosity of the extractor. The supported levels are (in order of increasing verbosity):\n  - off\n  - errors\n  - warnings\n  - info or progress\n  - debug or progress+\n  - trace or progress++\n  - progress+++\n",
                                      "type" : "string",
                                      "pattern" : "^(off|errors|warnings|(info|progress)|(debug|progress\\+)|(trace|progress\\+\\+)|progress\\+\\+\\+)$"
                                    },
                                    "flamegraph" : {
                                      "title" : "[Experimental] File path for write flame graph log",
                                      "description" : "Collect flame graph data using the `tracing-flame` crate. To render a flame graph or chart, run the `inferno-flamegraph` command. See also: https://crates.io/crates/tracing-flame\n",
                                      "type" : "string"
                                    }
                                  }
                                },
                                "extract_dependencies_as_source" : {
                                  "title" : "Extract dependencies as source code",
                                  "description" : "Extract the full source code of dependencies instead of only extracting signatures.\n",
                                  "type" : "string",
                                  "pattern" : "^(false|true)$"
                                }
                              }
                            }
                          ],
                          "swift" : [
                            {
                              "extractor_root" : "C:\\Users\\jeffa\\AppData\\Local\\Programs\\CodeQL\\codeql\\swift"
                            }
                          ],
                          "xml" : [
                            {
                              "extractor_root" : "C:\\Users\\jeffa\\AppData\\Local\\Programs\\CodeQL\\codeql\\xml"
                            }
                          ],
                          "yaml" : [
                            {
                              "extractor_root" : "C:\\Users\\jeffa\\AppData\\Local\\Programs\\CodeQL\\codeql\\yaml"
                            }
                          ]
                        }
                      }
[2026-10-05 15:52:16] [PROGRESS] database init> Calculating baseline information in C:\dev\abd-context-driven-delivery\practices\ddd\model\python\codeql\.examples
[2026-10-05 15:52:16] [SPAMMY] database init> Ignoring the following directories when processing baseline information: .git, .hg, .svn.
[2026-10-05 15:52:16] [DETAILS] database init> Running command in C:\dev\abd-context-driven-delivery\practices\ddd\model\python\codeql\.examples: C:\Users\jeffa\AppData\Local\Programs\CodeQL\codeql\tools\win64\scc.exe --no-config --by-file --exclude-dir .git,.hg,.svn --format json --no-large --no-min .
[2026-10-05 15:52:16] [SPAMMY] database init> Found 19 baseline files for python.
[2026-10-05 15:52:16] [PROGRESS] database init> Calculated baseline information for languages: python (94ms).
[2026-10-05 15:52:16] [PROGRESS] database init> Resolving extractor python.
[2026-10-05 15:52:16] [DETAILS] database init> Found candidate extractor root for python: C:\Users\jeffa\AppData\Local\Programs\CodeQL\codeql\python.
[2026-10-05 15:52:16] [PROGRESS] database init> Successfully loaded extractor Python (python) from C:\Users\jeffa\AppData\Local\Programs\CodeQL\codeql\python.
[2026-10-05 15:52:16] [PROGRESS] database init> Created skeleton CodeQL database at C:\dev\abd-context-driven-delivery\practices\ddd\model\python\codeql\.examples\.codeql\ddd\python-master. This in-progress database is ready to be populated by an extractor.
[2026-10-05 15:52:16] Plumbing command codeql database init completed.
[2026-10-05 15:52:16] [PROGRESS] database create> Running build command: []
[2026-10-05 15:52:16] Running plumbing command: codeql database trace-command --working-dir=C:\dev\abd-context-driven-delivery\practices\ddd\model\python\codeql\.examples --index-traceless-dbs --no-db-cluster -- C:\dev\abd-context-driven-delivery\practices\ddd\model\python\codeql\.examples\.codeql\ddd\python-master
[2026-10-05 15:52:16] Using autobuild script C:\Users\jeffa\AppData\Local\Programs\CodeQL\codeql\python\tools\autobuild.cmd.
[2026-10-05 15:52:16] [PROGRESS] database trace-command> Running command in C:\dev\abd-context-driven-delivery\practices\ddd\model\python\codeql\.examples: [C:\Users\jeffa\AppData\Local\Programs\CodeQL\codeql\python\tools\autobuild.cmd]
[2026-10-05 15:52:16] [build-stdout] Python 3.14.7
[2026-10-05 15:52:17] [build-stderr] No suitable Python runtime found
[2026-10-05 15:52:17] [build-stderr] Pass --list (-0) to see all detected environments on your machine
[2026-10-05 15:52:17] [build-stderr] or set environment variable PYLAUNCHER_ALLOW_INSTALL to use winget
[2026-10-05 15:52:17] [build-stderr] or open the Microsoft Store to the requested version.
[2026-10-05 15:52:17] [build-stdout] No directories containing root identifiers were found. Returning working directory as root.
[2026-10-05 15:52:17] [build-stdout] Will try to guess Python version, as it was not specified in `lgtm.yml`
[2026-10-05 15:52:17] [build-stdout] Trying to guess Python version based on Trove classifiers in setup.py
[2026-10-05 15:52:17] [build-stdout] Did not find setup.py (expected it to be at C:\dev\abd-context-driven-delivery\practices\ddd\model\python\codeql\.examples\setup.py)
[2026-10-05 15:52:17] [build-stdout] Trying to guess Python version based on travis file
[2026-10-05 15:52:17] [build-stdout] Did not find any travis files (expected them at either ['C:\\dev\\abd-context-driven-delivery\\practices\\ddd\\model\\python\\codeql\\.examples\\.travis.yml', 'C:\\dev\\abd-context-driven-delivery\\practices\\ddd\\model\\python\\codeql\\.examples\\travis.yml'])
[2026-10-05 15:52:17] [build-stdout] Trying to guess Python version based on installed versions
[2026-10-05 15:52:17] [build-stdout] Wanted to run Python 2, but it is not available. Using Python 3 instead
[2026-10-05 15:52:17] [build-stdout] This script is running Python 3, but Python 2 is also available (as 'py -3')
[2026-10-05 15:52:17] [build-stdout] Could not guess Python version, will use default: Python 3
[2026-10-05 15:52:17] [build-stdout] Calling py -3 -S C:\Users\jeffa\AppData\Local\Programs\CodeQL\codeql\python\tools\python_tracer.py --verbosity 3 -z all -c C:\dev\abd-context-driven-delivery\practices\ddd\model\python\codeql\.examples\.codeql\ddd\python-master\working\trap_cache -R C:\dev\abd-context-driven-delivery\practices\ddd\model\python\codeql\.examples
[2026-10-05 15:52:17] [build-stdout] Python 3.14.7
[2026-10-05 15:52:17] [build-stdout] INFO: The Python extractor has recently stopped extracting the standard library by default. If you encounter problems, please let us know by submitting an issue to https://github.com/github/codeql. It is possible to re-enable extraction of the standard library by setting the environment variable CODEQL_EXTRACTOR_PYTHON_EXTRACT_STDLIB.
[2026-10-05 15:52:17] [build-stdout] [INFO] Extraction will use the Python 3 standard library.
[2026-10-05 15:52:17] [build-stdout] [INFO] sys_path is: ['C:\\Users\\jeffa\\AppData\\Local\\Programs\\CodeQL\\codeql\\python\\tools', 'C:\\dev\\abd-context-driven-delivery', 'C:\\dev\\abd-context-driven-delivery\\actions', 'C:\\dev\\abd-context-driven-delivery\\tools', 'C:\\dev\\abd-context-driven-delivery\\practices', 'C:\\dev\\abd-context-driven-delivery\\patterns', 'C:\\Users\\jeffa\\AppData\\Local\\Programs\\Python\\Python314\\python314.zip', 'C:\\Users\\jeffa\\AppData\\Local\\Programs\\Python\\Python314\\DLLs', 'C:\\Users\\jeffa\\AppData\\Local\\Programs\\Python\\Python314\\Lib', 'C:\\Users\\jeffa\\AppData\\Local\\Programs\\Python\\Python314']
[2026-10-05 15:52:17] [build-stdout] [INFO] Python version 3.14.7
[2026-10-05 15:52:17] [build-stdout] [INFO] Python extractor version 7.1.9
[2026-10-05 15:52:18] [build-stdout] [INFO] [1] Extracted folder C:\dev\abd-context-driven-delivery\practices\ddd\model\python\codeql\.examples\building-blocks-fidelity-requires-tactical-stereotype\faulty in 6ms
[2026-10-05 15:52:18] [build-stdout] [INFO] [6] Extracted file C:\dev\abd-context-driven-delivery\practices\ddd\model\python\codeql\.examples\building-blocks-fidelity-requires-tactical-stereotype\faulty\faultyAsset.py in 21ms
[2026-10-05 15:52:18] [build-stdout] [INFO] [1] Extracted file C:\dev\abd-context-driven-delivery\practices\ddd\model\python\codeql\.examples\building-blocks-fidelity-requires-tactical-stereotype\repaired\repairedAsset.py in 14ms
[2026-10-05 15:52:18] [build-stdout] [INFO] [1] Extracted folder C:\dev\abd-context-driven-delivery\practices\ddd\model\python\codeql\.examples\building-blocks-fidelity-requires-tactical-stereotype in 0ms
[2026-10-05 15:52:18] [build-stdout] [INFO] [6] Extracted folder C:\dev\abd-context-driven-delivery\practices\ddd\model\python\codeql\.examples\building-blocks-fidelity-requires-tactical-stereotype\repaired in 2ms
[2026-10-05 15:52:18] [build-stdout] [INFO] [6] Extracted folder C:\dev\abd-context-driven-delivery\practices\ddd\model\python\codeql\.examples\domain-concepts-not-technical-names\faulty in 1ms
[2026-10-05 15:52:18] [build-stdout] [INFO] [1] Extracted file C:\dev\abd-context-driven-delivery\practices\ddd\model\python\codeql\.examples\domain-concepts-not-technical-names\faulty\faultyAsset.py in 10ms
[2026-10-05 15:52:18] [build-stdout] [INFO] [6] Extracted file C:\dev\abd-context-driven-delivery\practices\ddd\model\python\codeql\.examples\domain-concepts-not-technical-names\repaired\repairedAsset.py in 9ms
[2026-10-05 15:52:18] [build-stdout] [INFO] [6] Extracted folder C:\dev\abd-context-driven-delivery\practices\ddd\model\python\codeql\.examples\domain-concepts-not-technical-names in 0ms
[2026-10-05 15:52:18] [build-stdout] [INFO] [1] Extracted folder C:\dev\abd-context-driven-delivery\practices\ddd\model\python\codeql\.examples\domain-concepts-not-technical-names\repaired in 2ms
[2026-10-05 15:52:18] [build-stdout] [INFO] [1] Extracted folder C:\dev\abd-context-driven-delivery\practices\ddd\model\python\codeql\.examples\flaccid-data-object-no-behavior\faulty in 2ms
[2026-10-05 15:52:18] [build-stdout] [INFO] [6] Extracted file C:\dev\abd-context-driven-delivery\practices\ddd\model\python\codeql\.examples\flaccid-data-object-no-behavior\faulty\faultyAsset.py in 10ms
[2026-10-05 15:52:18] [build-stdout] [INFO] [6] Extracted folder C:\dev\abd-context-driven-delivery\practices\ddd\model\python\codeql\.examples\flaccid-data-object-no-behavior\repaired in 1ms
[2026-10-05 15:52:18] [build-stdout] [INFO] [6] Extracted folder C:\dev\abd-context-driven-delivery\practices\ddd\model\python\codeql\.examples\flaccid-data-object-no-behavior in 0ms
[2026-10-05 15:52:18] [build-stdout] [INFO] [8] Extracted folder C:\dev\abd-context-driven-delivery\practices\ddd\model\python\codeql\.examples\legacy-asset in 0ms
[2026-10-05 15:52:18] [build-stdout] [INFO] [8] Extracted folder C:\dev\abd-context-driven-delivery\practices\ddd\model\python\codeql\.examples\load-with-identity-in-hand\faulty in 2ms
[2026-10-05 15:52:18] [build-stdout] [INFO] [1] Extracted file C:\dev\abd-context-driven-delivery\practices\ddd\model\python\codeql\.examples\flaccid-data-object-no-behavior\repaired\repairedAsset.py in 30ms
[2026-10-05 15:52:18] [build-stdout] [INFO] [2] Extracted file C:\dev\abd-context-driven-delivery\practices\ddd\model\python\codeql\.examples\load-with-identity-in-hand\faulty\faultyAsset.py in 13ms
[2026-10-05 15:52:18] [build-stdout] [INFO] [1] Extracted folder C:\dev\abd-context-driven-delivery\practices\ddd\model\python\codeql\.examples\load-with-identity-in-hand\repaired in 1ms
[2026-10-05 15:52:18] [build-stdout] [INFO] [1] Extracted folder C:\dev\abd-context-driven-delivery\practices\ddd\model\python\codeql\.examples\load-with-identity-in-hand in 0ms
[2026-10-05 15:52:18] [build-stdout] [INFO] [6] Extracted file C:\dev\abd-context-driven-delivery\practices\ddd\model\python\codeql\.examples\legacy-asset\faultyAsset.py in 23ms
[2026-10-05 15:52:18] [build-stdout] [INFO] [6] Extracted folder C:\dev\abd-context-driven-delivery\practices\ddd\model\python\codeql\.examples\no-orphaned-objects\faulty in 1ms
[2026-10-05 15:52:18] [build-stdout] [INFO] [6] Extracted folder C:\dev\abd-context-driven-delivery\practices\ddd\model\python\codeql\.examples\no-orphaned-objects\repaired in 1ms
[2026-10-05 15:52:18] [build-stdout] [INFO] [6] Extracted folder C:\dev\abd-context-driven-delivery\practices\ddd\model\python\codeql\.examples\no-orphaned-objects in 0ms
[2026-10-05 15:52:18] [build-stdout] [INFO] [1] Extracted file C:\dev\abd-context-driven-delivery\practices\ddd\model\python\codeql\.examples\no-orphaned-objects\faulty\faultyAsset.py in 8ms
[2026-10-05 15:52:18] [build-stdout] [INFO] [1] Extracted folder C:\dev\abd-context-driven-delivery\practices\ddd\model\python\codeql\.examples\private-method-naming\faulty in 1ms
[2026-10-05 15:52:18] [build-stdout] [INFO] [8] Extracted file C:\dev\abd-context-driven-delivery\practices\ddd\model\python\codeql\.examples\load-with-identity-in-hand\repaired\repairedAsset.py in 15ms
[2026-10-05 15:52:18] [build-stdout] [INFO] [8] Extracted folder C:\dev\abd-context-driven-delivery\practices\ddd\model\python\codeql\.examples\private-method-naming\repaired in 1ms
[2026-10-05 15:52:18] [build-stdout] [INFO] [8] Extracted folder C:\dev\abd-context-driven-delivery\practices\ddd\model\python\codeql\.examples\private-method-naming in 0ms
[2026-10-05 15:52:18] [build-stdout] [INFO] [2] Extracted file C:\dev\abd-context-driven-delivery\practices\ddd\model\python\codeql\.examples\no-orphaned-objects\repaired\repairedAsset.py in 11ms
[2026-10-05 15:52:18] [build-stdout] [INFO] [2] Extracted folder C:\dev\abd-context-driven-delivery\practices\ddd\model\python\codeql\.examples\repository-is-collection-lifecycle\faulty in 3ms
[2026-10-05 15:52:18] [build-stdout] [INFO] [6] Extracted file C:\dev\abd-context-driven-delivery\practices\ddd\model\python\codeql\.examples\private-method-naming\faulty\faultyAsset.py in 13ms
[2026-10-05 15:52:18] [build-stdout] [INFO] [6] Extracted folder C:\dev\abd-context-driven-delivery\practices\ddd\model\python\codeql\.examples\repository-is-collection-lifecycle\repaired in 1ms
[2026-10-05 15:52:18] [build-stdout] [INFO] [3] Extracted folder C:\dev\abd-context-driven-delivery\practices\ddd\model\python\codeql\.examples\repository-is-collection-lifecycle in 0ms
[2026-10-05 15:52:18] [build-stdout] [INFO] [1] Extracted file C:\dev\abd-context-driven-delivery\practices\ddd\model\python\codeql\.examples\private-method-naming\repaired\repairedAsset.py in 11ms
[2026-10-05 15:52:18] [build-stdout] [INFO] [8] Extracted file C:\dev\abd-context-driven-delivery\practices\ddd\model\python\codeql\.examples\repository-is-collection-lifecycle\faulty\faultyAsset.py in 12ms
[2026-10-05 15:52:18] [build-stdout] [INFO] [8] Extracted folder C:\dev\abd-context-driven-delivery\practices\ddd\model\python\codeql\.examples\screen-interface-not-a-domain-object in 0ms
[2026-10-05 15:52:18] [build-stdout] [INFO] [3] Extracted folder C:\dev\abd-context-driven-delivery\practices\ddd\model\python\codeql\.examples\screen-interface-not-a-domain-object\faulty in 5ms
[2026-10-05 15:52:18] [build-stdout] [INFO] [1] Extracted folder C:\dev\abd-context-driven-delivery\practices\ddd\model\python\codeql\.examples\screen-interface-not-a-domain-object\repaired in 6ms
[2026-10-05 15:52:18] [build-stdout] [INFO] [1] Extracted folder C:\dev\abd-context-driven-delivery\practices\ddd\model\python\codeql\.examples\service-is-homeless in 0ms
[2026-10-05 15:52:18] [build-stdout] [INFO] [3] Extracted folder C:\dev\abd-context-driven-delivery\practices\ddd\model\python\codeql\.examples\service-is-homeless\faulty in 2ms
[2026-10-05 15:52:18] [build-stdout] [INFO] [3] Extracted folder C:\dev\abd-context-driven-delivery\practices\ddd\model\python\codeql\.examples\service-is-homeless\repaired in 1ms
[2026-10-05 15:52:18] [build-stdout] [INFO] [2] Extracted file C:\dev\abd-context-driven-delivery\practices\ddd\model\python\codeql\.examples\repository-is-collection-lifecycle\repaired\repairedAsset.py in 14ms
[2026-10-05 15:52:18] [build-stdout] [INFO] [6] Extracted file C:\dev\abd-context-driven-delivery\practices\ddd\model\python\codeql\.examples\screen-interface-not-a-domain-object\faulty\faultyAsset.py in 15ms
[2026-10-05 15:52:18] [build-stdout] [INFO] [8] Extracted file C:\dev\abd-context-driven-delivery\practices\ddd\model\python\codeql\.examples\service-is-homeless\faulty\faultyAsset.py in 10ms
[2026-10-05 15:52:18] [build-stdout] [INFO] [16] Extracted file C:\dev\abd-context-driven-delivery\practices\ddd\model\python\codeql\.examples\screen-interface-not-a-domain-object\repaired\repairedAsset.py in 13ms
[2026-10-05 15:52:18] [build-stdout] [INFO] [4] Extracted file C:\dev\abd-context-driven-delivery\practices\ddd\model\python\codeql\.examples\service-is-homeless\repaired\repairedAsset.py in 11ms
[2026-10-05 15:52:18] [build-stdout] [INFO] Processed 47 modules in 0.91s
[2026-10-05 15:52:18] Plumbing command codeql database trace-command completed.
[2026-10-05 15:52:18] [PROGRESS] database create> Finalizing database at C:\dev\abd-context-driven-delivery\practices\ddd\model\python\codeql\.examples\.codeql\ddd\python-master.
[2026-10-05 15:52:18] Running plumbing command: codeql database finalize --no-db-cluster -- C:\dev\abd-context-driven-delivery\practices\ddd\model\python\codeql\.examples\.codeql\ddd\python-master
[2026-10-05 15:52:18] Using pre-finalize script C:\Users\jeffa\AppData\Local\Programs\CodeQL\codeql\python\tools\pre-finalize.cmd.
[2026-10-05 15:52:18] [PROGRESS] database finalize> Running pre-finalize script C:\Users\jeffa\AppData\Local\Programs\CodeQL\codeql\python\tools\pre-finalize.cmd in C:\dev\abd-context-driven-delivery\practices\ddd\model\python\codeql\.examples.
[2026-10-05 15:52:18] Running plumbing command: codeql database trace-command --working-dir=C:\dev\abd-context-driven-delivery\practices\ddd\model\python\codeql\.examples --no-tracing -- C:\dev\abd-context-driven-delivery\practices\ddd\model\python\codeql\.examples\.codeql\ddd\python-master C:\Users\jeffa\AppData\Local\Programs\CodeQL\codeql\python\tools\pre-finalize.cmd
[2026-10-05 15:52:18] [PROGRESS] database trace-command> Running command in C:\dev\abd-context-driven-delivery\practices\ddd\model\python\codeql\.examples: [C:\Users\jeffa\AppData\Local\Programs\CodeQL\codeql\python\tools\pre-finalize.cmd]
[2026-10-05 15:52:19] [build-stderr] Scanning for files in C:\dev\abd-context-driven-delivery\practices\ddd\model\python\codeql\.examples...
[2026-10-05 15:52:19] [build-stderr] C:\dev\abd-context-driven-delivery\practices\ddd\model\python\codeql\.examples\.codeql\ddd\python-master: Indexing files in in C:\dev\abd-context-driven-delivery\practices\ddd\model\python\codeql\.examples...
[2026-10-05 15:52:19] [build-stderr] Running command in C:\dev\abd-context-driven-delivery\practices\ddd\model\python\codeql\.examples: [C:\Users\jeffa\AppData\Local\Programs\CodeQL\codeql\yaml\tools\index-files.cmd, C:\dev\abd-context-driven-delivery\practices\ddd\model\python\codeql\.examples\.codeql\ddd\python-master\working\files-to-index5408206431335730904.list]
[2026-10-05 15:52:19] Plumbing command codeql database trace-command completed.
[2026-10-05 15:52:19] [PROGRESS] database finalize> Pre-finalize script C:\Users\jeffa\AppData\Local\Programs\CodeQL\codeql\python\tools\pre-finalize.cmd completed in 1092 ms.
[2026-10-05 15:52:19] [PROGRESS] database finalize> Running TRAP import for CodeQL database at C:\dev\abd-context-driven-delivery\practices\ddd\model\python\codeql\.examples\.codeql\ddd\python-master...
[2026-10-05 15:52:19] Running plumbing command: codeql dataset import --dbscheme=C:\Users\jeffa\AppData\Local\Programs\CodeQL\codeql\python\semmlecode.python.dbscheme -- C:\dev\abd-context-driven-delivery\practices\ddd\model\python\codeql\.examples\.codeql\ddd\python-master\db-python C:\dev\abd-context-driven-delivery\practices\ddd\model\python\codeql\.examples\.codeql\ddd\python-master\trap\python
[2026-10-05 15:52:19] Clearing disk cache since the version file C:\dev\abd-context-driven-delivery\practices\ddd\model\python\codeql\.examples\.codeql\ddd\python-master\db-python\default\cache\version does not exist
[2026-10-05 15:52:19] Tuple pool not found. Clearing relations with cached strings
[2026-10-05 15:52:19] Trimming disk cache at C:\dev\abd-context-driven-delivery\practices\ddd\model\python\codeql\.examples\.codeql\ddd\python-master\db-python\default\cache in mode clear.
[2026-10-05 15:52:19] Sequence stamp origin is -5860611982671425331
[2026-10-05 15:52:19] Pausing evaluation to hard-clear memory at sequence stamp o+0
[2026-10-05 15:52:19] Unpausing evaluation
[2026-10-05 15:52:19] Pausing evaluation to quickly trim disk at sequence stamp o+1
[2026-10-05 15:52:19] Unpausing evaluation
[2026-10-05 15:52:19] Pausing evaluation to zealously trim disk at sequence stamp o+2
[2026-10-05 15:52:19] Unpausing evaluation
[2026-10-05 15:52:19] Trimming completed (9ms): Purged everything.
[2026-10-05 15:52:19] Scanning for files in C:\dev\abd-context-driven-delivery\practices\ddd\model\python\codeql\.examples\.codeql\ddd\python-master\trap\python
[2026-10-05 15:52:19] Found 48 TRAP files (504.93 KiB)
[2026-10-05 15:52:19] [PROGRESS] dataset import> Importing TRAP files
[2026-10-05 15:52:20] Importing $files.3vNkz7Jr6CJ_T8ZuFnBSakFMmI8=.trap.gz (1 of 48)
[2026-10-05 15:52:20] Importing $files.8GG1OgpdtLe8LCSe_9FDYu2OLwk=.trap.gz (2 of 48)
[2026-10-05 15:52:20] Importing $files.96wFL4KeO_OxPWCvSFHqx3lQrdQ=.trap.gz (3 of 48)
[2026-10-05 15:52:20] Importing $files.cewRy9Lmq56qPdJWPsnGs4k9K-A=.trap.gz (4 of 48)
[2026-10-05 15:52:20] Importing $files.nmTwjKHNOnOYSwRJfWR8M6eXU8Q=.trap.gz (5 of 48)
[2026-10-05 15:52:20] Importing $files.qq7nZ7i_jZ4DwqkcaKZDRVvg7nA=.trap.gz (6 of 48)
[2026-10-05 15:52:20] Importing $flags._ZfCgmRGWkVaeWXIoBx444PbB7g=.trap.gz (7 of 48)
[2026-10-05 15:52:20] Importing $interpreter3.ujtdCtbZi3VpP6Hbla98NW5jAxc=.trap.gz (8 of 48)
[2026-10-05 15:52:20] Importing $stdlib_33.d4ERaDloyZjxa53eabUVEGm2P-Y=.trap (9 of 48)
[2026-10-05 15:52:20] Importing codeql-database.yml.trap.gz (10 of 48)
[2026-10-05 15:52:20] Importing faulty.5axLx9fVLUDGiFOn2rS4HMtNVY8=.trap.gz (11 of 48)
[2026-10-05 15:52:20] Importing faulty.6BefMwQYVGk10MN61M2R0p9RAKM=.trap.gz (12 of 48)
[2026-10-05 15:52:20] Importing faulty.KLO-9l75NNBKl6VdJq1Rb-kPLWU=.trap.gz (13 of 48)
[2026-10-05 15:52:20] Importing faulty.hYJ1Yk0e8x8MfZwF_RXn4N2yyU8=.trap.gz (14 of 48)
[2026-10-05 15:52:20] Importing faulty.ntENUpnk_zg2o5vIamXiiyyl9wU=.trap.gz (15 of 48)
[2026-10-05 15:52:20] Importing faulty.qkewbPVeMH3JOAag7bnclNJMBM4=.trap.gz (16 of 48)
[2026-10-05 15:52:20] Importing faulty.tSPwyOK8oRLWBqXK5cuDAzdUSFI=.trap.gz (17 of 48)
[2026-10-05 15:52:20] Importing faulty.w-_PD1Nk8iQfx8WDLlnN2L5RSAk=.trap.gz (18 of 48)
[2026-10-05 15:52:20] Importing faulty.yRWplGcd_O0McGXPPckxgntzhQY=.trap.gz (19 of 48)
[2026-10-05 15:52:20] Importing faultyAsset.py.0LjXHIHFKtrHrADiBmX9AYbv_7c=.trap.gz (20 of 48)
[2026-10-05 15:52:20] Importing faultyAsset.py.21isjvIbrQ_-uXD6QrI-oOgnnuo=.trap.gz (21 of 48)
[2026-10-05 15:52:20] Importing faultyAsset.py.5dAMhut01lXv0UiShklFGqz1PSI=.trap.gz (22 of 48)
[2026-10-05 15:52:20] Importing faultyAsset.py.F1AQmVsK4T2K9JyTTwdT5A689Jk=.trap.gz (23 of 48)
[2026-10-05 15:52:20] Importing faultyAsset.py.JvUnq8eAILYc58ojMr7N-5muff8=.trap.gz (24 of 48)
[2026-10-05 15:52:20] Importing faultyAsset.py.Sg59c0fevQ3noDDl_FP43ml_gK0=.trap.gz (25 of 48)
[2026-10-05 15:52:20] Importing faultyAsset.py.XQPcKY6iY2u3wQgtyr8jYj1MUqI=.trap.gz (26 of 48)
[2026-10-05 15:52:20] Importing faultyAsset.py.iCWF_4W-KSDrYEaKvkB7GrBdttA=.trap.gz (27 of 48)
[2026-10-05 15:52:20] Importing faultyAsset.py.r3YRYr17FacS5fgBP5YI943XSJk=.trap.gz (28 of 48)
[2026-10-05 15:52:20] Importing faultyAsset.py.rIe8H1Wcz9FXIa6NMyqmS5iB7hU=.trap.gz (29 of 48)
[2026-10-05 15:52:20] Importing metadata.trap.gz (30 of 48)
[2026-10-05 15:52:20] Importing repaired.9IRu0edWUCXKJmw7ZBc4gLXTL0o=.trap.gz (31 of 48)
[2026-10-05 15:52:20] Importing repaired.Jemx8uAN_se03VS1xjO5YBm7zqY=.trap.gz (32 of 48)
[2026-10-05 15:52:20] Importing repaired.LI5KeI3xTG24EWC2QK6keizk1rw=.trap.gz (33 of 48)
[2026-10-05 15:52:20] Importing repaired.VD6pEpF_zAFq37k_8BnljcyAH3M=.trap.gz (34 of 48)
[2026-10-05 15:52:20] Importing repaired.ZsssWiOg-PL7ulQ6DD0LNCWPlJE=.trap.gz (35 of 48)
[2026-10-05 15:52:20] Importing repaired._1FOUL5lE8OCZP9mjQWzcF4--T4=.trap.gz (36 of 48)
[2026-10-05 15:52:20] Importing repaired.gI_BBdk8XYG0LwrnKiD4MnS0eJs=.trap.gz (37 of 48)
[2026-10-05 15:52:20] Importing repaired.kGHiIU9jGoNwTiFdeUGubnkXAJY=.trap.gz (38 of 48)
[2026-10-05 15:52:20] Importing repaired.uXTjM6qlUsRT9fEUkf1nQlky0Q8=.trap.gz (39 of 48)
[2026-10-05 15:52:20] Importing repairedAsset.py.0oX6o8W2KGZEBOi3coN1c9iYSao=.trap.gz (40 of 48)
[2026-10-05 15:52:20] Importing repairedAsset.py.ARJeIxwSHbh1BiBJUbTt1ySxMmg=.trap.gz (41 of 48)
[2026-10-05 15:52:20] Importing repairedAsset.py.Eb3UpbkxifbtlHGkeM-MFDsRgGE=.trap.gz (42 of 48)
[2026-10-05 15:52:20] Importing repairedAsset.py.S2n-2i9AyymWLsCJqv6m4GzhUdE=.trap.gz (43 of 48)
[2026-10-05 15:52:20] Importing repairedAsset.py.SGS3Xzh5DkOSUy1TRMEc5oR3EYM=.trap.gz (44 of 48)
[2026-10-05 15:52:20] Importing repairedAsset.py._VPQylYpXfI9AFVpVQJgm-4LGlU=.trap.gz (45 of 48)
[2026-10-05 15:52:20] Importing repairedAsset.py.aWT9xKEDBWmoSP9EWrqs59sZ7PQ=.trap.gz (46 of 48)
[2026-10-05 15:52:20] Importing repairedAsset.py.ciNuKnqvSFXDxBjadgl18hc0Puk=.trap.gz (47 of 48)
[2026-10-05 15:52:20] Importing repairedAsset.py.qiKniaW95yE4rrlxMUQOz8r4ux0=.trap.gz (48 of 48)
[2026-10-05 15:52:20] [PROGRESS] dataset import> Merging relations
[2026-10-05 15:52:20] Merging 1 fragment for 'files'.
[2026-10-05 15:52:20] Merged 68 bytes for 'files'.
[2026-10-05 15:52:20] Merging 1 fragment for 'folders'.
[2026-10-05 15:52:20] Merged 106 bytes for 'folders'.
[2026-10-05 15:52:20] Merging 1 fragment for 'containerparent'.
[2026-10-05 15:52:20] Merged 148 bytes for 'containerparent'.
[2026-10-05 15:52:20] Merging 1 fragment for 'py_flags_versioned'.
[2026-10-05 15:52:20] Merged 187 bytes for 'py_flags_versioned'.
[2026-10-05 15:52:20] Merging 1 fragment for 'py_cobjects'.
[2026-10-05 15:52:20] Merged 4439 bytes (4.33 KiB) for 'py_cobjects'.
[2026-10-05 15:52:20] Merging 1 fragment for 'py_cobjecttypes'.
[2026-10-05 15:52:20] Merged 4722 bytes (4.61 KiB) for 'py_cobjecttypes'.
[2026-10-05 15:52:20] Merging 1 fragment for 'py_cobject_sources'.
[2026-10-05 15:52:20] Merged 6622 bytes (6.47 KiB) for 'py_cobject_sources'.
[2026-10-05 15:52:20] Merging 1 fragment for 'py_cobjectnames'.
[2026-10-05 15:52:20] Merged 5669 bytes (5.54 KiB) for 'py_cobjectnames'.
[2026-10-05 15:52:20] Merging 1 fragment for 'py_cmembers_versioned'.
[2026-10-05 15:52:20] Merged 6584 bytes (6.43 KiB) for 'py_cmembers_versioned'.
[2026-10-05 15:52:20] Merging 1 fragment for 'py_special_objects'.
[2026-10-05 15:52:20] Merged 135 bytes for 'py_special_objects'.
[2026-10-05 15:52:20] Merging 1 fragment for 'py_citems'.
[2026-10-05 15:52:20] Merged 559 bytes for 'py_citems'.
[2026-10-05 15:52:20] Merging 1 fragment for 'ext_rettype'.
[2026-10-05 15:52:20] Merged 4050 bytes (3.96 KiB) for 'ext_rettype'.
[2026-10-05 15:52:20] Merging 1 fragment for 'ext_argtype'.
[2026-10-05 15:52:20] Merged 6815 bytes (6.66 KiB) for 'ext_argtype'.
[2026-10-05 15:52:20] Merging 1 fragment for 'ext_argreturn'.
[2026-10-05 15:52:20] Merged 41 bytes for 'ext_argreturn'.
[2026-10-05 15:52:20] Merging 1 fragment for 'ext_proptype'.
[2026-10-05 15:52:20] Merged 344 bytes for 'ext_proptype'.
[2026-10-05 15:52:20] Merging 1 fragment for 'yaml_scalars'.
[2026-10-05 15:52:20] Merged 154 bytes for 'yaml_scalars'.
[2026-10-05 15:52:20] Merging 1 fragment for 'yaml'.
[2026-10-05 15:52:20] Merged 543 bytes for 'yaml'.
[2026-10-05 15:52:20] Merging 1 fragment for 'locations_default'.
[2026-10-05 15:52:20] Merged 483 bytes for 'locations_default'.
[2026-10-05 15:52:20] Merging 1 fragment for 'yaml_locations'.
[2026-10-05 15:52:20] Merged 178 bytes for 'yaml_locations'.
[2026-10-05 15:52:20] Merging 1 fragment for 'py_Modules'.
[2026-10-05 15:52:20] Merged 54 bytes for 'py_Modules'.
[2026-10-05 15:52:20] Merging 1 fragment for 'py_module_path'.
[2026-10-05 15:52:20] Merged 99 bytes for 'py_module_path'.
[2026-10-05 15:52:20] Merging 1 fragment for 'py_flow_bb_node'.
[2026-10-05 15:52:20] Merged 1932 bytes (1.89 KiB) for 'py_flow_bb_node'.
[2026-10-05 15:52:20] Merging 1 fragment for 'py_scope_flow'.
[2026-10-05 15:52:20] Merged 840 bytes for 'py_scope_flow'.
[2026-10-05 15:52:20] Merging 1 fragment for 'locations_ast'.
[2026-10-05 15:52:20] Merged 2299 bytes (2.25 KiB) for 'locations_ast'.
[2026-10-05 15:52:20] Merging 1 fragment for 'variable'.
[2026-10-05 15:52:20] Merged 991 bytes for 'variable'.
[2026-10-05 15:52:20] Merging 1 fragment for 'py_extracted_version'.
[2026-10-05 15:52:20] Merged 47 bytes for 'py_extracted_version'.
[2026-10-05 15:52:20] Merging 1 fragment for 'py_stmt_lists'.
[2026-10-05 15:52:20] Merged 401 bytes for 'py_stmt_lists'.
[2026-10-05 15:52:20] Merging 1 fragment for 'py_stmts'.
[2026-10-05 15:52:20] Merged 487 bytes for 'py_stmts'.
[2026-10-05 15:52:20] Merging 1 fragment for 'py_scopes'.
[2026-10-05 15:52:20] Merged 895 bytes for 'py_scopes'.
[2026-10-05 15:52:20] Merging 1 fragment for 'py_exprs'.
[2026-10-05 15:52:20] Merged 1064 bytes (1.04 KiB) for 'py_exprs'.
[2026-10-05 15:52:20] Merging 1 fragment for 'py_strs'.
[2026-10-05 15:52:20] Merged 456 bytes for 'py_strs'.
[2026-10-05 15:52:20] Merging 1 fragment for 'py_Classes'.
[2026-10-05 15:52:20] Merged 98 bytes for 'py_Classes'.
[2026-10-05 15:52:20] Merging 1 fragment for 'py_arguments'.
[2026-10-05 15:52:20] Merged 111 bytes for 'py_arguments'.
[2026-10-05 15:52:20] Merging 1 fragment for 'py_expr_lists'.
[2026-10-05 15:52:20] Merged 485 bytes for 'py_expr_lists'.
[2026-10-05 15:52:20] Merging 1 fragment for 'py_Functions'.
[2026-10-05 15:52:20] Merged 111 bytes for 'py_Functions'.
[2026-10-05 15:52:20] Merging 1 fragment for 'py_parameter_lists'.
[2026-10-05 15:52:20] Merged 111 bytes for 'py_parameter_lists'.
[2026-10-05 15:52:20] Merging 1 fragment for 'py_variables'.
[2026-10-05 15:52:20] Merged 370 bytes for 'py_variables'.
[2026-10-05 15:52:20] Merging 1 fragment for 'py_expr_contexts'.
[2026-10-05 15:52:20] Merged 583 bytes for 'py_expr_contexts'.
[2026-10-05 15:52:20] Merging 1 fragment for 'py_exports'.
[2026-10-05 15:52:20] Merged 81 bytes for 'py_exports'.
[2026-10-05 15:52:20] Merging 1 fragment for 'py_successors'.
[2026-10-05 15:52:20] Merged 767 bytes for 'py_successors'.
[2026-10-05 15:52:20] Merging 1 fragment for 'py_idoms'.
[2026-10-05 15:52:20] Merged 767 bytes for 'py_idoms'.
[2026-10-05 15:52:20] Merging 1 fragment for 'py_ssa_var'.
[2026-10-05 15:52:20] Merged 204 bytes for 'py_ssa_var'.
[2026-10-05 15:52:20] Merging 1 fragment for 'py_ssa_defn'.
[2026-10-05 15:52:20] Merged 207 bytes for 'py_ssa_defn'.
[2026-10-05 15:52:20] Merging 1 fragment for 'py_ssa_use'.
[2026-10-05 15:52:20] Merged 210 bytes for 'py_ssa_use'.
[2026-10-05 15:52:20] Merging 1 fragment for 'py_scope_location'.
[2026-10-05 15:52:20] Merged 306 bytes for 'py_scope_location'.
[2026-10-05 15:52:20] Merging 1 fragment for 'py_codelines'.
[2026-10-05 15:52:20] Merged 203 bytes for 'py_codelines'.
[2026-10-05 15:52:20] Merging 1 fragment for 'py_commentlines'.
[2026-10-05 15:52:20] Merged 116 bytes for 'py_commentlines'.
[2026-10-05 15:52:20] Merging 1 fragment for 'py_docstringlines'.
[2026-10-05 15:52:20] Merged 116 bytes for 'py_docstringlines'.
[2026-10-05 15:52:20] Merging 1 fragment for 'py_alllines'.
[2026-10-05 15:52:20] Merged 203 bytes for 'py_alllines'.
[2026-10-05 15:52:20] Merging 1 fragment for 'numlines'.
[2026-10-05 15:52:20] Merged 100 bytes for 'numlines'.
[2026-10-05 15:52:20] Merging 1 fragment for 'py_locations'.
[2026-10-05 15:52:20] Merged 724 bytes for 'py_locations'.
[2026-10-05 15:52:20] Merging 1 fragment for 'sourceLocationPrefix'.
[2026-10-05 15:52:20] Merged 17 bytes for 'sourceLocationPrefix'.
[2026-10-05 15:52:20] Merging 1 fragment for 'py_numbers'.
[2026-10-05 15:52:20] Merged 49 bytes for 'py_numbers'.
[2026-10-05 15:52:20] Saving string and id pools to disk.
[2026-10-05 15:52:20] Finished importing TRAP files.
[2026-10-05 15:52:20] Read 1.16 MiB of uncompressed TRAP data.
[2026-10-05 15:52:20] Uncompressed relation data size: 234.21 KiB
[2026-10-05 15:52:20] Relation data size: 56.01 KiB (merge rate: 454.95 KiB/s)
[2026-10-05 15:52:20] String pool size: 2.08 MiB
[2026-10-05 15:52:20] ID pool size: 1.09 MiB
[2026-10-05 15:52:20] [PROGRESS] dataset import> Finished writing database (relations: 56.01 KiB; string pool: 2.08 MiB).
[2026-10-05 15:52:20] Pausing evaluation to close the cache at sequence stamp o+109
[2026-10-05 15:52:20] The disk cache is freshly trimmed; leave it be.
[2026-10-05 15:52:20] Unpausing evaluation
[2026-10-05 15:52:20] Plumbing command codeql dataset import completed.
[2026-10-05 15:52:20] [PROGRESS] database finalize> TRAP import complete (919ms).
[2026-10-05 15:52:20] Running plumbing command: codeql database cleanup -- C:\dev\abd-context-driven-delivery\practices\ddd\model\python\codeql\.examples\.codeql\ddd\python-master
[2026-10-05 15:52:20] [PROGRESS] database cleanup> Cleaning up existing TRAP files after import...
[2026-10-05 15:52:20] [PROGRESS] database cleanup> TRAP files cleaned up (17ms).
[2026-10-05 15:52:20] [PROGRESS] database cleanup> Cleaning up scratch directory...
[2026-10-05 15:52:20] [PROGRESS] database cleanup> Scratch directory cleaned up (10ms).
[2026-10-05 15:52:20] Running plumbing command: codeql dataset cleanup -- C:\dev\abd-context-driven-delivery\practices\ddd\model\python\codeql\.examples\.codeql\ddd\python-master\db-python
[2026-10-05 15:52:20] [PROGRESS] dataset cleanup> Cleaning up dataset in C:\dev\abd-context-driven-delivery\practices\ddd\model\python\codeql\.examples\.codeql\ddd\python-master\db-python.
[2026-10-05 15:52:20] Trimming disk cache at C:\dev\abd-context-driven-delivery\practices\ddd\model\python\codeql\.examples\.codeql\ddd\python-master\db-python\default\cache in mode trim.
[2026-10-05 15:52:20] Sequence stamp origin is -5860611978616183782
[2026-10-05 15:52:20] Pausing evaluation to quickly trim memory at sequence stamp o+0
[2026-10-05 15:52:20] Unpausing evaluation
[2026-10-05 15:52:20] Pausing evaluation to zealously trim disk at sequence stamp o+1
[2026-10-05 15:52:20] Unpausing evaluation
[2026-10-05 15:52:20] Trimming completed (2ms): Trimmed disposable data from cache.
[2026-10-05 15:52:20] Pausing evaluation to close the cache at sequence stamp o+2
[2026-10-05 15:52:20] The disk cache is freshly trimmed; leave it be.
[2026-10-05 15:52:20] Unpausing evaluation
[2026-10-05 15:52:20] [PROGRESS] dataset cleanup> Trimmed disposable data from cache.
[2026-10-05 15:52:20] [PROGRESS] dataset cleanup> Finalizing dataset in C:\dev\abd-context-driven-delivery\practices\ddd\model\python\codeql\.examples\.codeql\ddd\python-master\db-python
[2026-10-05 15:52:20] [DETAILS] dataset cleanup> Finished deleting ID pool from C:\dev\abd-context-driven-delivery\practices\ddd\model\python\codeql\.examples\.codeql\ddd\python-master\db-python (2ms).
[2026-10-05 15:52:20] Plumbing command codeql dataset cleanup completed.
[2026-10-05 15:52:20] Plumbing command codeql database cleanup completed with status 0.
[2026-10-05 15:52:20] [PROGRESS] database finalize> Finished zipping source archive (8.69 KiB).
[2026-10-05 15:52:20] Plumbing command codeql database finalize completed.
[2026-10-05 15:52:20] [PROGRESS] database create> Successfully created database at C:\dev\abd-context-driven-delivery\practices\ddd\model\python\codeql\.examples\.codeql\ddd\python-master.
[2026-10-05 15:52:20] Terminating normally.
