[2026-10-05 15:51:27] This is codeql database create C:\dev\abd-context-driven-delivery\practices\clean_engineering\model\python\codeql\.examples\.codeql\clean_engineering\python-master --language=python --source-root=C:\dev\abd-context-driven-delivery\practices\clean_engineering\model\python\codeql\.examples --overwrite
[2026-10-05 15:51:27] Log file was started late.
[2026-10-05 15:51:27] [PROGRESS] database create> Initializing database at C:\dev\abd-context-driven-delivery\practices\clean_engineering\model\python\codeql\.examples\.codeql\clean_engineering\python-master.
[2026-10-05 15:51:27] Running plumbing command: codeql database init --overwrite --language=python --extractor-options-verbosity=1 --qlconfig-file=C:\dev\abd-context-driven-delivery\qlconfig.yml --source-root=C:\dev\abd-context-driven-delivery\practices\clean_engineering\model\python\codeql\.examples --allow-missing-source-root=false --allow-already-existing -- C:\dev\abd-context-driven-delivery\practices\clean_engineering\model\python\codeql\.examples\.codeql\clean_engineering\python-master
[2026-10-05 15:51:27] Calling plumbing command: codeql resolve languages --extractor-options-verbosity=1 --format=betterjson
[2026-10-05 15:51:27] [DETAILS] resolve languages> Scanning for [codeql-extractor.yml] from C:\Users\jeffa\AppData\Local\Programs\CodeQL\codeql\.codeqlmanifest.json
[2026-10-05 15:51:27] [DETAILS] resolve languages> Parsing C:\Users\jeffa\AppData\Local\Programs\CodeQL\codeql\actions\codeql-extractor.yml.
[2026-10-05 15:51:27] [DETAILS] resolve languages> Parsing C:\Users\jeffa\AppData\Local\Programs\CodeQL\codeql\cpp\codeql-extractor.yml.
[2026-10-05 15:51:27] [DETAILS] resolve languages> Parsing C:\Users\jeffa\AppData\Local\Programs\CodeQL\codeql\csharp\codeql-extractor.yml.
[2026-10-05 15:51:27] [DETAILS] resolve languages> Parsing C:\Users\jeffa\AppData\Local\Programs\CodeQL\codeql\csv\codeql-extractor.yml.
[2026-10-05 15:51:27] [DETAILS] resolve languages> Parsing C:\Users\jeffa\AppData\Local\Programs\CodeQL\codeql\go\codeql-extractor.yml.
[2026-10-05 15:51:27] [DETAILS] resolve languages> Parsing C:\Users\jeffa\AppData\Local\Programs\CodeQL\codeql\html\codeql-extractor.yml.
[2026-10-05 15:51:27] [DETAILS] resolve languages> Parsing C:\Users\jeffa\AppData\Local\Programs\CodeQL\codeql\java\codeql-extractor.yml.
[2026-10-05 15:51:27] [DETAILS] resolve languages> Parsing C:\Users\jeffa\AppData\Local\Programs\CodeQL\codeql\javascript\codeql-extractor.yml.
[2026-10-05 15:51:27] [DETAILS] resolve languages> Parsing C:\Users\jeffa\AppData\Local\Programs\CodeQL\codeql\properties\codeql-extractor.yml.
[2026-10-05 15:51:27] [DETAILS] resolve languages> Parsing C:\Users\jeffa\AppData\Local\Programs\CodeQL\codeql\python\codeql-extractor.yml.
[2026-10-05 15:51:27] [DETAILS] resolve languages> Parsing C:\Users\jeffa\AppData\Local\Programs\CodeQL\codeql\ruby\codeql-extractor.yml.
[2026-10-05 15:51:27] [DETAILS] resolve languages> Parsing C:\Users\jeffa\AppData\Local\Programs\CodeQL\codeql\rust\codeql-extractor.yml.
[2026-10-05 15:51:27] [DETAILS] resolve languages> Parsing C:\Users\jeffa\AppData\Local\Programs\CodeQL\codeql\swift\codeql-extractor.yml.
[2026-10-05 15:51:27] [DETAILS] resolve languages> Parsing C:\Users\jeffa\AppData\Local\Programs\CodeQL\codeql\xml\codeql-extractor.yml.
[2026-10-05 15:51:27] [DETAILS] resolve languages> Parsing C:\Users\jeffa\AppData\Local\Programs\CodeQL\codeql\yaml\codeql-extractor.yml.
[2026-10-05 15:51:27] Plumbing command codeql resolve languages completed:
                      {
                        "aliases" : {
                          "c" : "cpp",
                          "c++" : "cpp",
                          "c-c++" : "cpp",
                          "c-cpp" : "cpp",
                          "c#" : "csharp",
                          "java-kotlin" : "java",
                          "kotlin" : "java",
                          "javascript-typescript" : "javascript",
                          "typescript" : "javascript"
                        },
                        "extractors" : {
                          "actions" : [
                            {
                              "extractor_root" : "C:\\Users\\jeffa\\AppData\\Local\\Programs\\CodeQL\\codeql\\actions",
                              "extractor_options" : { }
                            }
                          ],
                          "cpp" : [
                            {
                              "extractor_root" : "C:\\Users\\jeffa\\AppData\\Local\\Programs\\CodeQL\\codeql\\cpp",
                              "extractor_options" : {
                                "scale_timeouts" : {
                                  "title" : "Value to scale compiler introspection timeouts with",
                                  "description" : "The extractor attempts to determine what compiler the source code being extracted is compiled with. To this end the extractor makes additional calls to the compiler, some of which are expected to return within a certain fixed time (either 10s or 15s). On some systems that are under high load this time might be too short, and can be scaled up using this option.\n",
                                  "type" : "string",
                                  "pattern" : "[0-9]+"
                                },
                                "log_verbosity" : {
                                  "title" : "Verbosity of the extractor logging",
                                  "description" : "Set the verbosity of the extractor logging to 'quiet' (0), 'normal' (1), 'chatty' (2), or 'noisy' (3). The default is 'normal'.\n",
                                  "type" : "string",
                                  "pattern" : "[0-3]"
                                }
                              }
                            }
                          ],
                          "csharp" : [
                            {
                              "extractor_root" : "C:\\Users\\jeffa\\AppData\\Local\\Programs\\CodeQL\\codeql\\csharp",
                              "extractor_options" : {
                                "trap" : {
                                  "title" : "Options pertaining to TRAP.",
                                  "description" : "Options pertaining to TRAP.",
                                  "type" : "object",
                                  "properties" : {
                                    "compression" : {
                                      "title" : "Controls compression for the TRAP files written by the extractor.",
                                      "description" : "This option is only intended for use in debugging the extractor. Accepted values are 'brotli' (the default, to write brotli-compressed TRAP), 'gzip', and 'none' (to write uncompressed TRAP).\n",
                                      "type" : "string",
                                      "pattern" : "^(none|gzip|brotli)$"
                                    }
                                  }
                                },
                                "buildless" : {
                                  "title" : "DEPRECATED - Whether to use buildless (standalone) extraction.",
                                  "description" : "DEPRECATED: Use `--build-mode none` instead.\nA value indicating, which type of extraction the autobuilder should perform. If 'true', then the standalone extractor will be used, otherwise tracing extraction will be performed. The default is 'false'. Note that buildless extraction will generally yield less accurate analysis results, and should only be used in cases where it is not possible to build the code (for example if it uses inaccessible dependencies).\n",
                                  "type" : "string",
                                  "pattern" : "^(false|true)$"
                                },
                                "logging" : {
                                  "title" : "Options pertaining to logging.",
                                  "description" : "Options pertaining to logging.",
                                  "type" : "object",
                                  "properties" : {
                                    "verbosity" : {
                                      "title" : "Extractor logging verbosity level.",
                                      "description" : "Controls the level of verbosity of the extractor. The supported levels are (in order of increasing verbosity):\n  - off\n  - errors\n  - warnings\n  - info or progress\n  - debug or progress+\n  - trace or progress++\n  - progress+++\n",
                                      "type" : "string",
                                      "pattern" : "^(off|errors|warnings|(info|progress)|(debug|progress\\+)|(trace|progress\\+\\+)|progress\\+\\+\\+)$"
                                    }
                                  }
                                },
                                "binlog" : {
                                  "title" : "Binlog",
                                  "description" : "[EXPERIMENTAL] The value is a path to the MsBuild binary log file that should be extracted. This option only works when `--build-mode none` is also specified.\n",
                                  "type" : "array"
                                },
                                "buildless_dependency_dir" : {
                                  "title" : "The path where buildless (standalone) extraction should keep dependencies.",
                                  "description" : "If set, the buildless (standalone) extractor will store dependencies in this directory.\n",
                                  "type" : "string"
                                }
                              }
                            }
                          ],
                          "csv" : [
                            {
                              "extractor_root" : "C:\\Users\\jeffa\\AppData\\Local\\Programs\\CodeQL\\codeql\\csv"
                            }
                          ],
                          "go" : [
                            {
                              "extractor_root" : "C:\\Users\\jeffa\\AppData\\Local\\Programs\\CodeQL\\codeql\\go",
                              "extractor_options" : {
                                "extract_tests" : {
                                  "title" : "Whether to include Go test files in the CodeQL database.",
                                  "description" : "A value indicating whether Go test files should be included in the CodeQL database. The default is 'false'.\n",
                                  "type" : "string",
                                  "pattern" : "^(false|true)$"
                                },
                                "extract_vendor_dirs" : {
                                  "title" : "Whether to include Go vendor directories in the CodeQL database.",
                                  "description" : "A value indicating whether Go vendor directories should be included in the CodeQL database. The default is 'false'.\n",
                                  "type" : "string",
                                  "pattern" : "^(false|true)$"
                                }
                              }
                            }
                          ],
                          "html" : [
                            {
                              "extractor_root" : "C:\\Users\\jeffa\\AppData\\Local\\Programs\\CodeQL\\codeql\\html"
                            }
                          ],
                          "java" : [
                            {
                              "extractor_root" : "C:\\Users\\jeffa\\AppData\\Local\\Programs\\CodeQL\\codeql\\java",
                              "extractor_options" : {
                                "exclude" : {
                                  "title" : "A glob excluding files from analysis.",
                                  "description" : "A glob indicating what files to exclude from the analysis. This accepts glob patterns that are supported by Java's 'getPathMatcher' implementation.\n",
                                  "type" : "string"
                                },
                                "add_prefer_source" : {
                                  "title" : "Whether to always prefer source files over class files.",
                                  "description" : "A value indicating whether source files should be preferred over class files. If set to 'true', the extraction adds '-Xprefer:source' to the javac command line. If set to 'false', the extraction uses the default javac behavior ('-Xprefer:newer'). The default is 'true'.\n",
                                  "type" : "string",
                                  "pattern" : "^(false|true)$"
                                },
                                "buildless" : {
                                  "title" : "Whether to use buildless (standalone) extraction (experimental).",
                                  "description" : "A value indicating, which type of extraction the autobuilder should perform. If 'true', then the standalone extractor will be used, otherwise tracing extraction will be performed. The default is 'false'. Note that buildless extraction will generally yield less accurate analysis results, and should only be used in cases where it is not possible to build the code (for example if it uses inaccessible dependencies).\n",
                                  "type" : "string",
                                  "pattern" : "^(false|true)$"
                                },
                                "buildless_dependency_dir" : {
                                  "title" : "The path where buildless (standalone) extraction should keep dependencies.",
                                  "description" : "If set, the buildless (standalone) extractor will store dependencies in this directory.\n",
                                  "type" : "string"
                                },
                                "minimize_dependency_jars" : {
                                  "title" : "Whether to rewrite and minimize downloaded JAR dependencies (experimental).",
                                  "description" : "If 'true', JAR dependencies downloaded during extraction will be rewritten to remove unneeded data, such as method bodies. The default is 'false'.\n",
                                  "type" : "string",
                                  "pattern" : "^(false|true)$"
                                }
                              }
                            }
                          ],
                          "javascript" : [
                            {
                              "extractor_root" : "C:\\Users\\jeffa\\AppData\\Local\\Programs\\CodeQL\\codeql\\javascript",
                              "extractor_options" : {
                                "skip_types" : {
                                  "title" : "Skip type extraction for TypeScript",
                                  "description" : "Whether to skip the extraction of types in a TypeScript application",
                                  "type" : "string",
                                  "pattern" : "^(false|true)$"
                                }
                              }
                            }
                          ],
                          "properties" : [
                            {
                              "extractor_root" : "C:\\Users\\jeffa\\AppData\\Local\\Programs\\CodeQL\\codeql\\properties"
                            }
                          ],
                          "python" : [
                            {
                              "extractor_root" : "C:\\Users\\jeffa\\AppData\\Local\\Programs\\CodeQL\\codeql\\python",
                              "extractor_options" : {
                                "logging" : {
                                  "title" : "Options pertaining to logging.",
                                  "description" : "Options pertaining to logging.",
                                  "type" : "object",
                                  "properties" : {
                                    "verbosity" : {
                                      "title" : "Python extractor logging verbosity level.",
                                      "description" : "Controls the level of verbosity of the CodeQL Python extractor.\nThe supported levels are (in order of increasing verbosity):\n\n  - off\n  - errors\n  - warnings\n  - info or progress\n  - debug or progress+\n  - trace or progress++\n  - progress+++\n",
                                      "type" : "string",
                                      "pattern" : "^(off|errors|warnings|(info|progress)|(debug|progress\\+)|(trace|progress\\+\\+)|progress\\+\\+\\+)$"
                                    }
                                  }
                                },
                                "python_executable_name" : {
                                  "title" : "Controls the name of the Python executable used by the Python extractor.",
                                  "description" : "The Python extractor uses platform-dependent heuristics to determine the name of the Python executable to use. Specifying a value for this option overrides the name of the Python executable used by the extractor. Accepted values are py, python and python3. Use this setting with caution, the Python extractor requires Python 3 to run.\n",
                                  "type" : "string",
                                  "pattern" : "^(py|python|python3)$"
                                }
                              }
                            }
                          ],
                          "ruby" : [
                            {
                              "extractor_root" : "C:\\Users\\jeffa\\AppData\\Local\\Programs\\CodeQL\\codeql\\ruby",
                              "extractor_options" : {
                                "trap" : {
                                  "title" : "Options pertaining to TRAP.",
                                  "description" : "Options pertaining to TRAP.",
                                  "type" : "object",
                                  "properties" : {
                                    "compression" : {
                                      "title" : "Controls compression for the TRAP files written by the extractor.",
                                      "description" : "This option is only intended for use in debugging the extractor. Accepted values are 'gzip' (the default, to write gzip-compressed TRAP) 'zstd' (to write Zstandard-compressed TRAP) and 'none' (to write uncompressed TRAP).\n",
                                      "type" : "string",
                                      "pattern" : "^(none|gzip|zstd)$"
                                    }
                                  }
                                }
                              }
                            }
                          ],
                          "rust" : [
                            {
                              "extractor_root" : "C:\\Users\\jeffa\\AppData\\Local\\Programs\\CodeQL\\codeql\\rust",
                              "extractor_options" : {
                                "trap" : {
                                  "title" : "Options pertaining to TRAP.",
                                  "description" : "Options pertaining to TRAP.",
                                  "type" : "object",
                                  "properties" : {
                                    "compression" : {
                                      "title" : "Controls compression for the TRAP files written by the extractor.",
                                      "description" : "This option is only intended for use in debugging the extractor. Accepted values are 'gzip' (to write gzip-compressed TRAP) 'zstd' (the default, to write Zstandard-compressed TRAP) and 'none' (to write uncompressed TRAP).\n",
                                      "type" : "string",
                                      "pattern" : "^(none|gzip|zstd)$"
                                    }
                                  }
                                },
                                "cargo_target_dir" : {
                                  "title" : "Directory to use for cargo output files.",
                                  "description" : "This value is an optional path to use as `CARGO_TARGET_DIR` for the internal cargo commands the extractor uses. Pointing it to a persistent directory may reduce execution time of consecutive extractor runs. By default, a new scratch directory is used for each extraction, while qltests use the test's `target` directory so artifacts can be reused across runs.\n",
                                  "type" : "string"
                                },
                                "cargo_target" : {
                                  "title" : "Target architecture",
                                  "description" : "Target architecture to use for analysis, analogous to `cargo --target`. By default the host architecture is used.\n",
                                  "type" : "string"
                                },
                                "cargo_features" : {
                                  "title" : "Cargo features to turn on",
                                  "description" : "Comma-separated list of features to turn on. By default all features are enabled. If any features are specified, then only those features are enabled. The `default` feature must be explicitly specified if only default features are desired. Can be repeated.\n",
                                  "type" : "array"
                                },
                                "cargo_cfg_overrides" : {
                                  "title" : "Cargo cfg overrides",
                                  "description" : "Comma-separated list of cfg settings to enable, or disable if prefixed with `-`. Can be repeated.\n",
                                  "type" : "array"
                                },
                                "logging" : {
                                  "title" : "Options pertaining to logging.",
                                  "description" : "Options pertaining to logging.",
                                  "type" : "object",
                                  "properties" : {
                                    "verbosity" : {
                                      "title" : "Extractor logging verbosity level.",
                                      "description" : "Controls the level of verbosity of the extractor. The supported levels are (in order of increasing verbosity):\n  - off\n  - errors\n  - warnings\n  - info or progress\n  - debug or progress+\n  - trace or progress++\n  - progress+++\n",
                                      "type" : "string",
                                      "pattern" : "^(off|errors|warnings|(info|progress)|(debug|progress\\+)|(trace|progress\\+\\+)|progress\\+\\+\\+)$"
                                    },
                                    "flamegraph" : {
                                      "title" : "[Experimental] File path for write flame graph log",
                                      "description" : "Collect flame graph data using the `tracing-flame` crate. To render a flame graph or chart, run the `inferno-flamegraph` command. See also: https://crates.io/crates/tracing-flame\n",
                                      "type" : "string"
                                    }
                                  }
                                },
                                "extract_dependencies_as_source" : {
                                  "title" : "Extract dependencies as source code",
                                  "description" : "Extract the full source code of dependencies instead of only extracting signatures.\n",
                                  "type" : "string",
                                  "pattern" : "^(false|true)$"
                                }
                              }
                            }
                          ],
                          "swift" : [
                            {
                              "extractor_root" : "C:\\Users\\jeffa\\AppData\\Local\\Programs\\CodeQL\\codeql\\swift"
                            }
                          ],
                          "xml" : [
                            {
                              "extractor_root" : "C:\\Users\\jeffa\\AppData\\Local\\Programs\\CodeQL\\codeql\\xml"
                            }
                          ],
                          "yaml" : [
                            {
                              "extractor_root" : "C:\\Users\\jeffa\\AppData\\Local\\Programs\\CodeQL\\codeql\\yaml"
                            }
                          ]
                        }
                      }
[2026-10-05 15:51:27] [PROGRESS] database init> Calculating baseline information in C:\dev\abd-context-driven-delivery\practices\clean_engineering\model\python\codeql\.examples
[2026-10-05 15:51:27] [SPAMMY] database init> Ignoring the following directories when processing baseline information: .git, .hg, .svn.
[2026-10-05 15:51:27] [DETAILS] database init> Running command in C:\dev\abd-context-driven-delivery\practices\clean_engineering\model\python\codeql\.examples: C:\Users\jeffa\AppData\Local\Programs\CodeQL\codeql\tools\win64\scc.exe --no-config --by-file --exclude-dir .git,.hg,.svn --format json --no-large --no-min .
[2026-10-05 15:51:27] [SPAMMY] database init> Found 72 baseline files for python.
[2026-10-05 15:51:27] [PROGRESS] database init> Calculated baseline information for languages: python (109ms).
[2026-10-05 15:51:27] [PROGRESS] database init> Resolving extractor python.
[2026-10-05 15:51:27] [DETAILS] database init> Found candidate extractor root for python: C:\Users\jeffa\AppData\Local\Programs\CodeQL\codeql\python.
[2026-10-05 15:51:27] [PROGRESS] database init> Successfully loaded extractor Python (python) from C:\Users\jeffa\AppData\Local\Programs\CodeQL\codeql\python.
[2026-10-05 15:51:27] [PROGRESS] database init> Created skeleton CodeQL database at C:\dev\abd-context-driven-delivery\practices\clean_engineering\model\python\codeql\.examples\.codeql\clean_engineering\python-master. This in-progress database is ready to be populated by an extractor.
[2026-10-05 15:51:27] Plumbing command codeql database init completed.
[2026-10-05 15:51:27] [PROGRESS] database create> Running build command: []
[2026-10-05 15:51:27] Running plumbing command: codeql database trace-command --working-dir=C:\dev\abd-context-driven-delivery\practices\clean_engineering\model\python\codeql\.examples --index-traceless-dbs --no-db-cluster -- C:\dev\abd-context-driven-delivery\practices\clean_engineering\model\python\codeql\.examples\.codeql\clean_engineering\python-master
[2026-10-05 15:51:27] Using autobuild script C:\Users\jeffa\AppData\Local\Programs\CodeQL\codeql\python\tools\autobuild.cmd.
[2026-10-05 15:51:27] [PROGRESS] database trace-command> Running command in C:\dev\abd-context-driven-delivery\practices\clean_engineering\model\python\codeql\.examples: [C:\Users\jeffa\AppData\Local\Programs\CodeQL\codeql\python\tools\autobuild.cmd]
[2026-10-05 15:51:27] [build-stdout] Python 3.14.7
[2026-10-05 15:51:28] [build-stderr] No suitable Python runtime found
[2026-10-05 15:51:28] [build-stderr] Pass --list (-0) to see all detected environments on your machine
[2026-10-05 15:51:28] [build-stderr] or set environment variable PYLAUNCHER_ALLOW_INSTALL to use winget
[2026-10-05 15:51:28] [build-stderr] or open the Microsoft Store to the requested version.
[2026-10-05 15:51:28] [build-stdout] No directories containing root identifiers were found. Returning working directory as root.
[2026-10-05 15:51:28] [build-stdout] Will try to guess Python version, as it was not specified in `lgtm.yml`
[2026-10-05 15:51:28] [build-stdout] Trying to guess Python version based on Trove classifiers in setup.py
[2026-10-05 15:51:28] [build-stdout] Did not find setup.py (expected it to be at C:\dev\abd-context-driven-delivery\practices\clean_engineering\model\python\codeql\.examples\setup.py)
[2026-10-05 15:51:28] [build-stdout] Trying to guess Python version based on travis file
[2026-10-05 15:51:28] [build-stdout] Did not find any travis files (expected them at either ['C:\\dev\\abd-context-driven-delivery\\practices\\clean_engineering\\model\\python\\codeql\\.examples\\.travis.yml', 'C:\\dev\\abd-context-driven-delivery\\practices\\clean_engineering\\model\\python\\codeql\\.examples\\travis.yml'])
[2026-10-05 15:51:28] [build-stdout] Trying to guess Python version based on installed versions
[2026-10-05 15:51:28] [build-stdout] Wanted to run Python 2, but it is not available. Using Python 3 instead
[2026-10-05 15:51:28] [build-stdout] This script is running Python 3, but Python 2 is also available (as 'py -3')
[2026-10-05 15:51:28] [build-stdout] Could not guess Python version, will use default: Python 3
[2026-10-05 15:51:28] [build-stdout] Calling py -3 -S C:\Users\jeffa\AppData\Local\Programs\CodeQL\codeql\python\tools\python_tracer.py --verbosity 3 -z all -c C:\dev\abd-context-driven-delivery\practices\clean_engineering\model\python\codeql\.examples\.codeql\clean_engineering\python-master\working\trap_cache -R C:\dev\abd-context-driven-delivery\practices\clean_engineering\model\python\codeql\.examples
[2026-10-05 15:51:28] [build-stdout] Python 3.14.7
[2026-10-05 15:51:28] [build-stdout] INFO: The Python extractor has recently stopped extracting the standard library by default. If you encounter problems, please let us know by submitting an issue to https://github.com/github/codeql. It is possible to re-enable extraction of the standard library by setting the environment variable CODEQL_EXTRACTOR_PYTHON_EXTRACT_STDLIB.
[2026-10-05 15:51:28] [build-stdout] [INFO] Extraction will use the Python 3 standard library.
[2026-10-05 15:51:28] [build-stdout] [INFO] sys_path is: ['C:\\Users\\jeffa\\AppData\\Local\\Programs\\CodeQL\\codeql\\python\\tools', 'C:\\dev\\abd-context-driven-delivery', 'C:\\dev\\abd-context-driven-delivery\\actions', 'C:\\dev\\abd-context-driven-delivery\\tools', 'C:\\dev\\abd-context-driven-delivery\\practices', 'C:\\dev\\abd-context-driven-delivery\\patterns', 'C:\\Users\\jeffa\\AppData\\Local\\Programs\\Python\\Python314\\python314.zip', 'C:\\Users\\jeffa\\AppData\\Local\\Programs\\Python\\Python314\\DLLs', 'C:\\Users\\jeffa\\AppData\\Local\\Programs\\Python\\Python314\\Lib', 'C:\\Users\\jeffa\\AppData\\Local\\Programs\\Python\\Python314']
[2026-10-05 15:51:28] [build-stdout] [INFO] Python version 3.14.7
[2026-10-05 15:51:28] [build-stdout] [INFO] Python extractor version 7.1.9
[2026-10-05 15:51:29] [build-stdout] [INFO] [5] Extracted folder C:\dev\abd-context-driven-delivery\practices\clean_engineering\model\python\codeql\.examples\avoid-vague-parameter-names in 0ms
[2026-10-05 15:51:29] [build-stdout] [INFO] [2] Extracted folder C:\dev\abd-context-driven-delivery\practices\clean_engineering\model\python\codeql\.examples\avoid-vague-parameter-names\faulty in 2ms
[2026-10-05 15:51:29] [build-stdout] [INFO] [4] Extracted folder C:\dev\abd-context-driven-delivery\practices\clean_engineering\model\python\codeql\.examples\avoid-vague-parameter-names\repaired in 4ms
[2026-10-05 15:51:29] [build-stdout] [INFO] [12] Extracted folder C:\dev\abd-context-driven-delivery\practices\clean_engineering\model\python\codeql\.examples\deep-module in 0ms
[2026-10-05 15:51:29] [build-stdout] [INFO] [5] Extracted folder C:\dev\abd-context-driven-delivery\practices\clean_engineering\model\python\codeql\.examples\do-not-invent-parallel-object-models in 0ms
[2026-10-05 15:51:29] [build-stdout] [INFO] [7] Extracted folder C:\dev\abd-context-driven-delivery\practices\clean_engineering\model\python\codeql\.examples\deep-module\faulty\cart in 6ms
[2026-10-05 15:51:29] [build-stdout] [INFO] [8] Extracted folder C:\dev\abd-context-driven-delivery\practices\clean_engineering\model\python\codeql\.examples\deep-module\faulty in 6ms
[2026-10-05 15:51:29] [build-stdout] [INFO] [7] Extracted folder C:\dev\abd-context-driven-delivery\practices\clean_engineering\model\python\codeql\.examples\eliminate-duplication in 0ms
[2026-10-05 15:51:29] [build-stdout] [INFO] [6] Extracted file C:\dev\abd-context-driven-delivery\practices\clean_engineering\model\python\codeql\.examples\deep-module\faulty\cart\__init__.py in 12ms
[2026-10-05 15:51:29] [build-stdout] [INFO] [1] Extracted file C:\dev\abd-context-driven-delivery\practices\clean_engineering\model\python\codeql\.examples\avoid-vague-parameter-names\faulty\faultyAsset.py in 14ms
[2026-10-05 15:51:29] [build-stdout] [INFO] [3] Extracted file C:\dev\abd-context-driven-delivery\practices\clean_engineering\model\python\codeql\.examples\avoid-vague-parameter-names\repaired\repairedAsset.py in 13ms
[2026-10-05 15:51:29] [build-stdout] [INFO] [6] Extracted folder C:\dev\abd-context-driven-delivery\practices\clean_engineering\model\python\codeql\.examples\extensions-live-with-the-domain\faulty\domain in 1ms
[2026-10-05 15:51:29] [build-stdout] [INFO] [10] Extracted folder C:\dev\abd-context-driven-delivery\practices\clean_engineering\model\python\codeql\.examples\deep-module\repaired in 10ms
[2026-10-05 15:51:29] [build-stdout] [INFO] [2] Extracted file C:\dev\abd-context-driven-delivery\practices\clean_engineering\model\python\codeql\.examples\eliminate-duplication\faulty\faultyAsset.py in 12ms
[2026-10-05 15:51:29] [build-stdout] [INFO] [2] Extracted folder C:\dev\abd-context-driven-delivery\practices\clean_engineering\model\python\codeql\.examples\extensions-live-with-the-domain\faulty in 2ms
[2026-10-05 15:51:29] [build-stdout] [INFO] [14] Extracted folder C:\dev\abd-context-driven-delivery\practices\clean_engineering\model\python\codeql\.examples\do-not-invent-parallel-object-models\faulty in 11ms
[2026-10-05 15:51:29] [build-stdout] [INFO] [16] Extracted folder C:\dev\abd-context-driven-delivery\practices\clean_engineering\model\python\codeql\.examples\do-not-invent-parallel-object-models\repaired in 13ms
[2026-10-05 15:51:29] [build-stdout] [INFO] [4] Extracted folder C:\dev\abd-context-driven-delivery\practices\clean_engineering\model\python\codeql\.examples\eliminate-duplication\faulty in 16ms
[2026-10-05 15:51:29] [build-stdout] [INFO] [1] Extracted file C:\dev\abd-context-driven-delivery\practices\clean_engineering\model\python\codeql\.examples\extensions-live-with-the-domain\faulty\framework\graph_epic.py in 9ms
[2026-10-05 15:51:29] [build-stdout] [INFO] [6] Extracted file C:\dev\abd-context-driven-delivery\practices\clean_engineering\model\python\codeql\.examples\extensions-live-with-the-domain\faulty\framework\__init__.py in 8ms
[2026-10-05 15:51:29] [build-stdout] [INFO] [3] Extracted file C:\dev\abd-context-driven-delivery\practices\clean_engineering\model\python\codeql\.examples\extensions-live-with-the-domain\faulty\framework\node.py in 10ms
[2026-10-05 15:51:29] [build-stdout] [INFO] [6] Extracted folder C:\dev\abd-context-driven-delivery\practices\clean_engineering\model\python\codeql\.examples\extensions-live-with-the-domain\repaired\framework in 1ms
[2026-10-05 15:51:29] [build-stdout] [INFO] [3] Extracted folder C:\dev\abd-context-driven-delivery\practices\clean_engineering\model\python\codeql\.examples\extensions-live-with-the-domain\repaired in 2ms
[2026-10-05 15:51:29] [build-stdout] [INFO] [4] Extracted folder C:\dev\abd-context-driven-delivery\practices\clean_engineering\model\python\codeql\.examples\extensions-live-with-the-domain\repaired\domain in 4ms
[2026-10-05 15:51:29] [build-stdout] [INFO] [16] Extracted folder C:\dev\abd-context-driven-delivery\practices\clean_engineering\model\python\codeql\.examples\extensions-live-with-the-domain in 0ms
[2026-10-05 15:51:29] [build-stdout] [INFO] [1] Extracted file C:\dev\abd-context-driven-delivery\practices\clean_engineering\model\python\codeql\.examples\extensions-live-with-the-domain\repaired\framework\node.py in 5ms
[2026-10-05 15:51:29] [build-stdout] [WARN] [11] Failed to find .faultyAsset, Package at C:\dev\abd-context-driven-delivery\practices\clean_engineering\model\python\codeql\.examples\deep-module has no module faultyAsset
[2026-10-05 15:51:29] [build-stdout] [INFO] [16] Extracted folder C:\dev\abd-context-driven-delivery\practices\clean_engineering\model\python\codeql\.examples\hide-inner-details in 0ms
[2026-10-05 15:51:29] [build-stdout] [INFO] [10] Extracted folder C:\dev\abd-context-driven-delivery\practices\clean_engineering\model\python\codeql\.examples\extensions-live-with-the-domain\faulty\framework in 15ms
[2026-10-05 15:51:29] [build-stdout] [INFO] [5] Extracted folder C:\dev\abd-context-driven-delivery\practices\clean_engineering\model\python\codeql\.examples\eliminate-duplication\repaired in 20ms
[2026-10-05 15:51:29] [build-stdout] [INFO] [2] Extracted file C:\dev\abd-context-driven-delivery\practices\clean_engineering\model\python\codeql\.examples\extensions-live-with-the-domain\repaired\domain\epic.py in 11ms
[2026-10-05 15:51:29] [build-stdout] [INFO] [2] Extracted folder C:\dev\abd-context-driven-delivery\practices\clean_engineering\model\python\codeql\.examples\keep-classes-single-responsibility in 0ms
[2026-10-05 15:51:29] [build-stdout] [INFO] [17] Extracted folder C:\dev\abd-context-driven-delivery\practices\clean_engineering\model\python\codeql\.examples\hide-inner-details\faulty in 3ms
[2026-10-05 15:51:29] [build-stdout] [INFO] [17] Extracted folder C:\dev\abd-context-driven-delivery\practices\clean_engineering\model\python\codeql\.examples\keep-operations-small-focused\faulty in 2ms
[2026-10-05 15:51:29] [build-stdout] [INFO] [3] Extracted file C:\dev\abd-context-driven-delivery\practices\clean_engineering\model\python\codeql\.examples\hide-inner-details\repaired\repairedAsset.py in 9ms
[2026-10-05 15:51:29] [build-stdout] [INFO] [4] Extracted folder C:\dev\abd-context-driven-delivery\practices\clean_engineering\model\python\codeql\.examples\hide-inner-details\repaired in 9ms
[2026-10-05 15:51:29] [build-stdout] [INFO] [4] Extracted folder C:\dev\abd-context-driven-delivery\practices\clean_engineering\model\python\codeql\.examples\keep-operations-small-focused in 0ms
[2026-10-05 15:51:29] [build-stdout] [INFO] [16] Extracted folder C:\dev\abd-context-driven-delivery\practices\clean_engineering\model\python\codeql\.examples\keep-classes-single-responsibility\faulty in 9ms
[2026-10-05 15:51:29] [build-stdout] [INFO] [5] Extracted folder C:\dev\abd-context-driven-delivery\practices\clean_engineering\model\python\codeql\.examples\keep-classes-single-responsibility\repaired in 9ms
[2026-10-05 15:51:29] [build-stdout] [INFO] [9] Extracted file C:\dev\abd-context-driven-delivery\practices\clean_engineering\model\python\codeql\.examples\deep-module\repaired\repairedAsset.py in 37ms
[2026-10-05 15:51:29] [build-stdout] [INFO] [3] Extracted folder C:\dev\abd-context-driven-delivery\practices\clean_engineering\model\python\codeql\.examples\keep-operations-small-focused\repaired in 2ms
[2026-10-05 15:51:29] [build-stdout] [INFO] [13] Extracted file C:\dev\abd-context-driven-delivery\practices\clean_engineering\model\python\codeql\.examples\do-not-invent-parallel-object-models\faulty\faultyAsset.py in 34ms
[2026-10-05 15:51:29] [build-stdout] [INFO] [9] Extracted folder C:\dev\abd-context-driven-delivery\practices\clean_engineering\model\python\codeql\.examples\language-modules-one-section in 0ms
[2026-10-05 15:51:29] [build-stdout] [INFO] [7] Extracted file C:\dev\abd-context-driven-delivery\practices\clean_engineering\model\python\codeql\.examples\extensions-live-with-the-domain\faulty\domain\__init__.py in 28ms
[2026-10-05 15:51:29] [build-stdout] [INFO] [3] Extracted folder C:\dev\abd-context-driven-delivery\practices\clean_engineering\model\python\codeql\.examples\language-modules-one-section\repaired in 1ms
[2026-10-05 15:51:29] [build-stdout] [INFO] [3] Extracted folder C:\dev\abd-context-driven-delivery\practices\clean_engineering\model\python\codeql\.examples\layer-separation\repaired in 2ms
[2026-10-05 15:51:29] [build-stdout] [INFO] [3] Extracted folder C:\dev\abd-context-driven-delivery\practices\clean_engineering\model\python\codeql\.examples\layer-separation in 0ms
[2026-10-05 15:51:29] [build-stdout] [INFO] [16] Extracted folder C:\dev\abd-context-driven-delivery\practices\clean_engineering\model\python\codeql\.examples\language-modules-one-section\faulty in 4ms
[2026-10-05 15:51:29] [build-stdout] [INFO] [6] Extracted file C:\dev\abd-context-driven-delivery\practices\clean_engineering\model\python\codeql\.examples\hide-inner-details\faulty\faultyAsset.py in 16ms
[2026-10-05 15:51:29] [build-stdout] [INFO] [12] Extracted file C:\dev\abd-context-driven-delivery\practices\clean_engineering\model\python\codeql\.examples\eliminate-duplication\repaired\repairedAsset.py in 38ms
[2026-10-05 15:51:29] [build-stdout] [INFO] [13] Extracted folder C:\dev\abd-context-driven-delivery\practices\clean_engineering\model\python\codeql\.examples\layer-separation\faulty in 6ms
[2026-10-05 15:51:29] [build-stdout] [INFO] [11] Extracted file C:\dev\abd-context-driven-delivery\practices\clean_engineering\model\python\codeql\.examples\deep-module\__init__.py in 43ms
[2026-10-05 15:51:29] [build-stdout] [INFO] [16] Extracted folder C:\dev\abd-context-driven-delivery\practices\clean_engineering\model\python\codeql\.examples\limit-comments\faulty in 4ms
[2026-10-05 15:51:29] [build-stdout] [INFO] [13] Extracted folder C:\dev\abd-context-driven-delivery\practices\clean_engineering\model\python\codeql\.examples\limit-comments in 0ms
[2026-10-05 15:51:29] [build-stdout] [INFO] [14] Extracted file C:\dev\abd-context-driven-delivery\practices\clean_engineering\model\python\codeql\.examples\extensions-live-with-the-domain\repaired\repairedAsset.py in 20ms
[2026-10-05 15:51:29] [build-stdout] [INFO] [12] Extracted folder C:\dev\abd-context-driven-delivery\practices\clean_engineering\model\python\codeql\.examples\limit-comments\repaired in 3ms
[2026-10-05 15:51:29] [build-stdout] [INFO] [12] Extracted folder C:\dev\abd-context-driven-delivery\practices\clean_engineering\model\python\codeql\.examples\limit-operation-parameters in 0ms
[2026-10-05 15:51:29] [build-stdout] [INFO] [8] Extracted file C:\dev\abd-context-driven-delivery\practices\clean_engineering\model\python\codeql\.examples\extensions-live-with-the-domain\faulty\domain\epic.py in 37ms
[2026-10-05 15:51:29] [build-stdout] [INFO] [8] Extracted folder C:\dev\abd-context-driven-delivery\practices\clean_engineering\model\python\codeql\.examples\low-coupling in 0ms
[2026-10-05 15:51:29] [build-stdout] [INFO] [13] Extracted folder C:\dev\abd-context-driven-delivery\practices\clean_engineering\model\python\codeql\.examples\limit-operation-parameters\faulty in 2ms
[2026-10-05 15:51:29] [build-stdout] [INFO] [14] Extracted folder C:\dev\abd-context-driven-delivery\practices\clean_engineering\model\python\codeql\.examples\limit-operation-parameters\repaired in 1ms
[2026-10-05 15:51:29] [build-stdout] [INFO] [15] Extracted file C:\dev\abd-context-driven-delivery\practices\clean_engineering\model\python\codeql\.examples\do-not-invent-parallel-object-models\repaired\repairedAsset.py in 45ms
[2026-10-05 15:51:29] [build-stdout] [INFO] [2] Extracted file C:\dev\abd-context-driven-delivery\practices\clean_engineering\model\python\codeql\.examples\keep-operations-small-focused\faulty\faultyAsset.py in 24ms
[2026-10-05 15:51:29] [build-stdout] [INFO] [1] Extracted file C:\dev\abd-context-driven-delivery\practices\clean_engineering\model\python\codeql\.examples\keep-classes-single-responsibility\faulty\faultyAsset.py in 29ms
[2026-10-05 15:51:29] [build-stdout] [INFO] [10] Extracted file C:\dev\abd-context-driven-delivery\practices\clean_engineering\model\python\codeql\.examples\keep-classes-single-responsibility\repaired\repairedAsset.py in 28ms
[2026-10-05 15:51:29] [build-stdout] [INFO] [1] Extracted folder C:\dev\abd-context-driven-delivery\practices\clean_engineering\model\python\codeql\.examples\never-swallow-exceptions\faulty in 2ms
[2026-10-05 15:51:29] [build-stdout] [INFO] [4] Extracted file C:\dev\abd-context-driven-delivery\practices\clean_engineering\model\python\codeql\.examples\language-modules-one-section\faulty\faultyAsset.py in 23ms
[2026-10-05 15:51:29] [build-stdout] [INFO] [1] Extracted folder C:\dev\abd-context-driven-delivery\practices\clean_engineering\model\python\codeql\.examples\prefer-class-operations\repaired in 2ms
[2026-10-05 15:51:29] [build-stdout] [INFO] [5] Extracted file C:\dev\abd-context-driven-delivery\practices\clean_engineering\model\python\codeql\.examples\language-modules-one-section\repaired\repairedAsset.py in 25ms
[2026-10-05 15:51:29] [build-stdout] [INFO] [4] Extracted folder C:\dev\abd-context-driven-delivery\practices\clean_engineering\model\python\codeql\.examples\prefer-class-operations\faulty in 4ms
[2026-10-05 15:51:29] [build-stdout] [INFO] [17] Extracted file C:\dev\abd-context-driven-delivery\practices\clean_engineering\model\python\codeql\.examples\keep-operations-small-focused\repaired\repairedAsset.py in 30ms
[2026-10-05 15:51:29] [build-stdout] [INFO] [17] Extracted folder C:\dev\abd-context-driven-delivery\practices\clean_engineering\model\python\codeql\.examples\public-seam-only\faulty in 5ms
[2026-10-05 15:51:29] [build-stdout] [INFO] [11] Extracted file C:\dev\abd-context-driven-delivery\practices\clean_engineering\model\python\codeql\.examples\limit-operation-parameters\faulty\faultyAsset.py in 25ms
[2026-10-05 15:51:29] [build-stdout] [INFO] [3] Extracted file C:\dev\abd-context-driven-delivery\practices\clean_engineering\model\python\codeql\.examples\limit-comments\faulty\faultyAsset.py in 30ms
[2026-10-05 15:51:29] [build-stdout] [INFO] [6] Extracted file C:\dev\abd-context-driven-delivery\practices\clean_engineering\model\python\codeql\.examples\limit-comments\repaired\repairedAsset.py in 30ms
[2026-10-05 15:51:29] [build-stdout] [INFO] [7] Extracted file C:\dev\abd-context-driven-delivery\practices\clean_engineering\model\python\codeql\.examples\layer-separation\repaired\repairedAsset.py in 33ms
[2026-10-05 15:51:29] [build-stdout] [INFO] [9] Extracted file C:\dev\abd-context-driven-delivery\practices\clean_engineering\model\python\codeql\.examples\layer-separation\faulty\faultyAsset.py in 34ms
[2026-10-05 15:51:29] [build-stdout] [INFO] [8] Extracted file C:\dev\abd-context-driven-delivery\practices\clean_engineering\model\python\codeql\.examples\missing-module-context\faulty\faultyAsset.py in 25ms
[2026-10-05 15:51:29] [build-stdout] [INFO] [17] Extracted folder C:\dev\abd-context-driven-delivery\practices\clean_engineering\model\python\codeql\.examples\provide-meaningful-context\faulty in 3ms
[2026-10-05 15:51:29] [build-stdout] [INFO] [14] Extracted file C:\dev\abd-context-driven-delivery\practices\clean_engineering\model\python\codeql\.examples\missing-module-context\repaired\repairedAsset.py in 26ms
[2026-10-05 15:51:29] [build-stdout] [INFO] [13] Extracted file C:\dev\abd-context-driven-delivery\practices\clean_engineering\model\python\codeql\.examples\low-coupling\repaired\repairedAsset.py in 26ms
[2026-10-05 15:51:29] [build-stdout] [INFO] [3] Extracted folder C:\dev\abd-context-driven-delivery\practices\clean_engineering\model\python\codeql\.examples\use-intention-revealing-names\repaired in 4ms
[2026-10-05 15:51:29] [build-stdout] [INFO] [3] Extracted folder C:\dev\abd-context-driven-delivery\practices\clean_engineering\model\python\codeql\.examples\missing-module-context in 0ms
[2026-10-05 15:51:29] [build-stdout] [INFO] [16] Extracted file C:\dev\abd-context-driven-delivery\practices\clean_engineering\model\python\codeql\.examples\limit-operation-parameters\repaired\repairedAsset.py in 29ms
[2026-10-05 15:51:29] [build-stdout] [INFO] [11] Extracted folder C:\dev\abd-context-driven-delivery\practices\clean_engineering\model\python\codeql\.examples\use-intention-revealing-names\faulty in 5ms
[2026-10-05 15:51:29] [build-stdout] [INFO] [9] Extracted folder C:\dev\abd-context-driven-delivery\practices\clean_engineering\model\python\codeql\.examples\shape-classes-around-resources\repaired in 4ms
[2026-10-05 15:51:29] [build-stdout] [INFO] [17] Extracted folder C:\dev\abd-context-driven-delivery\practices\clean_engineering\model\python\codeql\.examples\shape-classes-around-resources\faulty in 4ms
[2026-10-05 15:51:29] [build-stdout] [INFO] [12] Extracted file C:\dev\abd-context-driven-delivery\practices\clean_engineering\model\python\codeql\.examples\low-coupling\faulty\faultyAsset.py in 30ms
[2026-10-05 15:51:29] [build-stdout] [INFO] [7] Extracted folder C:\dev\abd-context-driven-delivery\practices\clean_engineering\model\python\codeql\.examples\use-consistent-naming\repaired in 5ms
[2026-10-05 15:51:29] [build-stdout] [INFO] [6] Extracted folder C:\dev\abd-context-driven-delivery\practices\clean_engineering\model\python\codeql\.examples\use-typed-signatures\repaired in 5ms
[2026-10-05 15:51:29] [build-stdout] [INFO] [15] Extracted file C:\dev\abd-context-driven-delivery\practices\clean_engineering\model\python\codeql\.examples\one-way-deps\repaired\alpha.py in 27ms
[2026-10-05 15:51:29] [build-stdout] [INFO] [13] Extracted folder C:\dev\abd-context-driven-delivery\practices\clean_engineering\model\python\codeql\.examples\one-way-deps\faulty in 3ms
[2026-10-05 15:51:29] [build-stdout] [INFO] [13] Extracted folder C:\dev\abd-context-driven-delivery\practices\clean_engineering\model\python\codeql\.examples\use-intention-revealing-names in 0ms
[2026-10-05 15:51:29] [build-stdout] [INFO] [14] Extracted folder C:\dev\abd-context-driven-delivery\practices\clean_engineering\model\python\codeql\.examples\use-property-not-accessor\repaired in 4ms
[2026-10-05 15:51:29] [build-stdout] [INFO] [10] Extracted file C:\dev\abd-context-driven-delivery\practices\clean_engineering\model\python\codeql\.examples\public-seam-only\faulty\faultyAsset.py in 21ms
[2026-10-05 15:51:29] [build-stdout] [INFO] [12] Extracted folder C:\dev\abd-context-driven-delivery\practices\clean_engineering\model\python\codeql\.examples\low-coupling\faulty in 2ms
[2026-10-05 15:51:29] [build-stdout] [INFO] [12] Extracted folder C:\dev\abd-context-driven-delivery\practices\clean_engineering\model\python\codeql\.examples\use-exceptions-properly in 0ms
[2026-10-05 15:51:29] [build-stdout] [INFO] [17] Extracted folder C:\dev\abd-context-driven-delivery\practices\clean_engineering\model\python\codeql\.examples\low-coupling\repaired in 3ms
[2026-10-05 15:51:29] [build-stdout] [INFO] [2] Extracted file C:\dev\abd-context-driven-delivery\practices\clean_engineering\model\python\codeql\.examples\one-way-deps\faulty\alpha.py in 27ms
[2026-10-05 15:51:29] [build-stdout] [INFO] [2] Extracted folder C:\dev\abd-context-driven-delivery\practices\clean_engineering\model\python\codeql\.examples\put-logic-on-the-owning-resource in 0ms
[2026-10-05 15:51:29] [build-stdout] [INFO] [7] Extracted folder C:\dev\abd-context-driven-delivery\practices\clean_engineering\model\python\codeql\.examples\simplify-control-flow\faulty in 4ms
[2026-10-05 15:51:29] [build-stdout] [INFO] [1] Extracted file C:\dev\abd-context-driven-delivery\practices\clean_engineering\model\python\codeql\.examples\put-logic-on-the-owning-resource\repaired\repairedAsset.py in 22ms
[2026-10-05 15:51:29] [build-stdout] [INFO] [13] Extracted folder C:\dev\abd-context-driven-delivery\practices\clean_engineering\model\python\codeql\.examples\modules-not-model-blocks\repaired in 6ms
[2026-10-05 15:51:29] [build-stdout] [INFO] [14] Extracted folder C:\dev\abd-context-driven-delivery\practices\clean_engineering\model\python\codeql\.examples\named-seam-and-constraint\repaired in 6ms
[2026-10-05 15:51:29] [build-stdout] [INFO] [1] Extracted folder C:\dev\abd-context-driven-delivery\practices\clean_engineering\model\python\codeql\.examples\use-typed-signatures in 0ms
[2026-10-05 15:51:29] [build-stdout] [INFO] [14] Extracted folder C:\dev\abd-context-driven-delivery\practices\clean_engineering\model\python\codeql\.examples\simplify-control-flow in 0ms
[2026-10-05 15:51:29] [build-stdout] [INFO] [12] Extracted folder C:\dev\abd-context-driven-delivery\practices\clean_engineering\model\python\codeql\.examples\use-consistent-naming\faulty in 7ms
[2026-10-05 15:51:29] [build-stdout] [INFO] [7] Extracted folder C:\dev\abd-context-driven-delivery\practices\clean_engineering\model\python\codeql\.examples\missing-module-context\repaired in 7ms
[2026-10-05 15:51:29] [build-stdout] [INFO] [13] Extracted folder C:\dev\abd-context-driven-delivery\practices\clean_engineering\model\python\codeql\.examples\public-seam-only\repaired in 4ms
[2026-10-05 15:51:29] [build-stdout] [INFO] [2] Extracted folder C:\dev\abd-context-driven-delivery\practices\clean_engineering\model\python\codeql\.examples\prefer-instance-operations\faulty in 8ms
[2026-10-05 15:51:29] [build-stdout] [INFO] [5] Extracted file C:\dev\abd-context-driven-delivery\practices\clean_engineering\model\python\codeql\.examples\use-consistent-naming\faulty\faultyAsset.py in 26ms
[2026-10-05 15:51:29] [build-stdout] [INFO] [14] Extracted folder C:\dev\abd-context-driven-delivery\practices\clean_engineering\model\python\codeql\.examples\put-logic-on-the-owning-resource\repaired in 6ms
[2026-10-05 15:51:29] [build-stdout] [INFO] [7] Extracted folder C:\dev\abd-context-driven-delivery\practices\clean_engineering\model\python\codeql\.examples\simplify-control-flow\repaired in 4ms
[2026-10-05 15:51:29] [build-stdout] [INFO] [13] Extracted folder C:\dev\abd-context-driven-delivery\practices\clean_engineering\model\python\codeql\.examples\use-explicit-dependencies\faulty in 4ms
[2026-10-05 15:51:29] [build-stdout] [INFO] [7] Extracted folder C:\dev\abd-context-driven-delivery\practices\clean_engineering\model\python\codeql\.examples\named-seam-and-constraint in 0ms
[2026-10-05 15:51:29] [build-stdout] [INFO] [14] Extracted folder C:\dev\abd-context-driven-delivery\practices\clean_engineering\model\python\codeql\.examples\named-seam-and-constraint\faulty in 3ms
[2026-10-05 15:51:29] [build-stdout] [INFO] [7] Extracted folder C:\dev\abd-context-driven-delivery\practices\clean_engineering\model\python\codeql\.examples\use-exceptions-properly\repaired in 2ms
[2026-10-05 15:51:29] [build-stdout] [INFO] [8] Extracted file C:\dev\abd-context-driven-delivery\practices\clean_engineering\model\python\codeql\.examples\modules-not-model-blocks\faulty\faultyAsset.py in 24ms
[2026-10-05 15:51:29] [build-stdout] [INFO] [8] Extracted folder C:\dev\abd-context-driven-delivery\practices\clean_engineering\model\python\codeql\.examples\use-property-not-accessor in 0ms
[2026-10-05 15:51:29] [build-stdout] [INFO] [16] Extracted file C:\dev\abd-context-driven-delivery\practices\clean_engineering\model\python\codeql\.examples\use-intention-revealing-names\repaired\repairedAsset.py in 22ms
[2026-10-05 15:51:29] [build-stdout] [INFO] [3] Extracted file C:\dev\abd-context-driven-delivery\practices\clean_engineering\model\python\codeql\.examples\prefer-class-operations\repaired\repairedAsset.py in 23ms
[2026-10-05 15:51:29] [build-stdout] [INFO] [3] Extracted folder C:\dev\abd-context-driven-delivery\practices\clean_engineering\model\python\codeql\.examples\provide-meaningful-context in 0ms
[2026-10-05 15:51:29] [build-stdout] [INFO] [8] Extracted folder C:\dev\abd-context-driven-delivery\practices\clean_engineering\model\python\codeql\.examples\one-way-deps\repaired in 2ms
[2026-10-05 15:51:29] [build-stdout] [INFO] [8] Extracted folder C:\dev\abd-context-driven-delivery\practices\clean_engineering\model\python\codeql\.examples\never-swallow-exceptions in 0ms
[2026-10-05 15:51:29] [build-stdout] [INFO] [6] Extracted file C:\dev\abd-context-driven-delivery\practices\clean_engineering\model\python\codeql\.examples\public-seam-only\repaired\repairedAsset.py in 24ms
[2026-10-05 15:51:29] [build-stdout] [INFO] [3] Extracted folder C:\dev\abd-context-driven-delivery\practices\clean_engineering\model\python\codeql\.examples\modules-not-model-blocks\faulty in 4ms
[2026-10-05 15:51:29] [build-stdout] [INFO] [16] Extracted folder C:\dev\abd-context-driven-delivery\practices\clean_engineering\model\python\codeql\.examples\use-explicit-dependencies\repaired in 4ms
[2026-10-05 15:51:29] [build-stdout] [INFO] [3] Extracted folder C:\dev\abd-context-driven-delivery\practices\clean_engineering\model\python\codeql\.examples\one-way-deps in 0ms
[2026-10-05 15:51:29] [build-stdout] [INFO] [3] Extracted folder C:\dev\abd-context-driven-delivery\practices\clean_engineering\model\python\codeql\.examples\modules-not-model-blocks in 0ms
[2026-10-05 15:51:29] [build-stdout] [INFO] [16] Extracted folder C:\dev\abd-context-driven-delivery\practices\clean_engineering\model\python\codeql\.examples\prefer-class-operations in 0ms
[2026-10-05 15:51:29] [build-stdout] [INFO] [6] Extracted folder C:\dev\abd-context-driven-delivery\practices\clean_engineering\model\python\codeql\.examples\missing-module-context\faulty in 2ms
[2026-10-05 15:51:29] [build-stdout] [INFO] [15] Extracted file C:\dev\abd-context-driven-delivery\practices\clean_engineering\model\python\codeql\.examples\use-exceptions-properly\repaired\repairedAsset.py in 25ms
[2026-10-05 15:51:29] [build-stdout] [INFO] [10] Extracted file C:\dev\abd-context-driven-delivery\practices\clean_engineering\model\python\codeql\.examples\use-exceptions-properly\faulty\faultyAsset.py in 23ms
[2026-10-05 15:51:29] [build-stdout] [INFO] [16] Extracted folder C:\dev\abd-context-driven-delivery\practices\clean_engineering\model\python\codeql\.examples\shape-classes-around-resources in 0ms
[2026-10-05 15:51:29] [build-stdout] [INFO] [10] Extracted folder C:\dev\abd-context-driven-delivery\practices\clean_engineering\model\python\codeql\.examples\use-explicit-dependencies in 0ms
[2026-10-05 15:51:29] [build-stdout] [INFO] [17] Extracted file C:\dev\abd-context-driven-delivery\practices\clean_engineering\model\python\codeql\.examples\prefer-instance-operations\repaired\repairedAsset.py in 23ms
[2026-10-05 15:51:29] [build-stdout] [INFO] [17] Extracted folder C:\dev\abd-context-driven-delivery\practices\clean_engineering\model\python\codeql\.examples\use-consistent-naming in 0ms
[2026-10-05 15:51:29] [build-stdout] [INFO] [15] Extracted folder C:\dev\abd-context-driven-delivery\practices\clean_engineering\model\python\codeql\.examples\use-typed-signatures\faulty in 1ms
[2026-10-05 15:51:29] [build-stdout] [INFO] [1] Extracted file C:\dev\abd-context-driven-delivery\practices\clean_engineering\model\python\codeql\.examples\provide-meaningful-context\faulty\faultyAsset.py in 20ms
[2026-10-05 15:51:29] [build-stdout] [INFO] [9] Extracted file C:\dev\abd-context-driven-delivery\practices\clean_engineering\model\python\codeql\.examples\use-typed-signatures\repaired\repairedAsset.py in 29ms
[2026-10-05 15:51:29] [build-stdout] [INFO] [11] Extracted file C:\dev\abd-context-driven-delivery\practices\clean_engineering\model\python\codeql\.examples\use-typed-signatures\faulty\faultyAsset.py in 30ms
[2026-10-05 15:51:29] [build-stdout] [INFO] [9] Extracted folder C:\dev\abd-context-driven-delivery\practices\clean_engineering\model\python\codeql\.examples\public-seam-only in 0ms
[2026-10-05 15:51:29] [build-stdout] [INFO] [2] Extracted file C:\dev\abd-context-driven-delivery\practices\clean_engineering\model\python\codeql\.examples\use-property-not-accessor\repaired\repairedAsset.py in 22ms
[2026-10-05 15:51:30] [build-stdout] [INFO] [2] Extracted folder C:\dev\abd-context-driven-delivery\practices\clean_engineering\model\python\codeql\.examples\prefer-instance-operations\repaired in 2ms
[2026-10-05 15:51:30] [build-stdout] [INFO] [4] Extracted file C:\dev\abd-context-driven-delivery\practices\clean_engineering\model\python\codeql\.examples\put-logic-on-the-owning-resource\faulty\faultyAsset.py in 51ms
[2026-10-05 15:51:30] [build-stdout] [INFO] [12] Extracted file C:\dev\abd-context-driven-delivery\practices\clean_engineering\model\python\codeql\.examples\shape-classes-around-resources\repaired\repairedAsset.py in 29ms
[2026-10-05 15:51:30] [build-stdout] [INFO] [5] Extracted file C:\dev\abd-context-driven-delivery\practices\clean_engineering\model\python\codeql\.examples\simplify-control-flow\repaired\repairedAsset.py in 28ms
[2026-10-05 15:51:30] [build-stdout] [INFO] [13] Extracted file C:\dev\abd-context-driven-delivery\practices\clean_engineering\model\python\codeql\.examples\prefer-class-operations\faulty\faultyAsset.py in 25ms
[2026-10-05 15:51:30] [build-stdout] [INFO] [7] Extracted file C:\dev\abd-context-driven-delivery\practices\clean_engineering\model\python\codeql\.examples\use-consistent-naming\repaired\repairedAsset.py in 24ms
[2026-10-05 15:51:30] [build-stdout] [INFO] [14] Extracted file C:\dev\abd-context-driven-delivery\practices\clean_engineering\model\python\codeql\.examples\named-seam-and-constraint\repaired\repairedAsset.py in 27ms
[2026-10-05 15:51:30] [build-stdout] [INFO] [12] Extracted folder C:\dev\abd-context-driven-delivery\practices\clean_engineering\model\python\codeql\.examples\use-exceptions-properly\faulty in 6ms
[2026-10-05 15:51:30] [build-stdout] [INFO] [5] Extracted folder C:\dev\abd-context-driven-delivery\practices\clean_engineering\model\python\codeql\.examples\put-logic-on-the-owning-resource\faulty in 6ms
[2026-10-05 15:51:30] [build-stdout] [INFO] [12] Extracted folder C:\dev\abd-context-driven-delivery\practices\clean_engineering\model\python\codeql\.examples\prefer-instance-operations in 0ms
[2026-10-05 15:51:30] [build-stdout] [INFO] [13] Extracted folder C:\dev\abd-context-driven-delivery\practices\clean_engineering\model\python\codeql\.examples\never-swallow-exceptions\repaired in 6ms
[2026-10-05 15:51:30] [build-stdout] [INFO] [12] Extracted folder C:\dev\abd-context-driven-delivery\practices\clean_engineering\model\python\codeql\.examples\use-property-not-accessor\faulty in 2ms
[2026-10-05 15:51:30] [build-stdout] [INFO] [13] Extracted folder C:\dev\abd-context-driven-delivery\practices\clean_engineering\model\python\codeql\.examples\provide-meaningful-context\repaired in 2ms
[2026-10-05 15:51:30] [build-stdout] [INFO] [9] Extracted file C:\dev\abd-context-driven-delivery\practices\clean_engineering\model\python\codeql\.examples\one-way-deps\repaired\beta.py in 21ms
[2026-10-05 15:51:30] [build-stdout] [INFO] [6] Extracted file C:\dev\abd-context-driven-delivery\practices\clean_engineering\model\python\codeql\.examples\one-way-deps\faulty\beta.py in 27ms
[2026-10-05 15:51:30] [build-stdout] [INFO] [10] Extracted file C:\dev\abd-context-driven-delivery\practices\clean_engineering\model\python\codeql\.examples\named-seam-and-constraint\faulty\faultyAsset.py in 27ms
[2026-10-05 15:51:30] [build-stdout] [INFO] [3] Extracted file C:\dev\abd-context-driven-delivery\practices\clean_engineering\model\python\codeql\.examples\provide-meaningful-context\repaired\repairedAsset.py in 28ms
[2026-10-05 15:51:30] [build-stdout] [INFO] [1] Extracted file C:\dev\abd-context-driven-delivery\practices\clean_engineering\model\python\codeql\.examples\use-explicit-dependencies\repaired\repairedAsset.py in 24ms
[2026-10-05 15:51:30] [build-stdout] [INFO] [17] Extracted file C:\dev\abd-context-driven-delivery\practices\clean_engineering\model\python\codeql\.examples\never-swallow-exceptions\repaired\repairedAsset.py in 27ms
[2026-10-05 15:51:30] [build-stdout] [INFO] [8] Extracted file C:\dev\abd-context-driven-delivery\practices\clean_engineering\model\python\codeql\.examples\use-explicit-dependencies\faulty\faultyAsset.py in 31ms
[2026-10-05 15:51:30] [build-stdout] [INFO] [16] Extracted file C:\dev\abd-context-driven-delivery\practices\clean_engineering\model\python\codeql\.examples\use-intention-revealing-names\faulty\faultyAsset.py in 28ms
[2026-10-05 15:51:30] [build-stdout] [INFO] [15] Extracted file C:\dev\abd-context-driven-delivery\practices\clean_engineering\model\python\codeql\.examples\one-way-deps\repaired\repairedAsset.py in 29ms
[2026-10-05 15:51:30] [build-stdout] [INFO] [4] Extracted file C:\dev\abd-context-driven-delivery\practices\clean_engineering\model\python\codeql\.examples\never-swallow-exceptions\faulty\faultyAsset.py in 18ms
[2026-10-05 15:51:30] [build-stdout] [INFO] [2] Extracted file C:\dev\abd-context-driven-delivery\practices\clean_engineering\model\python\codeql\.examples\prefer-instance-operations\faulty\faultyAsset.py in 21ms
[2026-10-05 15:51:30] [build-stdout] [INFO] [11] Extracted file C:\dev\abd-context-driven-delivery\practices\clean_engineering\model\python\codeql\.examples\use-property-not-accessor\faulty\faultyAsset.py in 28ms
[2026-10-05 15:51:30] [build-stdout] [INFO] [14] Extracted file C:\dev\abd-context-driven-delivery\practices\clean_engineering\model\python\codeql\.examples\modules-not-model-blocks\repaired\repairedAsset.py in 14ms
[2026-10-05 15:51:30] [build-stdout] [INFO] [7] Extracted file C:\dev\abd-context-driven-delivery\practices\clean_engineering\model\python\codeql\.examples\shape-classes-around-resources\faulty\faultyAsset.py in 18ms
[2026-10-05 15:51:30] [build-stdout] [INFO] [5] Extracted file C:\dev\abd-context-driven-delivery\practices\clean_engineering\model\python\codeql\.examples\simplify-control-flow\faulty\faultyAsset.py in 13ms
[2026-10-05 15:51:30] [build-stdout] [INFO] Processed 170 modules in 0.48s
[2026-10-05 15:51:30] Plumbing command codeql database trace-command completed.
[2026-10-05 15:51:30] [PROGRESS] database create> Finalizing database at C:\dev\abd-context-driven-delivery\practices\clean_engineering\model\python\codeql\.examples\.codeql\clean_engineering\python-master.
[2026-10-05 15:51:30] Running plumbing command: codeql database finalize --no-db-cluster -- C:\dev\abd-context-driven-delivery\practices\clean_engineering\model\python\codeql\.examples\.codeql\clean_engineering\python-master
[2026-10-05 15:51:30] Using pre-finalize script C:\Users\jeffa\AppData\Local\Programs\CodeQL\codeql\python\tools\pre-finalize.cmd.
[2026-10-05 15:51:30] [PROGRESS] database finalize> Running pre-finalize script C:\Users\jeffa\AppData\Local\Programs\CodeQL\codeql\python\tools\pre-finalize.cmd in C:\dev\abd-context-driven-delivery\practices\clean_engineering\model\python\codeql\.examples.
[2026-10-05 15:51:30] Running plumbing command: codeql database trace-command --working-dir=C:\dev\abd-context-driven-delivery\practices\clean_engineering\model\python\codeql\.examples --no-tracing -- C:\dev\abd-context-driven-delivery\practices\clean_engineering\model\python\codeql\.examples\.codeql\clean_engineering\python-master C:\Users\jeffa\AppData\Local\Programs\CodeQL\codeql\python\tools\pre-finalize.cmd
[2026-10-05 15:51:30] [PROGRESS] database trace-command> Running command in C:\dev\abd-context-driven-delivery\practices\clean_engineering\model\python\codeql\.examples: [C:\Users\jeffa\AppData\Local\Programs\CodeQL\codeql\python\tools\pre-finalize.cmd]
[2026-10-05 15:51:31] [build-stderr] Scanning for files in C:\dev\abd-context-driven-delivery\practices\clean_engineering\model\python\codeql\.examples...
[2026-10-05 15:51:31] [build-stderr] C:\dev\abd-context-driven-delivery\practices\clean_engineering\model\python\codeql\.examples\.codeql\clean_engineering\python-master: Indexing files in in C:\dev\abd-context-driven-delivery\practices\clean_engineering\model\python\codeql\.examples...
[2026-10-05 15:51:31] [build-stderr] Running command in C:\dev\abd-context-driven-delivery\practices\clean_engineering\model\python\codeql\.examples: [C:\Users\jeffa\AppData\Local\Programs\CodeQL\codeql\yaml\tools\index-files.cmd, C:\dev\abd-context-driven-delivery\practices\clean_engineering\model\python\codeql\.examples\.codeql\clean_engineering\python-master\working\files-to-index9806992905759595983.list]
[2026-10-05 15:51:31] Plumbing command codeql database trace-command completed.
[2026-10-05 15:51:31] [PROGRESS] database finalize> Pre-finalize script C:\Users\jeffa\AppData\Local\Programs\CodeQL\codeql\python\tools\pre-finalize.cmd completed in 1099 ms.
[2026-10-05 15:51:31] [PROGRESS] database finalize> Running TRAP import for CodeQL database at C:\dev\abd-context-driven-delivery\practices\clean_engineering\model\python\codeql\.examples\.codeql\clean_engineering\python-master...
[2026-10-05 15:51:31] Running plumbing command: codeql dataset import --dbscheme=C:\Users\jeffa\AppData\Local\Programs\CodeQL\codeql\python\semmlecode.python.dbscheme -- C:\dev\abd-context-driven-delivery\practices\clean_engineering\model\python\codeql\.examples\.codeql\clean_engineering\python-master\db-python C:\dev\abd-context-driven-delivery\practices\clean_engineering\model\python\codeql\.examples\.codeql\clean_engineering\python-master\trap\python
[2026-10-05 15:51:31] Clearing disk cache since the version file C:\dev\abd-context-driven-delivery\practices\clean_engineering\model\python\codeql\.examples\.codeql\clean_engineering\python-master\db-python\default\cache\version does not exist
[2026-10-05 15:51:31] Tuple pool not found. Clearing relations with cached strings
[2026-10-05 15:51:31] Trimming disk cache at C:\dev\abd-context-driven-delivery\practices\clean_engineering\model\python\codeql\.examples\.codeql\clean_engineering\python-master\db-python\default\cache in mode clear.
[2026-10-05 15:51:31] Sequence stamp origin is -5860612189675595588
[2026-10-05 15:51:31] Pausing evaluation to hard-clear memory at sequence stamp o+0
[2026-10-05 15:51:31] Unpausing evaluation
[2026-10-05 15:51:31] Pausing evaluation to quickly trim disk at sequence stamp o+1
[2026-10-05 15:51:31] Unpausing evaluation
[2026-10-05 15:51:31] Pausing evaluation to zealously trim disk at sequence stamp o+2
[2026-10-05 15:51:31] Unpausing evaluation
[2026-10-05 15:51:31] Trimming completed (8ms): Purged everything.
[2026-10-05 15:51:31] Scanning for files in C:\dev\abd-context-driven-delivery\practices\clean_engineering\model\python\codeql\.examples\.codeql\clean_engineering\python-master\trap\python
[2026-10-05 15:51:31] Found 161 TRAP files (652.85 KiB)
[2026-10-05 15:51:31] [PROGRESS] dataset import> Importing TRAP files
[2026-10-05 15:51:31] Importing $files.529D9dpeTgVc6pl37yg3NvgSczo=.trap.gz (1 of 161)
[2026-10-05 15:51:31] Importing $files.5f8poPBZZX8w8oZ6d7faEd9Uqj0=.trap.gz (2 of 161)
[2026-10-05 15:51:31] Importing $files.6tEtkjQbwmNFOlm7inxMq3_gefI=.trap.gz (3 of 161)
[2026-10-05 15:51:31] Importing $files.6x4o4FGCbUnE5GxKYbt5NSG5LoE=.trap.gz (4 of 161)
[2026-10-05 15:51:31] Importing $files.7K6Qedpk9-fwzvSWypmhKMXX2Oc=.trap.gz (5 of 161)
[2026-10-05 15:51:32] Importing $files.7iiQTctY-xRvc4_UmH6mxIMjTSs=.trap.gz (6 of 161)
[2026-10-05 15:51:32] Importing $files.MmkNBOz1DgT2Vyq8q0w1SrSXzfw=.trap.gz (7 of 161)
[2026-10-05 15:51:32] Importing $files.P9uZsJLNzVbztTa4_lbn4UxGfcU=.trap.gz (8 of 161)
[2026-10-05 15:51:32] Importing $files.Q16Y55q30z-h9UtvcvF9LBRaOZs=.trap.gz (9 of 161)
[2026-10-05 15:51:32] Importing $files.UXra6X-XvRAmHxJN5bIsqQjlOdQ=.trap.gz (10 of 161)
[2026-10-05 15:51:32] Importing $files.dPEwXJt0ALz-JefzL7knJ7i2g_k=.trap.gz (11 of 161)
[2026-10-05 15:51:32] Importing $files.dsV_ERS9WieHQLM9z-2b_nDs738=.trap.gz (12 of 161)
[2026-10-05 15:51:32] Importing $files.fQ0ubpdY38XzJYrzslfNUeqWvok=.trap.gz (13 of 161)
[2026-10-05 15:51:32] Importing $files.gKyJusVxdTYTJbiXwX1m4nKYQ0I=.trap.gz (14 of 161)
[2026-10-05 15:51:32] Importing $files.pnCCA6ciMX-foV4bLwaHDKdszHc=.trap.gz (15 of 161)
[2026-10-05 15:51:32] Importing $files.rZe5cSGDWZk0dA4nV1dkETMKTCw=.trap.gz (16 of 161)
[2026-10-05 15:51:32] Importing $files.slxOb3JBVN5q3l22VNA91h1xHt4=.trap.gz (17 of 161)
[2026-10-05 15:51:32] Importing $flags.NAPAmsJoS00jDsBRR7aCh6MK1oc=.trap.gz (18 of 161)
[2026-10-05 15:51:32] Importing $interpreter3.0ohn3qC0hs5DVHR29xSgfoyduWE=.trap.gz (19 of 161)
[2026-10-05 15:51:32] Importing $stdlib_33.eLqle1tfNAyhc_wC2KztXRbtqjU=.trap (20 of 161)
[2026-10-05 15:51:32] Importing codeql-database.yml.trap.gz (21 of 161)
[2026-10-05 15:51:32] Importing __init__.py.DFHHPGqzbI5kCTs4eDjYixnrfZA=.trap.gz (22 of 161)
[2026-10-05 15:51:32] Importing __init__.py.TYXmTA4szN4Uc8kV56QrIRCn8fs=.trap.gz (23 of 161)
[2026-10-05 15:51:32] Importing __init__.py.iVhZTNJpDZH6mNUG2ONvlaCbI0o=.trap.gz (24 of 161)
[2026-10-05 15:51:32] Importing __init__.py.uXm8wVPZK80Nl3MtgVJjNOMdYiQ=.trap.gz (25 of 161)
[2026-10-05 15:51:32] Importing alpha.py.UqoIAC_gE66N-WXHtoi4HNpRM5I=.trap.gz (26 of 161)
[2026-10-05 15:51:32] Importing alpha.py.nZp8DtCDE0862pxviNxhrWUjSaQ=.trap.gz (27 of 161)
[2026-10-05 15:51:32] Importing beta.py.ELbkKbmEAuhzMbpNo5dImZCiwK8=.trap.gz (28 of 161)
[2026-10-05 15:51:32] Importing beta.py._LX7q3pqKqMQQOef8cBLA6VgGXE=.trap.gz (29 of 161)
[2026-10-05 15:51:32] Importing cart.vNBQnEjRJz495LFmGQNE64oqSm8=.trap.gz (30 of 161)
[2026-10-05 15:51:32] Importing domain.b-pG2HHMLBqDRkJyDyc-Eo48bz0=.trap.gz (31 of 161)
[2026-10-05 15:51:32] Importing domain.e70R0mWkPKLhbKlZ4KmHz0wYZGs=.trap.gz (32 of 161)
[2026-10-05 15:51:32] Importing epic.py.KuKe3BbSIz8JPdWp9ok2XGb31HU=.trap.gz (33 of 161)
[2026-10-05 15:51:32] Importing epic.py.WVwPOGjklY9G8ASaDPx3brssUao=.trap.gz (34 of 161)
[2026-10-05 15:51:32] Importing faulty.0ADI2lFfGfLttCyMMi0w_f9YMXg=.trap.gz (35 of 161)
[2026-10-05 15:51:32] Importing faulty.1Ih9BKXGaPPVg6CExVtBOKyeTEg=.trap.gz (36 of 161)
[2026-10-05 15:51:32] Importing faulty.1T20gu9pnBEuH4-rAhiz6mKdcic=.trap.gz (37 of 161)
[2026-10-05 15:51:32] Importing faulty.59x06HGMGgPIrr20vEmDjB3KwRc=.trap.gz (38 of 161)
[2026-10-05 15:51:32] Importing faulty.6qPv-bJjy5BM8qAfHWmY8P9Sq_E=.trap.gz (39 of 161)
[2026-10-05 15:51:32] Importing faulty.7poN1o42Kmp4E_amtXcBs39ITnM=.trap.gz (40 of 161)
[2026-10-05 15:51:32] Importing faulty.9E5ghSGrz9gIaCSrRvahNitwXqM=.trap.gz (41 of 161)
[2026-10-05 15:51:32] Importing faulty.DPvLTvZ-1QJAa3O7dvZtCflfu0I=.trap.gz (42 of 161)
[2026-10-05 15:51:32] Importing faulty.EfoxP8lQwsFVQV6bVfg08re4rmg=.trap.gz (43 of 161)
[2026-10-05 15:51:32] Importing faulty.LGJCjdOFF_xVTGgMykGF22AP510=.trap.gz (44 of 161)
[2026-10-05 15:51:32] Importing faulty.NWEDbdABOyJ8SOdMVCcC2HrF3Po=.trap.gz (45 of 161)
[2026-10-05 15:51:32] Importing faulty.SiGaTHU3a4NJuf57V988dWCjx8k=.trap.gz (46 of 161)
[2026-10-05 15:51:32] Importing faulty.UBw1gENLhHsE0rY7o-vahKP0ugE=.trap.gz (47 of 161)
[2026-10-05 15:51:32] Importing faulty.X1GheHaAZrkNh9a0wfc3TD72OyA=.trap.gz (48 of 161)
[2026-10-05 15:51:32] Importing faulty.ak1HzCVAF4EfzzomMS4cKZ6xMcU=.trap.gz (49 of 161)
[2026-10-05 15:51:32] Importing faulty.cHV8Jb9AqJuqRciS0ZljaRQIAFw=.trap.gz (50 of 161)
[2026-10-05 15:51:32] Importing faulty.cdKGTgvAcTsx1c4IM_Ba4H-w_hU=.trap.gz (51 of 161)
[2026-10-05 15:51:32] Importing faulty.cws9903-IRMz67j2zbKu6_mpRvE=.trap.gz (52 of 161)
[2026-10-05 15:51:32] Importing faulty.dmESqnIZJ-N6eWuBdrFEuEgZa7A=.trap.gz (53 of 161)
[2026-10-05 15:51:32] Importing faulty.eOLuk69x7K9ThovVoYUY6i759M8=.trap.gz (54 of 161)
[2026-10-05 15:51:32] Importing faulty.gggJe5GHUCnev_HR_DnpoEtdNKU=.trap.gz (55 of 161)
[2026-10-05 15:51:32] Importing faulty.h-vUdhZkxzk3wX56q99blBGrGCM=.trap.gz (56 of 161)
[2026-10-05 15:51:32] Importing faulty.mJwtB33WfS-J8AhlcDnRq6Q-ZBA=.trap.gz (57 of 161)
[2026-10-05 15:51:32] Importing faulty.n10nCI8a501JulfOOH9Bl6H_f1c=.trap.gz (58 of 161)
[2026-10-05 15:51:32] Importing faulty.osRN_-14I2Za11SYxt9_SoJvXZM=.trap.gz (59 of 161)
[2026-10-05 15:51:32] Importing faulty.qFn6QaWM6HOXUuudcaban0CXQ4c=.trap.gz (60 of 161)
[2026-10-05 15:51:32] Importing faulty.qpp6YSZGoergBDxZSueT1UtuM7A=.trap.gz (61 of 161)
[2026-10-05 15:51:32] Importing faulty.w8T62gjGPwdBME1QVQQK7-dkIpE=.trap.gz (62 of 161)
[2026-10-05 15:51:32] Importing faulty.xyKBHBTKrSGxNQD-pDiD_jzd7_Q=.trap.gz (63 of 161)
[2026-10-05 15:51:32] Importing faulty.ywZR3foVu8vkmDCRmiVInEFOahE=.trap.gz (64 of 161)
[2026-10-05 15:51:32] Importing faulty.zlGaJq7Eaoz6R5_T-yPl-cQVY2Y=.trap.gz (65 of 161)
[2026-10-05 15:51:32] Importing faultyAsset.py.2D7jleTPOJKbVJB_MUu13sK961k=.trap.gz (66 of 161)
[2026-10-05 15:51:32] Importing faultyAsset.py.5YooJr4rLbriaSn0-Z9QvqtgC1s=.trap.gz (67 of 161)
[2026-10-05 15:51:32] Importing faultyAsset.py.6rQgKvZ6NMSu19cmajloBIc8m7Q=.trap.gz (68 of 161)
[2026-10-05 15:51:32] Importing faultyAsset.py.AJ8I3Cvun1WixgFHBBzi36ZU-HA=.trap.gz (69 of 161)
[2026-10-05 15:51:32] Importing faultyAsset.py.D2ZA4UKUrJ5EB8XuARg5i1Ol4xE=.trap.gz (70 of 161)
[2026-10-05 15:51:32] Importing faultyAsset.py.DDrZRUk-UgNJWocK_fXMa08qsl8=.trap.gz (71 of 161)
[2026-10-05 15:51:32] Importing faultyAsset.py.ItyY8NxGk0E5mGjq-xQn8sNK0j4=.trap.gz (72 of 161)
[2026-10-05 15:51:32] Importing faultyAsset.py.JNx18ChBCfyCrHZeXYIFKksD6U8=.trap.gz (73 of 161)
[2026-10-05 15:51:32] Importing faultyAsset.py.M7Lg9g6otfP5wWEHWEE9pABSiqg=.trap.gz (74 of 161)
[2026-10-05 15:51:32] Importing faultyAsset.py.TBS2f3NjUbYEInwFmk-BIfnSVGg=.trap.gz (75 of 161)
[2026-10-05 15:51:32] Importing faultyAsset.py.WcS2XXIg3qlPrVlPRMcWm8G1cm4=.trap.gz (76 of 161)
[2026-10-05 15:51:32] Importing faultyAsset.py.X27iUjHZSdXxVZ8hxXyCERXs2VE=.trap.gz (77 of 161)
[2026-10-05 15:51:32] Importing faultyAsset.py._de1OgWxvOV9X9aATTM2PGNzQ9A=.trap.gz (78 of 161)
[2026-10-05 15:51:32] Importing faultyAsset.py._oRP2RfoQrD0Xdp0FKHBtLvJkTI=.trap.gz (79 of 161)
[2026-10-05 15:51:32] Importing faultyAsset.py.bWOYdlKLAOMYr64RpK3M-b7s6GM=.trap.gz (80 of 161)
[2026-10-05 15:51:32] Importing faultyAsset.py.c21KpilJxJoolauqDOc0SQRkZ4Y=.trap.gz (81 of 161)
[2026-10-05 15:51:32] Importing faultyAsset.py.crL8Vnl0AdtYGg5Jkz_ETKFADg4=.trap.gz (82 of 161)
[2026-10-05 15:51:32] Importing faultyAsset.py.d0yE-ngCqOAM9c4WOd4Ou14fGzs=.trap.gz (83 of 161)
[2026-10-05 15:51:32] Importing faultyAsset.py.dT4XZBFvWSM5pQmVHJm5Dy6IjcY=.trap.gz (84 of 161)
[2026-10-05 15:51:32] Importing faultyAsset.py.e2KfQXB4Jkm9ssdYAVt9M4xHnzA=.trap.gz (85 of 161)
[2026-10-05 15:51:32] Importing faultyAsset.py.e2udYg3kV_2334wWRrGlE3jfDSg=.trap.gz (86 of 161)
[2026-10-05 15:51:32] Importing faultyAsset.py.fd_bFKF8Whgz6RuZyqBhNwrcGaY=.trap.gz (87 of 161)
[2026-10-05 15:51:32] Importing faultyAsset.py.huGxi1UmI6vb20EUGFOiqxfJTek=.trap.gz (88 of 161)
[2026-10-05 15:51:32] Importing faultyAsset.py.iyl0zFLHAR1A45DP2HqXhToaU3k=.trap.gz (89 of 161)
[2026-10-05 15:51:32] Importing faultyAsset.py.jdJcGCXXukWqQlE2WjhaGBbGhU0=.trap.gz (90 of 161)
[2026-10-05 15:51:32] Importing faultyAsset.py.mRa2b6_Kbdn-19FqBVZ5QHT-1Mo=.trap.gz (91 of 161)
[2026-10-05 15:51:32] Importing faultyAsset.py.pTxdLiiRiUtLh0hXE7UMJGoLE3E=.trap.gz (92 of 161)
[2026-10-05 15:51:32] Importing faultyAsset.py.uD00F1B5nSiAT8fXFBMG_n2An-4=.trap.gz (93 of 161)
[2026-10-05 15:51:32] Importing framework.9Qn-93GBB7ColjYBMROxOxIZZsQ=.trap.gz (94 of 161)
[2026-10-05 15:51:32] Importing framework.SUxb6uuFrv5lp_F4vjsmMs6Dd3I=.trap.gz (95 of 161)
[2026-10-05 15:51:32] Importing graph_epic.py.NCjdzhD-AEw5V9XCpRIQ-B1i37Y=.trap.gz (96 of 161)
[2026-10-05 15:51:32] Importing metadata.trap.gz (97 of 161)
[2026-10-05 15:51:32] Importing node.py.qqLEEQc68-9-Qyl6ieSCJemYgcw=.trap.gz (98 of 161)
[2026-10-05 15:51:32] Importing node.py.wEcMg0P57oIvsPTGYoNzBAvX7rA=.trap.gz (99 of 161)
[2026-10-05 15:51:32] Importing repaired.182ZFbRwsbTPyPEVlMJ09qF08VY=.trap.gz (100 of 161)
[2026-10-05 15:51:32] Importing repaired.19mQ1pkeT5UbCDIqKANW3ZEgquI=.trap.gz (101 of 161)
[2026-10-05 15:51:32] Importing repaired.1OL7H_AH5G8hjB_bC15mpHBnFgQ=.trap.gz (102 of 161)
[2026-10-05 15:51:32] Importing repaired.20RiWsOsO-n5Mjwo1m40Brn8iko=.trap.gz (103 of 161)
[2026-10-05 15:51:32] Importing repaired.2k-DOd-38gsCxaFsQSygPqmDxCk=.trap.gz (104 of 161)
[2026-10-05 15:51:32] Importing repaired.6ISnbk3dkAJjcTbAp963xMz1dGI=.trap.gz (105 of 161)
[2026-10-05 15:51:32] Importing repaired.8DslRoCMN9rzPqS7OJki09DCSH4=.trap.gz (106 of 161)
[2026-10-05 15:51:32] Importing repaired.Ae9rCJyocwolLz7BhVFG-SN5OBM=.trap.gz (107 of 161)
[2026-10-05 15:51:32] Importing repaired.G_7Ij6WSC_Mid7U3BSJUO1fzbd4=.trap.gz (108 of 161)
[2026-10-05 15:51:32] Importing repaired.McExdcSWK8o5OASh33klwLB3Dvc=.trap.gz (109 of 161)
[2026-10-05 15:51:32] Importing repaired.NPaqOPAtO9nAjg_PJq8tJttzK-8=.trap.gz (110 of 161)
[2026-10-05 15:51:32] Importing repaired.OJFABSyhPW1ickOty0X7Ww5E6CM=.trap.gz (111 of 161)
[2026-10-05 15:51:32] Importing repaired.OgZXAab3yJzzC9LodtHP51G8UUQ=.trap.gz (112 of 161)
[2026-10-05 15:51:32] Importing repaired.OhlCKGE7oKPqLIAhXFNehLNkAO0=.trap.gz (113 of 161)
[2026-10-05 15:51:32] Importing repaired.QO926k2kHp4-12N2EI2Ycu-Zkeg=.trap.gz (114 of 161)
[2026-10-05 15:51:32] Importing repaired.U_QGqeUGrtaua8zWmGyd4QtfT-M=.trap.gz (115 of 161)
[2026-10-05 15:51:32] Importing repaired.ZwIDHwno1XzQHc1bhm7VCaRDzCU=.trap.gz (116 of 161)
[2026-10-05 15:51:32] Importing repaired.aX8ymj4hdEn8vd1ukmBHPsvyvWU=.trap.gz (117 of 161)
[2026-10-05 15:51:32] Importing repaired.dJ96tDFQhcOoRkpOXAL0EYVqXuQ=.trap.gz (118 of 161)
[2026-10-05 15:51:32] Importing repaired.eLPCbpBmKwS9yqH2wIxWHNHYPuM=.trap.gz (119 of 161)
[2026-10-05 15:51:32] Importing repaired.h26bp4OccYO9k6jYEJDGIeuC5w4=.trap.gz (120 of 161)
[2026-10-05 15:51:32] Importing repaired.l7hwL6Kq-vdMCiCHTnxt5rMnClw=.trap.gz (121 of 161)
[2026-10-05 15:51:32] Importing repaired.n9AFQ2maUrke6QstuM7taIb8hxc=.trap.gz (122 of 161)
[2026-10-05 15:51:32] Importing repaired.p2rLKTUCSYiqzcVVj6oOGJukudw=.trap.gz (123 of 161)
[2026-10-05 15:51:32] Importing repaired.rMEkWqRqPPF7DlhSiyL-3S5tU5M=.trap.gz (124 of 161)
[2026-10-05 15:51:32] Importing repaired.t8GJWTRwnsCt0-TJskPuVgwy4io=.trap.gz (125 of 161)
[2026-10-05 15:51:32] Importing repaired.u0qt90yr6cnY5jbjl5RscrwrERU=.trap.gz (126 of 161)
[2026-10-05 15:51:32] Importing repaired.u5kEU8y2fChsupFlRHRSt5c8LrI=.trap.gz (127 of 161)
[2026-10-05 15:51:32] Importing repaired.ujA3CvawoZU_MK6YUsY-rgI2yC0=.trap.gz (128 of 161)
[2026-10-05 15:51:32] Importing repaired.yB5mqbSYjl2Jwy-3GTPcUH6rAj8=.trap.gz (129 of 161)
[2026-10-05 15:51:32] Importing repaired.z3HFPk6fE9RRcwIuAzpz4uVxBIk=.trap.gz (130 of 161)
[2026-10-05 15:51:32] Importing repairedAsset.py.-BFpEhcBuxL0msYDQtBq8KSS6is=.trap.gz (131 of 161)
[2026-10-05 15:51:32] Importing repairedAsset.py.0c6EhMQO4LaD2VESr-cc8UXPXrI=.trap.gz (132 of 161)
[2026-10-05 15:51:32] Importing repairedAsset.py.2-lfrr6a-MtOTo_LhMQdx9o3ztc=.trap.gz (133 of 161)
[2026-10-05 15:51:32] Importing repairedAsset.py.6NsHF-jKUW2zmvLy6Cyqkh8f0SM=.trap.gz (134 of 161)
[2026-10-05 15:51:32] Importing repairedAsset.py.9Kup_RUOTYUsqdTRjD-6T2zRzt0=.trap.gz (135 of 161)
[2026-10-05 15:51:32] Importing repairedAsset.py.BmMLYQOAiNwPWkvd0X6N8tkgrNc=.trap.gz (136 of 161)
[2026-10-05 15:51:32] Importing repairedAsset.py.D3TO2vS05Pa7UMm_B5q-_NNegfk=.trap.gz (137 of 161)
[2026-10-05 15:51:32] Importing repairedAsset.py.Ftw4aA_9PKAJLhOHmNPG1Ljtics=.trap.gz (138 of 161)
[2026-10-05 15:51:32] Importing repairedAsset.py.JGDeriEt3iSrYDAYnCvIRs7MPWM=.trap.gz (139 of 161)
[2026-10-05 15:51:32] Importing repairedAsset.py.LoUS2NeK4JR3teDPSJy5RkT2CuI=.trap.gz (140 of 161)
[2026-10-05 15:51:32] Importing repairedAsset.py.S_JSk0xfYxJqgFKhYGow3YfSW34=.trap.gz (141 of 161)
[2026-10-05 15:51:32] Importing repairedAsset.py.W0ju5dw5cciux4NYvPoQDEWg0yE=.trap.gz (142 of 161)
[2026-10-05 15:51:32] Importing repairedAsset.py.WKOm0WNmtr_02tpINVr40yuWMUE=.trap.gz (143 of 161)
[2026-10-05 15:51:32] Importing repairedAsset.py.ZYuwsFnnd6l183-IOo5z0yxpz2c=.trap.gz (144 of 161)
[2026-10-05 15:51:32] Importing repairedAsset.py.a10WpUYHbNZ6077fPIKoMBZ2JZw=.trap.gz (145 of 161)
[2026-10-05 15:51:32] Importing repairedAsset.py.bUnrt7qGf9AA1g9nXT6e0dnN364=.trap.gz (146 of 161)
[2026-10-05 15:51:32] Importing repairedAsset.py.dF415ANfs5AvyAvgp2dqprfI2wA=.trap.gz (147 of 161)
[2026-10-05 15:51:32] Importing repairedAsset.py.dou0xSMXUAhxqJF8fy_xTJLFgEM=.trap.gz (148 of 161)
[2026-10-05 15:51:32] Importing repairedAsset.py.dskt0iAXcQcso34-7cn1CMB9jBY=.trap.gz (149 of 161)
[2026-10-05 15:51:32] Importing repairedAsset.py.fxfvNGTUqfTzRKHMNZ-F1U_GPEo=.trap.gz (150 of 161)
[2026-10-05 15:51:32] Importing repairedAsset.py.i0mBUgn7FjDLAFpt0FhCaJBKNks=.trap.gz (151 of 161)
[2026-10-05 15:51:32] Importing repairedAsset.py.i3KHxFnpNyTmu0Ypvnku3WuFY1s=.trap.gz (152 of 161)
[2026-10-05 15:51:32] Importing repairedAsset.py.i5b-7goTd6QvDsZqDuemWrODBCw=.trap.gz (153 of 161)
[2026-10-05 15:51:32] Importing repairedAsset.py.jEGC25hhLDngUL5v4spTR3cN9YY=.trap.gz (154 of 161)
[2026-10-05 15:51:32] Importing repairedAsset.py.jUsd1S_k9xigjbXlID7SVx9tXJE=.trap.gz (155 of 161)
[2026-10-05 15:51:32] Importing repairedAsset.py.kcJuB4CAydpw0GYyhf-I10ciLJE=.trap.gz (156 of 161)
[2026-10-05 15:51:32] Importing repairedAsset.py.tEkjulojYNaxJo6RcbIctapArds=.trap.gz (157 of 161)
[2026-10-05 15:51:32] Importing repairedAsset.py.uV-dyaxJ_XqsdG61hfrRaBc0C8k=.trap.gz (158 of 161)
[2026-10-05 15:51:32] Importing repairedAsset.py.vxB1Rf7eJU18F73AC7MJDMUScKI=.trap.gz (159 of 161)
[2026-10-05 15:51:32] Importing repairedAsset.py.xt_Pd7IZ6m2KcUw4BrzXadmuEIs=.trap.gz (160 of 161)
[2026-10-05 15:51:32] Importing repairedAsset.py.y59M95SAOlcWGD1JbK5rSeL6L_c=.trap.gz (161 of 161)
[2026-10-05 15:51:32] [PROGRESS] dataset import> Merging relations
[2026-10-05 15:51:32] Merging 1 fragment for 'files'.
[2026-10-05 15:51:32] Merged 174 bytes for 'files'.
[2026-10-05 15:51:32] Merging 1 fragment for 'folders'.
[2026-10-05 15:51:32] Merged 246 bytes for 'folders'.
[2026-10-05 15:51:32] Merging 1 fragment for 'containerparent'.
[2026-10-05 15:51:32] Merged 417 bytes for 'containerparent'.
[2026-10-05 15:51:32] Merging 1 fragment for 'py_flags_versioned'.
[2026-10-05 15:51:32] Merged 190 bytes for 'py_flags_versioned'.
[2026-10-05 15:51:32] Merging 1 fragment for 'py_cobjects'.
[2026-10-05 15:51:32] Merged 4507 bytes (4.40 KiB) for 'py_cobjects'.
[2026-10-05 15:51:32] Merging 1 fragment for 'py_cobjecttypes'.
[2026-10-05 15:51:32] Merged 4854 bytes (4.74 KiB) for 'py_cobjecttypes'.
[2026-10-05 15:51:32] Merging 1 fragment for 'py_cobject_sources'.
[2026-10-05 15:51:32] Merged 6690 bytes (6.53 KiB) for 'py_cobject_sources'.
[2026-10-05 15:51:32] Merging 1 fragment for 'py_cobjectnames'.
[2026-10-05 15:51:32] Merged 5806 bytes (5.67 KiB) for 'py_cobjectnames'.
[2026-10-05 15:51:32] Merging 1 fragment for 'py_cmembers_versioned'.
[2026-10-05 15:51:32] Merged 6586 bytes (6.43 KiB) for 'py_cmembers_versioned'.
[2026-10-05 15:51:32] Merging 1 fragment for 'py_special_objects'.
[2026-10-05 15:51:32] Merged 135 bytes for 'py_special_objects'.
[2026-10-05 15:51:32] Merging 1 fragment for 'py_citems'.
[2026-10-05 15:51:32] Merged 559 bytes for 'py_citems'.
[2026-10-05 15:51:32] Merging 1 fragment for 'ext_rettype'.
[2026-10-05 15:51:32] Merged 4051 bytes (3.96 KiB) for 'ext_rettype'.
[2026-10-05 15:51:32] Merging 1 fragment for 'ext_argtype'.
[2026-10-05 15:51:32] Merged 6816 bytes (6.66 KiB) for 'ext_argtype'.
[2026-10-05 15:51:32] Merging 1 fragment for 'ext_argreturn'.
[2026-10-05 15:51:32] Merged 41 bytes for 'ext_argreturn'.
[2026-10-05 15:51:32] Merging 1 fragment for 'ext_proptype'.
[2026-10-05 15:51:32] Merged 345 bytes for 'ext_proptype'.
[2026-10-05 15:51:32] Merging 1 fragment for 'yaml_scalars'.
[2026-10-05 15:51:32] Merged 154 bytes for 'yaml_scalars'.
[2026-10-05 15:51:32] Merging 1 fragment for 'yaml'.
[2026-10-05 15:51:32] Merged 543 bytes for 'yaml'.
[2026-10-05 15:51:32] Merging 1 fragment for 'locations_default'.
[2026-10-05 15:51:32] Merged 483 bytes for 'locations_default'.
[2026-10-05 15:51:32] Merging 1 fragment for 'yaml_locations'.
[2026-10-05 15:51:32] Merged 178 bytes for 'yaml_locations'.
[2026-10-05 15:51:32] Merging 1 fragment for 'py_Modules'.
[2026-10-05 15:51:32] Merged 156 bytes for 'py_Modules'.
[2026-10-05 15:51:32] Merging 1 fragment for 'py_module_path'.
[2026-10-05 15:51:32] Merged 354 bytes for 'py_module_path'.
[2026-10-05 15:51:32] Merging 1 fragment for 'variable'.
[2026-10-05 15:51:32] Merged 2867 bytes (2.80 KiB) for 'variable'.
[2026-10-05 15:51:32] Merging 1 fragment for 'py_extracted_version'.
[2026-10-05 15:51:32] Merged 101 bytes for 'py_extracted_version'.
[2026-10-05 15:51:32] Merging 1 fragment for 'py_stmt_lists'.
[2026-10-05 15:51:32] Merged 1243 bytes (1.21 KiB) for 'py_stmt_lists'.
[2026-10-05 15:51:32] Merging 1 fragment for 'py_stmts'.
[2026-10-05 15:51:32] Merged 1372 bytes (1.34 KiB) for 'py_stmts'.
[2026-10-05 15:51:32] Merging 1 fragment for 'py_scopes'.
[2026-10-05 15:51:32] Merged 2831 bytes (2.76 KiB) for 'py_scopes'.
[2026-10-05 15:51:32] Merging 1 fragment for 'py_alias_lists'.
[2026-10-05 15:51:32] Merged 43 bytes for 'py_alias_lists'.
[2026-10-05 15:51:32] Merging 1 fragment for 'py_aliases'.
[2026-10-05 15:51:32] Merged 66 bytes for 'py_aliases'.
[2026-10-05 15:51:32] Merging 1 fragment for 'py_exprs'.
[2026-10-05 15:51:32] Merged 3916 bytes (3.82 KiB) for 'py_exprs'.
[2026-10-05 15:51:32] Merging 1 fragment for 'py_ints'.
[2026-10-05 15:51:32] Merged 43 bytes for 'py_ints'.
[2026-10-05 15:51:32] Merging 1 fragment for 'py_strs'.
[2026-10-05 15:51:32] Merged 1375 bytes (1.34 KiB) for 'py_strs'.
[2026-10-05 15:51:32] Merging 1 fragment for 'py_variables'.
[2026-10-05 15:51:32] Merged 1177 bytes (1.15 KiB) for 'py_variables'.
[2026-10-05 15:51:32] Merging 1 fragment for 'py_expr_contexts'.
[2026-10-05 15:51:32] Merged 1855 bytes (1.81 KiB) for 'py_expr_contexts'.
[2026-10-05 15:51:32] Merging 1 fragment for 'py_scope_flow'.
[2026-10-05 15:51:32] Merged 2612 bytes (2.55 KiB) for 'py_scope_flow'.
[2026-10-05 15:51:32] Merging 1 fragment for 'py_flow_bb_node'.
[2026-10-05 15:51:32] Merged 6570 bytes (6.42 KiB) for 'py_flow_bb_node'.
[2026-10-05 15:51:32] Merging 1 fragment for 'py_successors'.
[2026-10-05 15:51:32] Merged 2670 bytes (2.61 KiB) for 'py_successors'.
[2026-10-05 15:51:32] Merging 1 fragment for 'py_idoms'.
[2026-10-05 15:51:32] Merged 2629 bytes (2.57 KiB) for 'py_idoms'.
[2026-10-05 15:51:32] Merging 1 fragment for 'py_ssa_var'.
[2026-10-05 15:51:32] Merged 591 bytes for 'py_ssa_var'.
[2026-10-05 15:51:32] Merging 1 fragment for 'py_ssa_defn'.
[2026-10-05 15:51:32] Merged 582 bytes for 'py_ssa_defn'.
[2026-10-05 15:51:32] Merging 1 fragment for 'py_ssa_use'.
[2026-10-05 15:51:32] Merged 623 bytes for 'py_ssa_use'.
[2026-10-05 15:51:32] Merging 1 fragment for 'locations_ast'.
[2026-10-05 15:51:32] Merged 7771 bytes (7.59 KiB) for 'locations_ast'.
[2026-10-05 15:51:32] Merging 1 fragment for 'py_scope_location'.
[2026-10-05 15:51:32] Merged 944 bytes for 'py_scope_location'.
[2026-10-05 15:51:32] Merging 1 fragment for 'py_codelines'.
[2026-10-05 15:51:32] Merged 513 bytes for 'py_codelines'.
[2026-10-05 15:51:32] Merging 1 fragment for 'py_commentlines'.
[2026-10-05 15:51:32] Merged 303 bytes for 'py_commentlines'.
[2026-10-05 15:51:32] Merging 1 fragment for 'py_docstringlines'.
[2026-10-05 15:51:32] Merged 296 bytes for 'py_docstringlines'.
[2026-10-05 15:51:32] Merging 1 fragment for 'py_alllines'.
[2026-10-05 15:51:32] Merged 519 bytes for 'py_alllines'.
[2026-10-05 15:51:32] Merging 1 fragment for 'numlines'.
[2026-10-05 15:51:32] Merged 252 bytes for 'numlines'.
[2026-10-05 15:51:32] Merging 1 fragment for 'py_locations'.
[2026-10-05 15:51:32] Merged 2560 bytes (2.50 KiB) for 'py_locations'.
[2026-10-05 15:51:32] Merging 1 fragment for 'py_Classes'.
[2026-10-05 15:51:32] Merged 235 bytes for 'py_Classes'.
[2026-10-05 15:51:32] Merging 1 fragment for 'py_expr_lists'.
[2026-10-05 15:51:32] Merged 1454 bytes (1.42 KiB) for 'py_expr_lists'.
[2026-10-05 15:51:32] Merging 1 fragment for 'py_exports'.
[2026-10-05 15:51:32] Merged 224 bytes for 'py_exports'.
[2026-10-05 15:51:32] Merging 1 fragment for 'py_bools'.
[2026-10-05 15:51:32] Merged 34 bytes for 'py_bools'.
[2026-10-05 15:51:32] Merging 1 fragment for 'py_arguments'.
[2026-10-05 15:51:32] Merged 269 bytes for 'py_arguments'.
[2026-10-05 15:51:32] Merging 1 fragment for 'py_Functions'.
[2026-10-05 15:51:32] Merged 270 bytes for 'py_Functions'.
[2026-10-05 15:51:32] Merging 1 fragment for 'py_parameter_lists'.
[2026-10-05 15:51:32] Merged 265 bytes for 'py_parameter_lists'.
[2026-10-05 15:51:32] Merging 1 fragment for 'py_numbers'.
[2026-10-05 15:51:32] Merged 423 bytes for 'py_numbers'.
[2026-10-05 15:51:32] Merging 1 fragment for 'py_operators'.
[2026-10-05 15:51:32] Merged 83 bytes for 'py_operators'.
[2026-10-05 15:51:32] Merging 1 fragment for 'py_comments'.
[2026-10-05 15:51:32] Merged 60 bytes for 'py_comments'.
[2026-10-05 15:51:32] Merging 1 fragment for 'py_dict_item_lists'.
[2026-10-05 15:51:32] Merged 33 bytes for 'py_dict_item_lists'.
[2026-10-05 15:51:32] Merging 1 fragment for 'py_dict_items'.
[2026-10-05 15:51:32] Merged 64 bytes for 'py_dict_items'.
[2026-10-05 15:51:32] Merging 1 fragment for 'py_unaryops'.
[2026-10-05 15:51:32] Merged 48 bytes for 'py_unaryops'.
[2026-10-05 15:51:32] Merging 1 fragment for 'py_cmpop_lists'.
[2026-10-05 15:51:32] Merged 37 bytes for 'py_cmpop_lists'.
[2026-10-05 15:51:32] Merging 1 fragment for 'py_cmpops'.
[2026-10-05 15:51:32] Merged 58 bytes for 'py_cmpops'.
[2026-10-05 15:51:32] Merging 1 fragment for 'py_true_successors'.
[2026-10-05 15:51:32] Merged 45 bytes for 'py_true_successors'.
[2026-10-05 15:51:32] Merging 1 fragment for 'py_false_successors'.
[2026-10-05 15:51:32] Merged 43 bytes for 'py_false_successors'.
[2026-10-05 15:51:32] Merging 1 fragment for 'py_exception_successors'.
[2026-10-05 15:51:32] Merged 45 bytes for 'py_exception_successors'.
[2026-10-05 15:51:32] Merging 1 fragment for 'py_ssa_phi'.
[2026-10-05 15:51:32] Merged 41 bytes for 'py_ssa_phi'.
[2026-10-05 15:51:32] Merging 1 fragment for 'sourceLocationPrefix'.
[2026-10-05 15:51:32] Merged 17 bytes for 'sourceLocationPrefix'.
[2026-10-05 15:51:32] Saving string and id pools to disk.
[2026-10-05 15:51:32] Finished importing TRAP files.
[2026-10-05 15:51:32] Read 1.85 MiB of uncompressed TRAP data.
[2026-10-05 15:51:32] Uncompressed relation data size: 370.39 KiB
[2026-10-05 15:51:32] Relation data size: 91.17 KiB (merge rate: 608.01 KiB/s)
[2026-10-05 15:51:32] String pool size: 2.08 MiB
[2026-10-05 15:51:32] ID pool size: 1.09 MiB
[2026-10-05 15:51:32] [PROGRESS] dataset import> Finished writing database (relations: 91.17 KiB; string pool: 2.08 MiB).
[2026-10-05 15:51:32] Pausing evaluation to close the cache at sequence stamp o+139
[2026-10-05 15:51:32] The disk cache is freshly trimmed; leave it be.
[2026-10-05 15:51:32] Unpausing evaluation
[2026-10-05 15:51:32] Plumbing command codeql dataset import completed.
[2026-10-05 15:51:32] [PROGRESS] database finalize> TRAP import complete (1.1s).
[2026-10-05 15:51:32] Running plumbing command: codeql database cleanup -- C:\dev\abd-context-driven-delivery\practices\clean_engineering\model\python\codeql\.examples\.codeql\clean_engineering\python-master
[2026-10-05 15:51:32] [PROGRESS] database cleanup> Cleaning up existing TRAP files after import...
[2026-10-05 15:51:32] [PROGRESS] database cleanup> TRAP files cleaned up (40ms).
[2026-10-05 15:51:32] [PROGRESS] database cleanup> Cleaning up scratch directory...
[2026-10-05 15:51:33] [PROGRESS] database cleanup> Scratch directory cleaned up (34ms).
[2026-10-05 15:51:33] Running plumbing command: codeql dataset cleanup -- C:\dev\abd-context-driven-delivery\practices\clean_engineering\model\python\codeql\.examples\.codeql\clean_engineering\python-master\db-python
[2026-10-05 15:51:33] [PROGRESS] dataset cleanup> Cleaning up dataset in C:\dev\abd-context-driven-delivery\practices\clean_engineering\model\python\codeql\.examples\.codeql\clean_engineering\python-master\db-python.
[2026-10-05 15:51:33] Trimming disk cache at C:\dev\abd-context-driven-delivery\practices\clean_engineering\model\python\codeql\.examples\.codeql\clean_engineering\python-master\db-python\default\cache in mode trim.
[2026-10-05 15:51:33] Sequence stamp origin is -5860612183894171035
[2026-10-05 15:51:33] Pausing evaluation to quickly trim memory at sequence stamp o+0
[2026-10-05 15:51:33] Unpausing evaluation
[2026-10-05 15:51:33] Pausing evaluation to zealously trim disk at sequence stamp o+1
[2026-10-05 15:51:33] Unpausing evaluation
[2026-10-05 15:51:33] Trimming completed (1ms): Trimmed disposable data from cache.
[2026-10-05 15:51:33] Pausing evaluation to close the cache at sequence stamp o+2
[2026-10-05 15:51:33] The disk cache is freshly trimmed; leave it be.
[2026-10-05 15:51:33] Unpausing evaluation
[2026-10-05 15:51:33] [PROGRESS] dataset cleanup> Trimmed disposable data from cache.
[2026-10-05 15:51:33] [PROGRESS] dataset cleanup> Finalizing dataset in C:\dev\abd-context-driven-delivery\practices\clean_engineering\model\python\codeql\.examples\.codeql\clean_engineering\python-master\db-python
[2026-10-05 15:51:33] [DETAILS] dataset cleanup> Finished deleting ID pool from C:\dev\abd-context-driven-delivery\practices\clean_engineering\model\python\codeql\.examples\.codeql\clean_engineering\python-master\db-python (3ms).
[2026-10-05 15:51:33] Plumbing command codeql dataset cleanup completed.
[2026-10-05 15:51:33] Plumbing command codeql database cleanup completed with status 0.
[2026-10-05 15:51:33] [PROGRESS] database finalize> Finished zipping source archive (32.27 KiB).
[2026-10-05 15:51:33] Plumbing command codeql database finalize completed.
[2026-10-05 15:51:33] [PROGRESS] database create> Successfully created database at C:\dev\abd-context-driven-delivery\practices\clean_engineering\model\python\codeql\.examples\.codeql\clean_engineering\python-master.
[2026-10-05 15:51:33] Terminating normally.
