[2026-10-05 15:51:31] This is codeql database index-files --include-extension=.yaml --include-extension=.yml --also-match-lgtm-index-filters --size-limit=5m --language yaml -- C:\dev\abd-context-driven-delivery\practices\clean_engineering\model\python\codeql\.examples\.codeql\clean_engineering\python-master
[2026-10-05 15:51:31] Log file was started late.
[2026-10-05 15:51:31] Using index-files script C:\Users\jeffa\AppData\Local\Programs\CodeQL\codeql\yaml\tools\index-files.cmd.
[2026-10-05 15:51:31] [PROGRESS] database index-files> Scanning for files in C:\dev\abd-context-driven-delivery\practices\clean_engineering\model\python\codeql\.examples...
[2026-10-05 15:51:31] Calling plumbing command: codeql resolve files --include-extension=.yaml --include-extension=.yml --also-match-lgtm-index-filters --size-limit=5m C:\dev\abd-context-driven-delivery\practices\clean_engineering\model\python\codeql\.examples --format=json
[2026-10-05 15:51:31] [PROGRESS] resolve files> Scanning C:\dev\abd-context-driven-delivery\practices\clean_engineering\model\python\codeql\.examples...
[2026-10-05 15:51:31] [PROGRESS] resolve files> Scanning C:\dev\abd-context-driven-delivery\practices\clean_engineering\model\python\codeql\.examples\.codeql...
[2026-10-05 15:51:31] [PROGRESS] resolve files> Scanning C:\dev\abd-context-driven-delivery\practices\clean_engineering\model\python\codeql\.examples\.codeql\clean_engineering...
[2026-10-05 15:51:31] [PROGRESS] resolve files> Scanning C:\dev\abd-context-driven-delivery\practices\clean_engineering\model\python\codeql\.examples\.codeql\clean_engineering\python-master...
[2026-10-05 15:51:31] [PROGRESS] resolve files> Scanning C:\dev\abd-context-driven-delivery\practices\clean_engineering\model\python\codeql\.examples\.codeql\clean_engineering\python-master\diagnostic...
[2026-10-05 15:51:31] [PROGRESS] resolve files> Scanning C:\dev\abd-context-driven-delivery\practices\clean_engineering\model\python\codeql\.examples\.codeql\clean_engineering\python-master\diagnostic\extractors...
[2026-10-05 15:51:31] [PROGRESS] resolve files> Scanning C:\dev\abd-context-driven-delivery\practices\clean_engineering\model\python\codeql\.examples\.codeql\clean_engineering\python-master\diagnostic\extractors\python...
[2026-10-05 15:51:31] [PROGRESS] resolve files> Scanning C:\dev\abd-context-driven-delivery\practices\clean_engineering\model\python\codeql\.examples\.codeql\clean_engineering\python-master\diagnostic\tracer...
[2026-10-05 15:51:31] [PROGRESS] resolve files> Scanning C:\dev\abd-context-driven-delivery\practices\clean_engineering\model\python\codeql\.examples\.codeql\clean_engineering\python-master\log...
[2026-10-05 15:51:31] [PROGRESS] resolve files> Scanning C:\dev\abd-context-driven-delivery\practices\clean_engineering\model\python\codeql\.examples\.codeql\clean_engineering\python-master\src...
[2026-10-05 15:51:31] [PROGRESS] resolve files> Scanning C:\dev\abd-context-driven-delivery\practices\clean_engineering\model\python\codeql\.examples\.codeql\clean_engineering\python-master\src\C_...
[2026-10-05 15:51:31] [PROGRESS] resolve files> Scanning C:\dev\abd-context-driven-delivery\practices\clean_engineering\model\python\codeql\.examples\.codeql\clean_engineering\python-master\src\C_\dev...
[2026-10-05 15:51:31] [PROGRESS] resolve files> Scanning C:\dev\abd-context-driven-delivery\practices\clean_engineering\model\python\codeql\.examples\.codeql\clean_engineering\python-master\src\C_\dev\abd-context-driven-delivery...
[2026-10-05 15:51:31] [PROGRESS] resolve files> Scanning C:\dev\abd-context-driven-delivery\practices\clean_engineering\model\python\codeql\.examples\.codeql\clean_engineering\python-master\src\C_\dev\abd-context-driven-delivery\practices...
[2026-10-05 15:51:31] [PROGRESS] resolve files> Scanning C:\dev\abd-context-driven-delivery\practices\clean_engineering\model\python\codeql\.examples\.codeql\clean_engineering\python-master\src\C_\dev\abd-context-driven-delivery\practices\clean_engineering...
[2026-10-05 15:51:31] [PROGRESS] resolve files> Scanning C:\dev\abd-context-driven-delivery\practices\clean_engineering\model\python\codeql\.examples\.codeql\clean_engineering\python-master\src\C_\dev\abd-context-driven-delivery\practices\clean_engineering\model...
[2026-10-05 15:51:31] [PROGRESS] resolve files> Scanning C:\dev\abd-context-driven-delivery\practices\clean_engineering\model\python\codeql\.examples\.codeql\clean_engineering\python-master\src\C_\dev\abd-context-driven-delivery\practices\clean_engineering\model\python...
[2026-10-05 15:51:31] [PROGRESS] resolve files> Scanning C:\dev\abd-context-driven-delivery\practices\clean_engineering\model\python\codeql\.examples\.codeql\clean_engineering\python-master\src\C_\dev\abd-context-driven-delivery\practices\clean_engineering\model\python\codeql...
[2026-10-05 15:51:31] [PROGRESS] resolve files> Scanning C:\dev\abd-context-driven-delivery\practices\clean_engineering\model\python\codeql\.examples\.codeql\clean_engineering\python-master\src\C_\dev\abd-context-driven-delivery\practices\clean_engineering\model\python\codeql\.examples...
[2026-10-05 15:51:31] [PROGRESS] resolve files> Scanning C:\dev\abd-context-driven-delivery\practices\clean_engineering\model\python\codeql\.examples\.codeql\clean_engineering\python-master\src\C_\dev\abd-context-driven-delivery\practices\clean_engineering\model\python\codeql\.examples\avoid-vague-parameter-names...
[2026-10-05 15:51:31] [PROGRESS] resolve files> Scanning C:\dev\abd-context-driven-delivery\practices\clean_engineering\model\python\codeql\.examples\.codeql\clean_engineering\python-master\src\C_\dev\abd-context-driven-delivery\practices\clean_engineering\model\python\codeql\.examples\avoid-vague-parameter-names\faulty...
[2026-10-05 15:51:31] [PROGRESS] resolve files> Scanning C:\dev\abd-context-driven-delivery\practices\clean_engineering\model\python\codeql\.examples\.codeql\clean_engineering\python-master\src\C_\dev\abd-context-driven-delivery\practices\clean_engineering\model\python\codeql\.examples\avoid-vague-parameter-names\repaired...
[2026-10-05 15:51:31] [PROGRESS] resolve files> Scanning C:\dev\abd-context-driven-delivery\practices\clean_engineering\model\python\codeql\.examples\.codeql\clean_engineering\python-master\src\C_\dev\abd-context-driven-delivery\practices\clean_engineering\model\python\codeql\.examples\deep-module...
[2026-10-05 15:51:31] [PROGRESS] resolve files> Scanning C:\dev\abd-context-driven-delivery\practices\clean_engineering\model\python\codeql\.examples\.codeql\clean_engineering\python-master\src\C_\dev\abd-context-driven-delivery\practices\clean_engineering\model\python\codeql\.examples\deep-module\faulty...
[2026-10-05 15:51:31] [PROGRESS] resolve files> Scanning C:\dev\abd-context-driven-delivery\practices\clean_engineering\model\python\codeql\.examples\.codeql\clean_engineering\python-master\src\C_\dev\abd-context-driven-delivery\practices\clean_engineering\model\python\codeql\.examples\deep-module\faulty\cart...
[2026-10-05 15:51:31] [PROGRESS] resolve files> Scanning C:\dev\abd-context-driven-delivery\practices\clean_engineering\model\python\codeql\.examples\.codeql\clean_engineering\python-master\src\C_\dev\abd-context-driven-delivery\practices\clean_engineering\model\python\codeql\.examples\deep-module\repaired...
[2026-10-05 15:51:31] [PROGRESS] resolve files> Scanning C:\dev\abd-context-driven-delivery\practices\clean_engineering\model\python\codeql\.examples\.codeql\clean_engineering\python-master\src\C_\dev\abd-context-driven-delivery\practices\clean_engineering\model\python\codeql\.examples\do-not-invent-parallel-object-models...
[2026-10-05 15:51:31] [PROGRESS] resolve files> Scanning C:\dev\abd-context-driven-delivery\practices\clean_engineering\model\python\codeql\.examples\.codeql\clean_engineering\python-master\src\C_\dev\abd-context-driven-delivery\practices\clean_engineering\model\python\codeql\.examples\do-not-invent-parallel-object-models\faulty...
[2026-10-05 15:51:31] [PROGRESS] resolve files> Scanning C:\dev\abd-context-driven-delivery\practices\clean_engineering\model\python\codeql\.examples\.codeql\clean_engineering\python-master\src\C_\dev\abd-context-driven-delivery\practices\clean_engineering\model\python\codeql\.examples\do-not-invent-parallel-object-models\repaired...
[2026-10-05 15:51:31] [PROGRESS] resolve files> Scanning C:\dev\abd-context-driven-delivery\practices\clean_engineering\model\python\codeql\.examples\.codeql\clean_engineering\python-master\src\C_\dev\abd-context-driven-delivery\practices\clean_engineering\model\python\codeql\.examples\eliminate-duplication...
[2026-10-05 15:51:31] [PROGRESS] resolve files> Scanning C:\dev\abd-context-driven-delivery\practices\clean_engineering\model\python\codeql\.examples\.codeql\clean_engineering\python-master\src\C_\dev\abd-context-driven-delivery\practices\clean_engineering\model\python\codeql\.examples\eliminate-duplication\faulty...
[2026-10-05 15:51:31] [PROGRESS] resolve files> Scanning C:\dev\abd-context-driven-delivery\practices\clean_engineering\model\python\codeql\.examples\.codeql\clean_engineering\python-master\src\C_\dev\abd-context-driven-delivery\practices\clean_engineering\model\python\codeql\.examples\eliminate-duplication\repaired...
[2026-10-05 15:51:31] [PROGRESS] resolve files> Scanning C:\dev\abd-context-driven-delivery\practices\clean_engineering\model\python\codeql\.examples\.codeql\clean_engineering\python-master\src\C_\dev\abd-context-driven-delivery\practices\clean_engineering\model\python\codeql\.examples\extensions-live-with-the-domain...
[2026-10-05 15:51:31] [PROGRESS] resolve files> Scanning C:\dev\abd-context-driven-delivery\practices\clean_engineering\model\python\codeql\.examples\.codeql\clean_engineering\python-master\src\C_\dev\abd-context-driven-delivery\practices\clean_engineering\model\python\codeql\.examples\extensions-live-with-the-domain\faulty...
[2026-10-05 15:51:31] [PROGRESS] resolve files> Scanning C:\dev\abd-context-driven-delivery\practices\clean_engineering\model\python\codeql\.examples\.codeql\clean_engineering\python-master\src\C_\dev\abd-context-driven-delivery\practices\clean_engineering\model\python\codeql\.examples\extensions-live-with-the-domain\faulty\domain...
[2026-10-05 15:51:31] [PROGRESS] resolve files> Scanning C:\dev\abd-context-driven-delivery\practices\clean_engineering\model\python\codeql\.examples\.codeql\clean_engineering\python-master\src\C_\dev\abd-context-driven-delivery\practices\clean_engineering\model\python\codeql\.examples\extensions-live-with-the-domain\faulty\framework...
[2026-10-05 15:51:31] [PROGRESS] resolve files> Scanning C:\dev\abd-context-driven-delivery\practices\clean_engineering\model\python\codeql\.examples\.codeql\clean_engineering\python-master\src\C_\dev\abd-context-driven-delivery\practices\clean_engineering\model\python\codeql\.examples\extensions-live-with-the-domain\repaired...
[2026-10-05 15:51:31] [PROGRESS] resolve files> Scanning C:\dev\abd-context-driven-delivery\practices\clean_engineering\model\python\codeql\.examples\.codeql\clean_engineering\python-master\src\C_\dev\abd-context-driven-delivery\practices\clean_engineering\model\python\codeql\.examples\extensions-live-with-the-domain\repaired\domain...
[2026-10-05 15:51:31] [PROGRESS] resolve files> Scanning C:\dev\abd-context-driven-delivery\practices\clean_engineering\model\python\codeql\.examples\.codeql\clean_engineering\python-master\src\C_\dev\abd-context-driven-delivery\practices\clean_engineering\model\python\codeql\.examples\extensions-live-with-the-domain\repaired\framework...
[2026-10-05 15:51:31] [PROGRESS] resolve files> Scanning C:\dev\abd-context-driven-delivery\practices\clean_engineering\model\python\codeql\.examples\.codeql\clean_engineering\python-master\src\C_\dev\abd-context-driven-delivery\practices\clean_engineering\model\python\codeql\.examples\hide-inner-details...
[2026-10-05 15:51:31] [PROGRESS] resolve files> Scanning C:\dev\abd-context-driven-delivery\practices\clean_engineering\model\python\codeql\.examples\.codeql\clean_engineering\python-master\src\C_\dev\abd-context-driven-delivery\practices\clean_engineering\model\python\codeql\.examples\hide-inner-details\faulty...
[2026-10-05 15:51:31] [PROGRESS] resolve files> Scanning C:\dev\abd-context-driven-delivery\practices\clean_engineering\model\python\codeql\.examples\.codeql\clean_engineering\python-master\src\C_\dev\abd-context-driven-delivery\practices\clean_engineering\model\python\codeql\.examples\hide-inner-details\repaired...
[2026-10-05 15:51:31] [PROGRESS] resolve files> Scanning C:\dev\abd-context-driven-delivery\practices\clean_engineering\model\python\codeql\.examples\.codeql\clean_engineering\python-master\src\C_\dev\abd-context-driven-delivery\practices\clean_engineering\model\python\codeql\.examples\keep-classes-single-responsibility...
[2026-10-05 15:51:31] [PROGRESS] resolve files> Scanning C:\dev\abd-context-driven-delivery\practices\clean_engineering\model\python\codeql\.examples\.codeql\clean_engineering\python-master\src\C_\dev\abd-context-driven-delivery\practices\clean_engineering\model\python\codeql\.examples\keep-classes-single-responsibility\faulty...
[2026-10-05 15:51:31] [PROGRESS] resolve files> Scanning C:\dev\abd-context-driven-delivery\practices\clean_engineering\model\python\codeql\.examples\.codeql\clean_engineering\python-master\src\C_\dev\abd-context-driven-delivery\practices\clean_engineering\model\python\codeql\.examples\keep-classes-single-responsibility\repaired...
[2026-10-05 15:51:31] [PROGRESS] resolve files> Scanning C:\dev\abd-context-driven-delivery\practices\clean_engineering\model\python\codeql\.examples\.codeql\clean_engineering\python-master\src\C_\dev\abd-context-driven-delivery\practices\clean_engineering\model\python\codeql\.examples\keep-operations-small-focused...
[2026-10-05 15:51:31] [PROGRESS] resolve files> Scanning C:\dev\abd-context-driven-delivery\practices\clean_engineering\model\python\codeql\.examples\.codeql\clean_engineering\python-master\src\C_\dev\abd-context-driven-delivery\practices\clean_engineering\model\python\codeql\.examples\keep-operations-small-focused\faulty...
[2026-10-05 15:51:31] [PROGRESS] resolve files> Scanning C:\dev\abd-context-driven-delivery\practices\clean_engineering\model\python\codeql\.examples\.codeql\clean_engineering\python-master\src\C_\dev\abd-context-driven-delivery\practices\clean_engineering\model\python\codeql\.examples\keep-operations-small-focused\repaired...
[2026-10-05 15:51:31] [PROGRESS] resolve files> Scanning C:\dev\abd-context-driven-delivery\practices\clean_engineering\model\python\codeql\.examples\.codeql\clean_engineering\python-master\src\C_\dev\abd-context-driven-delivery\practices\clean_engineering\model\python\codeql\.examples\language-modules-one-section...
[2026-10-05 15:51:31] [PROGRESS] resolve files> Scanning C:\dev\abd-context-driven-delivery\practices\clean_engineering\model\python\codeql\.examples\.codeql\clean_engineering\python-master\src\C_\dev\abd-context-driven-delivery\practices\clean_engineering\model\python\codeql\.examples\language-modules-one-section\faulty...
[2026-10-05 15:51:31] [PROGRESS] resolve files> Scanning C:\dev\abd-context-driven-delivery\practices\clean_engineering\model\python\codeql\.examples\.codeql\clean_engineering\python-master\src\C_\dev\abd-context-driven-delivery\practices\clean_engineering\model\python\codeql\.examples\language-modules-one-section\repaired...
[2026-10-05 15:51:31] [PROGRESS] resolve files> Scanning C:\dev\abd-context-driven-delivery\practices\clean_engineering\model\python\codeql\.examples\.codeql\clean_engineering\python-master\src\C_\dev\abd-context-driven-delivery\practices\clean_engineering\model\python\codeql\.examples\layer-separation...
[2026-10-05 15:51:31] [PROGRESS] resolve files> Scanning C:\dev\abd-context-driven-delivery\practices\clean_engineering\model\python\codeql\.examples\.codeql\clean_engineering\python-master\src\C_\dev\abd-context-driven-delivery\practices\clean_engineering\model\python\codeql\.examples\layer-separation\faulty...
[2026-10-05 15:51:31] [PROGRESS] resolve files> Scanning C:\dev\abd-context-driven-delivery\practices\clean_engineering\model\python\codeql\.examples\.codeql\clean_engineering\python-master\src\C_\dev\abd-context-driven-delivery\practices\clean_engineering\model\python\codeql\.examples\layer-separation\repaired...
[2026-10-05 15:51:31] [PROGRESS] resolve files> Scanning C:\dev\abd-context-driven-delivery\practices\clean_engineering\model\python\codeql\.examples\.codeql\clean_engineering\python-master\src\C_\dev\abd-context-driven-delivery\practices\clean_engineering\model\python\codeql\.examples\limit-comments...
[2026-10-05 15:51:31] [PROGRESS] resolve files> Scanning C:\dev\abd-context-driven-delivery\practices\clean_engineering\model\python\codeql\.examples\.codeql\clean_engineering\python-master\src\C_\dev\abd-context-driven-delivery\practices\clean_engineering\model\python\codeql\.examples\limit-comments\faulty...
[2026-10-05 15:51:31] [PROGRESS] resolve files> Scanning C:\dev\abd-context-driven-delivery\practices\clean_engineering\model\python\codeql\.examples\.codeql\clean_engineering\python-master\src\C_\dev\abd-context-driven-delivery\practices\clean_engineering\model\python\codeql\.examples\limit-comments\repaired...
[2026-10-05 15:51:31] [PROGRESS] resolve files> Scanning C:\dev\abd-context-driven-delivery\practices\clean_engineering\model\python\codeql\.examples\.codeql\clean_engineering\python-master\src\C_\dev\abd-context-driven-delivery\practices\clean_engineering\model\python\codeql\.examples\limit-operation-parameters...
[2026-10-05 15:51:31] [PROGRESS] resolve files> Scanning C:\dev\abd-context-driven-delivery\practices\clean_engineering\model\python\codeql\.examples\.codeql\clean_engineering\python-master\src\C_\dev\abd-context-driven-delivery\practices\clean_engineering\model\python\codeql\.examples\limit-operation-parameters\faulty...
[2026-10-05 15:51:31] [PROGRESS] resolve files> Scanning C:\dev\abd-context-driven-delivery\practices\clean_engineering\model\python\codeql\.examples\.codeql\clean_engineering\python-master\src\C_\dev\abd-context-driven-delivery\practices\clean_engineering\model\python\codeql\.examples\limit-operation-parameters\repaired...
[2026-10-05 15:51:31] [PROGRESS] resolve files> Scanning C:\dev\abd-context-driven-delivery\practices\clean_engineering\model\python\codeql\.examples\.codeql\clean_engineering\python-master\src\C_\dev\abd-context-driven-delivery\practices\clean_engineering\model\python\codeql\.examples\low-coupling...
[2026-10-05 15:51:31] [PROGRESS] resolve files> Scanning C:\dev\abd-context-driven-delivery\practices\clean_engineering\model\python\codeql\.examples\.codeql\clean_engineering\python-master\src\C_\dev\abd-context-driven-delivery\practices\clean_engineering\model\python\codeql\.examples\low-coupling\faulty...
[2026-10-05 15:51:31] [PROGRESS] resolve files> Scanning C:\dev\abd-context-driven-delivery\practices\clean_engineering\model\python\codeql\.examples\.codeql\clean_engineering\python-master\src\C_\dev\abd-context-driven-delivery\practices\clean_engineering\model\python\codeql\.examples\low-coupling\repaired...
[2026-10-05 15:51:31] [PROGRESS] resolve files> Scanning C:\dev\abd-context-driven-delivery\practices\clean_engineering\model\python\codeql\.examples\.codeql\clean_engineering\python-master\src\C_\dev\abd-context-driven-delivery\practices\clean_engineering\model\python\codeql\.examples\missing-module-context...
[2026-10-05 15:51:31] [PROGRESS] resolve files> Scanning C:\dev\abd-context-driven-delivery\practices\clean_engineering\model\python\codeql\.examples\.codeql\clean_engineering\python-master\src\C_\dev\abd-context-driven-delivery\practices\clean_engineering\model\python\codeql\.examples\missing-module-context\faulty...
[2026-10-05 15:51:31] [PROGRESS] resolve files> Scanning C:\dev\abd-context-driven-delivery\practices\clean_engineering\model\python\codeql\.examples\.codeql\clean_engineering\python-master\src\C_\dev\abd-context-driven-delivery\practices\clean_engineering\model\python\codeql\.examples\missing-module-context\repaired...
[2026-10-05 15:51:31] [PROGRESS] resolve files> Scanning C:\dev\abd-context-driven-delivery\practices\clean_engineering\model\python\codeql\.examples\.codeql\clean_engineering\python-master\src\C_\dev\abd-context-driven-delivery\practices\clean_engineering\model\python\codeql\.examples\modules-not-model-blocks...
[2026-10-05 15:51:31] [PROGRESS] resolve files> Scanning C:\dev\abd-context-driven-delivery\practices\clean_engineering\model\python\codeql\.examples\.codeql\clean_engineering\python-master\src\C_\dev\abd-context-driven-delivery\practices\clean_engineering\model\python\codeql\.examples\modules-not-model-blocks\faulty...
[2026-10-05 15:51:31] [PROGRESS] resolve files> Scanning C:\dev\abd-context-driven-delivery\practices\clean_engineering\model\python\codeql\.examples\.codeql\clean_engineering\python-master\src\C_\dev\abd-context-driven-delivery\practices\clean_engineering\model\python\codeql\.examples\modules-not-model-blocks\repaired...
[2026-10-05 15:51:31] [PROGRESS] resolve files> Scanning C:\dev\abd-context-driven-delivery\practices\clean_engineering\model\python\codeql\.examples\.codeql\clean_engineering\python-master\src\C_\dev\abd-context-driven-delivery\practices\clean_engineering\model\python\codeql\.examples\named-seam-and-constraint...
[2026-10-05 15:51:31] [PROGRESS] resolve files> Scanning C:\dev\abd-context-driven-delivery\practices\clean_engineering\model\python\codeql\.examples\.codeql\clean_engineering\python-master\src\C_\dev\abd-context-driven-delivery\practices\clean_engineering\model\python\codeql\.examples\named-seam-and-constraint\faulty...
[2026-10-05 15:51:31] [PROGRESS] resolve files> Scanning C:\dev\abd-context-driven-delivery\practices\clean_engineering\model\python\codeql\.examples\.codeql\clean_engineering\python-master\src\C_\dev\abd-context-driven-delivery\practices\clean_engineering\model\python\codeql\.examples\named-seam-and-constraint\repaired...
[2026-10-05 15:51:31] [PROGRESS] resolve files> Scanning C:\dev\abd-context-driven-delivery\practices\clean_engineering\model\python\codeql\.examples\.codeql\clean_engineering\python-master\src\C_\dev\abd-context-driven-delivery\practices\clean_engineering\model\python\codeql\.examples\never-swallow-exceptions...
[2026-10-05 15:51:31] [PROGRESS] resolve files> Scanning C:\dev\abd-context-driven-delivery\practices\clean_engineering\model\python\codeql\.examples\.codeql\clean_engineering\python-master\src\C_\dev\abd-context-driven-delivery\practices\clean_engineering\model\python\codeql\.examples\never-swallow-exceptions\faulty...
[2026-10-05 15:51:31] [PROGRESS] resolve files> Scanning C:\dev\abd-context-driven-delivery\practices\clean_engineering\model\python\codeql\.examples\.codeql\clean_engineering\python-master\src\C_\dev\abd-context-driven-delivery\practices\clean_engineering\model\python\codeql\.examples\never-swallow-exceptions\repaired...
[2026-10-05 15:51:31] [PROGRESS] resolve files> Scanning C:\dev\abd-context-driven-delivery\practices\clean_engineering\model\python\codeql\.examples\.codeql\clean_engineering\python-master\src\C_\dev\abd-context-driven-delivery\practices\clean_engineering\model\python\codeql\.examples\one-way-deps...
[2026-10-05 15:51:31] [PROGRESS] resolve files> Scanning C:\dev\abd-context-driven-delivery\practices\clean_engineering\model\python\codeql\.examples\.codeql\clean_engineering\python-master\src\C_\dev\abd-context-driven-delivery\practices\clean_engineering\model\python\codeql\.examples\one-way-deps\faulty...
[2026-10-05 15:51:31] [PROGRESS] resolve files> Scanning C:\dev\abd-context-driven-delivery\practices\clean_engineering\model\python\codeql\.examples\.codeql\clean_engineering\python-master\src\C_\dev\abd-context-driven-delivery\practices\clean_engineering\model\python\codeql\.examples\one-way-deps\repaired...
[2026-10-05 15:51:31] [PROGRESS] resolve files> Scanning C:\dev\abd-context-driven-delivery\practices\clean_engineering\model\python\codeql\.examples\.codeql\clean_engineering\python-master\src\C_\dev\abd-context-driven-delivery\practices\clean_engineering\model\python\codeql\.examples\prefer-class-operations...
[2026-10-05 15:51:31] [PROGRESS] resolve files> Scanning C:\dev\abd-context-driven-delivery\practices\clean_engineering\model\python\codeql\.examples\.codeql\clean_engineering\python-master\src\C_\dev\abd-context-driven-delivery\practices\clean_engineering\model\python\codeql\.examples\prefer-class-operations\faulty...
[2026-10-05 15:51:31] [PROGRESS] resolve files> Scanning C:\dev\abd-context-driven-delivery\practices\clean_engineering\model\python\codeql\.examples\.codeql\clean_engineering\python-master\src\C_\dev\abd-context-driven-delivery\practices\clean_engineering\model\python\codeql\.examples\prefer-class-operations\repaired...
[2026-10-05 15:51:31] [PROGRESS] resolve files> Scanning C:\dev\abd-context-driven-delivery\practices\clean_engineering\model\python\codeql\.examples\.codeql\clean_engineering\python-master\src\C_\dev\abd-context-driven-delivery\practices\clean_engineering\model\python\codeql\.examples\prefer-instance-operations...
[2026-10-05 15:51:31] [PROGRESS] resolve files> Scanning C:\dev\abd-context-driven-delivery\practices\clean_engineering\model\python\codeql\.examples\.codeql\clean_engineering\python-master\src\C_\dev\abd-context-driven-delivery\practices\clean_engineering\model\python\codeql\.examples\prefer-instance-operations\faulty...
[2026-10-05 15:51:31] [PROGRESS] resolve files> Scanning C:\dev\abd-context-driven-delivery\practices\clean_engineering\model\python\codeql\.examples\.codeql\clean_engineering\python-master\src\C_\dev\abd-context-driven-delivery\practices\clean_engineering\model\python\codeql\.examples\prefer-instance-operations\repaired...
[2026-10-05 15:51:31] [PROGRESS] resolve files> Scanning C:\dev\abd-context-driven-delivery\practices\clean_engineering\model\python\codeql\.examples\.codeql\clean_engineering\python-master\src\C_\dev\abd-context-driven-delivery\practices\clean_engineering\model\python\codeql\.examples\provide-meaningful-context...
[2026-10-05 15:51:31] [PROGRESS] resolve files> Scanning C:\dev\abd-context-driven-delivery\practices\clean_engineering\model\python\codeql\.examples\.codeql\clean_engineering\python-master\src\C_\dev\abd-context-driven-delivery\practices\clean_engineering\model\python\codeql\.examples\provide-meaningful-context\faulty...
[2026-10-05 15:51:31] [PROGRESS] resolve files> Scanning C:\dev\abd-context-driven-delivery\practices\clean_engineering\model\python\codeql\.examples\.codeql\clean_engineering\python-master\src\C_\dev\abd-context-driven-delivery\practices\clean_engineering\model\python\codeql\.examples\provide-meaningful-context\repaired...
[2026-10-05 15:51:31] [PROGRESS] resolve files> Scanning C:\dev\abd-context-driven-delivery\practices\clean_engineering\model\python\codeql\.examples\.codeql\clean_engineering\python-master\src\C_\dev\abd-context-driven-delivery\practices\clean_engineering\model\python\codeql\.examples\public-seam-only...
[2026-10-05 15:51:31] [PROGRESS] resolve files> Scanning C:\dev\abd-context-driven-delivery\practices\clean_engineering\model\python\codeql\.examples\.codeql\clean_engineering\python-master\src\C_\dev\abd-context-driven-delivery\practices\clean_engineering\model\python\codeql\.examples\public-seam-only\faulty...
[2026-10-05 15:51:31] [PROGRESS] resolve files> Scanning C:\dev\abd-context-driven-delivery\practices\clean_engineering\model\python\codeql\.examples\.codeql\clean_engineering\python-master\src\C_\dev\abd-context-driven-delivery\practices\clean_engineering\model\python\codeql\.examples\public-seam-only\repaired...
[2026-10-05 15:51:31] [PROGRESS] resolve files> Scanning C:\dev\abd-context-driven-delivery\practices\clean_engineering\model\python\codeql\.examples\.codeql\clean_engineering\python-master\src\C_\dev\abd-context-driven-delivery\practices\clean_engineering\model\python\codeql\.examples\put-logic-on-the-owning-resource...
[2026-10-05 15:51:31] [PROGRESS] resolve files> Scanning C:\dev\abd-context-driven-delivery\practices\clean_engineering\model\python\codeql\.examples\.codeql\clean_engineering\python-master\src\C_\dev\abd-context-driven-delivery\practices\clean_engineering\model\python\codeql\.examples\put-logic-on-the-owning-resource\faulty...
[2026-10-05 15:51:31] [PROGRESS] resolve files> Scanning C:\dev\abd-context-driven-delivery\practices\clean_engineering\model\python\codeql\.examples\.codeql\clean_engineering\python-master\src\C_\dev\abd-context-driven-delivery\practices\clean_engineering\model\python\codeql\.examples\put-logic-on-the-owning-resource\repaired...
[2026-10-05 15:51:31] [PROGRESS] resolve files> Scanning C:\dev\abd-context-driven-delivery\practices\clean_engineering\model\python\codeql\.examples\.codeql\clean_engineering\python-master\src\C_\dev\abd-context-driven-delivery\practices\clean_engineering\model\python\codeql\.examples\shape-classes-around-resources...
[2026-10-05 15:51:31] [PROGRESS] resolve files> Scanning C:\dev\abd-context-driven-delivery\practices\clean_engineering\model\python\codeql\.examples\.codeql\clean_engineering\python-master\src\C_\dev\abd-context-driven-delivery\practices\clean_engineering\model\python\codeql\.examples\shape-classes-around-resources\faulty...
[2026-10-05 15:51:31] [PROGRESS] resolve files> Scanning C:\dev\abd-context-driven-delivery\practices\clean_engineering\model\python\codeql\.examples\.codeql\clean_engineering\python-master\src\C_\dev\abd-context-driven-delivery\practices\clean_engineering\model\python\codeql\.examples\shape-classes-around-resources\repaired...
[2026-10-05 15:51:31] [PROGRESS] resolve files> Scanning C:\dev\abd-context-driven-delivery\practices\clean_engineering\model\python\codeql\.examples\.codeql\clean_engineering\python-master\src\C_\dev\abd-context-driven-delivery\practices\clean_engineering\model\python\codeql\.examples\simplify-control-flow...
[2026-10-05 15:51:31] [PROGRESS] resolve files> Scanning C:\dev\abd-context-driven-delivery\practices\clean_engineering\model\python\codeql\.examples\.codeql\clean_engineering\python-master\src\C_\dev\abd-context-driven-delivery\practices\clean_engineering\model\python\codeql\.examples\simplify-control-flow\faulty...
[2026-10-05 15:51:31] [PROGRESS] resolve files> Scanning C:\dev\abd-context-driven-delivery\practices\clean_engineering\model\python\codeql\.examples\.codeql\clean_engineering\python-master\src\C_\dev\abd-context-driven-delivery\practices\clean_engineering\model\python\codeql\.examples\simplify-control-flow\repaired...
[2026-10-05 15:51:31] [PROGRESS] resolve files> Scanning C:\dev\abd-context-driven-delivery\practices\clean_engineering\model\python\codeql\.examples\.codeql\clean_engineering\python-master\src\C_\dev\abd-context-driven-delivery\practices\clean_engineering\model\python\codeql\.examples\use-consistent-naming...
[2026-10-05 15:51:31] [PROGRESS] resolve files> Scanning C:\dev\abd-context-driven-delivery\practices\clean_engineering\model\python\codeql\.examples\.codeql\clean_engineering\python-master\src\C_\dev\abd-context-driven-delivery\practices\clean_engineering\model\python\codeql\.examples\use-consistent-naming\faulty...
[2026-10-05 15:51:31] [PROGRESS] resolve files> Scanning C:\dev\abd-context-driven-delivery\practices\clean_engineering\model\python\codeql\.examples\.codeql\clean_engineering\python-master\src\C_\dev\abd-context-driven-delivery\practices\clean_engineering\model\python\codeql\.examples\use-consistent-naming\repaired...
[2026-10-05 15:51:31] [PROGRESS] resolve files> Scanning C:\dev\abd-context-driven-delivery\practices\clean_engineering\model\python\codeql\.examples\.codeql\clean_engineering\python-master\src\C_\dev\abd-context-driven-delivery\practices\clean_engineering\model\python\codeql\.examples\use-exceptions-properly...
[2026-10-05 15:51:31] [PROGRESS] resolve files> Scanning C:\dev\abd-context-driven-delivery\practices\clean_engineering\model\python\codeql\.examples\.codeql\clean_engineering\python-master\src\C_\dev\abd-context-driven-delivery\practices\clean_engineering\model\python\codeql\.examples\use-exceptions-properly\faulty...
[2026-10-05 15:51:31] [PROGRESS] resolve files> Scanning C:\dev\abd-context-driven-delivery\practices\clean_engineering\model\python\codeql\.examples\.codeql\clean_engineering\python-master\src\C_\dev\abd-context-driven-delivery\practices\clean_engineering\model\python\codeql\.examples\use-exceptions-properly\repaired...
[2026-10-05 15:51:31] [PROGRESS] resolve files> Scanning C:\dev\abd-context-driven-delivery\practices\clean_engineering\model\python\codeql\.examples\.codeql\clean_engineering\python-master\src\C_\dev\abd-context-driven-delivery\practices\clean_engineering\model\python\codeql\.examples\use-explicit-dependencies...
[2026-10-05 15:51:31] [PROGRESS] resolve files> Scanning C:\dev\abd-context-driven-delivery\practices\clean_engineering\model\python\codeql\.examples\.codeql\clean_engineering\python-master\src\C_\dev\abd-context-driven-delivery\practices\clean_engineering\model\python\codeql\.examples\use-explicit-dependencies\faulty...
[2026-10-05 15:51:31] [PROGRESS] resolve files> Scanning C:\dev\abd-context-driven-delivery\practices\clean_engineering\model\python\codeql\.examples\.codeql\clean_engineering\python-master\src\C_\dev\abd-context-driven-delivery\practices\clean_engineering\model\python\codeql\.examples\use-explicit-dependencies\repaired...
[2026-10-05 15:51:31] [PROGRESS] resolve files> Scanning C:\dev\abd-context-driven-delivery\practices\clean_engineering\model\python\codeql\.examples\.codeql\clean_engineering\python-master\src\C_\dev\abd-context-driven-delivery\practices\clean_engineering\model\python\codeql\.examples\use-intention-revealing-names...
[2026-10-05 15:51:31] [PROGRESS] resolve files> Scanning C:\dev\abd-context-driven-delivery\practices\clean_engineering\model\python\codeql\.examples\.codeql\clean_engineering\python-master\src\C_\dev\abd-context-driven-delivery\practices\clean_engineering\model\python\codeql\.examples\use-intention-revealing-names\faulty...
[2026-10-05 15:51:31] [PROGRESS] resolve files> Scanning C:\dev\abd-context-driven-delivery\practices\clean_engineering\model\python\codeql\.examples\.codeql\clean_engineering\python-master\src\C_\dev\abd-context-driven-delivery\practices\clean_engineering\model\python\codeql\.examples\use-intention-revealing-names\repaired...
[2026-10-05 15:51:31] [PROGRESS] resolve files> Scanning C:\dev\abd-context-driven-delivery\practices\clean_engineering\model\python\codeql\.examples\.codeql\clean_engineering\python-master\src\C_\dev\abd-context-driven-delivery\practices\clean_engineering\model\python\codeql\.examples\use-property-not-accessor...
[2026-10-05 15:51:31] [PROGRESS] resolve files> Scanning C:\dev\abd-context-driven-delivery\practices\clean_engineering\model\python\codeql\.examples\.codeql\clean_engineering\python-master\src\C_\dev\abd-context-driven-delivery\practices\clean_engineering\model\python\codeql\.examples\use-property-not-accessor\faulty...
[2026-10-05 15:51:31] [PROGRESS] resolve files> Scanning C:\dev\abd-context-driven-delivery\practices\clean_engineering\model\python\codeql\.examples\.codeql\clean_engineering\python-master\src\C_\dev\abd-context-driven-delivery\practices\clean_engineering\model\python\codeql\.examples\use-property-not-accessor\repaired...
[2026-10-05 15:51:31] [PROGRESS] resolve files> Scanning C:\dev\abd-context-driven-delivery\practices\clean_engineering\model\python\codeql\.examples\.codeql\clean_engineering\python-master\src\C_\dev\abd-context-driven-delivery\practices\clean_engineering\model\python\codeql\.examples\use-typed-signatures...
[2026-10-05 15:51:31] [PROGRESS] resolve files> Scanning C:\dev\abd-context-driven-delivery\practices\clean_engineering\model\python\codeql\.examples\.codeql\clean_engineering\python-master\src\C_\dev\abd-context-driven-delivery\practices\clean_engineering\model\python\codeql\.examples\use-typed-signatures\faulty...
[2026-10-05 15:51:31] [PROGRESS] resolve files> Scanning C:\dev\abd-context-driven-delivery\practices\clean_engineering\model\python\codeql\.examples\.codeql\clean_engineering\python-master\src\C_\dev\abd-context-driven-delivery\practices\clean_engineering\model\python\codeql\.examples\use-typed-signatures\repaired...
[2026-10-05 15:51:31] [PROGRESS] resolve files> Scanning C:\dev\abd-context-driven-delivery\practices\clean_engineering\model\python\codeql\.examples\.codeql\clean_engineering\python-master\trap...
[2026-10-05 15:51:31] [PROGRESS] resolve files> Scanning C:\dev\abd-context-driven-delivery\practices\clean_engineering\model\python\codeql\.examples\.codeql\clean_engineering\python-master\trap\python...
[2026-10-05 15:51:31] [PROGRESS] resolve files> Scanning C:\dev\abd-context-driven-delivery\practices\clean_engineering\model\python\codeql\.examples\.codeql\clean_engineering\python-master\working...
[2026-10-05 15:51:31] [PROGRESS] resolve files> Scanning C:\dev\abd-context-driven-delivery\practices\clean_engineering\model\python\codeql\.examples\.codeql\clean_engineering\python-master\working\trap_cache...
[2026-10-05 15:51:31] [PROGRESS] resolve files> Scanning C:\dev\abd-context-driven-delivery\practices\clean_engineering\model\python\codeql\.examples\.codeql\clean_engineering\python-master\working\trap_cache\1...
[2026-10-05 15:51:31] [PROGRESS] resolve files> Scanning C:\dev\abd-context-driven-delivery\practices\clean_engineering\model\python\codeql\.examples\avoid-vague-parameter-names...
[2026-10-05 15:51:31] [PROGRESS] resolve files> Scanning C:\dev\abd-context-driven-delivery\practices\clean_engineering\model\python\codeql\.examples\avoid-vague-parameter-names\faulty...
[2026-10-05 15:51:31] [PROGRESS] resolve files> Scanning C:\dev\abd-context-driven-delivery\practices\clean_engineering\model\python\codeql\.examples\avoid-vague-parameter-names\repaired...
[2026-10-05 15:51:31] [PROGRESS] resolve files> Scanning C:\dev\abd-context-driven-delivery\practices\clean_engineering\model\python\codeql\.examples\deep-module...
[2026-10-05 15:51:31] [PROGRESS] resolve files> Scanning C:\dev\abd-context-driven-delivery\practices\clean_engineering\model\python\codeql\.examples\deep-module\.context...
[2026-10-05 15:51:31] [PROGRESS] resolve files> Scanning C:\dev\abd-context-driven-delivery\practices\clean_engineering\model\python\codeql\.examples\deep-module\faulty...
[2026-10-05 15:51:31] [PROGRESS] resolve files> Scanning C:\dev\abd-context-driven-delivery\practices\clean_engineering\model\python\codeql\.examples\deep-module\faulty\cart...
[2026-10-05 15:51:31] [PROGRESS] resolve files> Scanning C:\dev\abd-context-driven-delivery\practices\clean_engineering\model\python\codeql\.examples\deep-module\repaired...
[2026-10-05 15:51:31] [PROGRESS] resolve files> Scanning C:\dev\abd-context-driven-delivery\practices\clean_engineering\model\python\codeql\.examples\do-not-invent-parallel-object-models...
[2026-10-05 15:51:31] [PROGRESS] resolve files> Scanning C:\dev\abd-context-driven-delivery\practices\clean_engineering\model\python\codeql\.examples\do-not-invent-parallel-object-models\faulty...
[2026-10-05 15:51:31] [PROGRESS] resolve files> Scanning C:\dev\abd-context-driven-delivery\practices\clean_engineering\model\python\codeql\.examples\do-not-invent-parallel-object-models\repaired...
[2026-10-05 15:51:31] [PROGRESS] resolve files> Scanning C:\dev\abd-context-driven-delivery\practices\clean_engineering\model\python\codeql\.examples\eliminate-duplication...
[2026-10-05 15:51:31] [PROGRESS] resolve files> Scanning C:\dev\abd-context-driven-delivery\practices\clean_engineering\model\python\codeql\.examples\eliminate-duplication\faulty...
[2026-10-05 15:51:31] [PROGRESS] resolve files> Scanning C:\dev\abd-context-driven-delivery\practices\clean_engineering\model\python\codeql\.examples\eliminate-duplication\repaired...
[2026-10-05 15:51:31] [PROGRESS] resolve files> Scanning C:\dev\abd-context-driven-delivery\practices\clean_engineering\model\python\codeql\.examples\extensions-live-with-the-domain...
[2026-10-05 15:51:31] [PROGRESS] resolve files> Scanning C:\dev\abd-context-driven-delivery\practices\clean_engineering\model\python\codeql\.examples\extensions-live-with-the-domain\domain...
[2026-10-05 15:51:31] [PROGRESS] resolve files> Scanning C:\dev\abd-context-driven-delivery\practices\clean_engineering\model\python\codeql\.examples\extensions-live-with-the-domain\domain\.context...
[2026-10-05 15:51:31] [PROGRESS] resolve files> Scanning C:\dev\abd-context-driven-delivery\practices\clean_engineering\model\python\codeql\.examples\extensions-live-with-the-domain\faulty...
[2026-10-05 15:51:31] [PROGRESS] resolve files> Scanning C:\dev\abd-context-driven-delivery\practices\clean_engineering\model\python\codeql\.examples\extensions-live-with-the-domain\faulty\domain...
[2026-10-05 15:51:31] [PROGRESS] resolve files> Scanning C:\dev\abd-context-driven-delivery\practices\clean_engineering\model\python\codeql\.examples\extensions-live-with-the-domain\faulty\domain\.context...
[2026-10-05 15:51:31] [PROGRESS] resolve files> Scanning C:\dev\abd-context-driven-delivery\practices\clean_engineering\model\python\codeql\.examples\extensions-live-with-the-domain\faulty\framework...
[2026-10-05 15:51:31] [PROGRESS] resolve files> Scanning C:\dev\abd-context-driven-delivery\practices\clean_engineering\model\python\codeql\.examples\extensions-live-with-the-domain\faulty\framework\.context...
[2026-10-05 15:51:31] [PROGRESS] resolve files> Scanning C:\dev\abd-context-driven-delivery\practices\clean_engineering\model\python\codeql\.examples\extensions-live-with-the-domain\framework...
[2026-10-05 15:51:31] [PROGRESS] resolve files> Scanning C:\dev\abd-context-driven-delivery\practices\clean_engineering\model\python\codeql\.examples\extensions-live-with-the-domain\framework\.context...
[2026-10-05 15:51:31] [PROGRESS] resolve files> Scanning C:\dev\abd-context-driven-delivery\practices\clean_engineering\model\python\codeql\.examples\extensions-live-with-the-domain\repaired...
[2026-10-05 15:51:31] [PROGRESS] resolve files> Scanning C:\dev\abd-context-driven-delivery\practices\clean_engineering\model\python\codeql\.examples\extensions-live-with-the-domain\repaired\domain...
[2026-10-05 15:51:31] [PROGRESS] resolve files> Scanning C:\dev\abd-context-driven-delivery\practices\clean_engineering\model\python\codeql\.examples\extensions-live-with-the-domain\repaired\framework...
[2026-10-05 15:51:31] [PROGRESS] resolve files> Scanning C:\dev\abd-context-driven-delivery\practices\clean_engineering\model\python\codeql\.examples\hide-inner-details...
[2026-10-05 15:51:31] [PROGRESS] resolve files> Scanning C:\dev\abd-context-driven-delivery\practices\clean_engineering\model\python\codeql\.examples\hide-inner-details\faulty...
[2026-10-05 15:51:31] [PROGRESS] resolve files> Scanning C:\dev\abd-context-driven-delivery\practices\clean_engineering\model\python\codeql\.examples\hide-inner-details\repaired...
[2026-10-05 15:51:31] [PROGRESS] resolve files> Scanning C:\dev\abd-context-driven-delivery\practices\clean_engineering\model\python\codeql\.examples\keep-classes-single-responsibility...
[2026-10-05 15:51:31] [PROGRESS] resolve files> Scanning C:\dev\abd-context-driven-delivery\practices\clean_engineering\model\python\codeql\.examples\keep-classes-single-responsibility\faulty...
[2026-10-05 15:51:31] [PROGRESS] resolve files> Scanning C:\dev\abd-context-driven-delivery\practices\clean_engineering\model\python\codeql\.examples\keep-classes-single-responsibility\repaired...
[2026-10-05 15:51:31] [PROGRESS] resolve files> Scanning C:\dev\abd-context-driven-delivery\practices\clean_engineering\model\python\codeql\.examples\keep-operations-small-focused...
[2026-10-05 15:51:31] [PROGRESS] resolve files> Scanning C:\dev\abd-context-driven-delivery\practices\clean_engineering\model\python\codeql\.examples\keep-operations-small-focused\faulty...
[2026-10-05 15:51:31] [PROGRESS] resolve files> Scanning C:\dev\abd-context-driven-delivery\practices\clean_engineering\model\python\codeql\.examples\keep-operations-small-focused\repaired...
[2026-10-05 15:51:31] [PROGRESS] resolve files> Scanning C:\dev\abd-context-driven-delivery\practices\clean_engineering\model\python\codeql\.examples\language-modules-one-section...
[2026-10-05 15:51:31] [PROGRESS] resolve files> Scanning C:\dev\abd-context-driven-delivery\practices\clean_engineering\model\python\codeql\.examples\language-modules-one-section\.context...
[2026-10-05 15:51:31] [PROGRESS] resolve files> Scanning C:\dev\abd-context-driven-delivery\practices\clean_engineering\model\python\codeql\.examples\language-modules-one-section\faulty...
[2026-10-05 15:51:31] [PROGRESS] resolve files> Scanning C:\dev\abd-context-driven-delivery\practices\clean_engineering\model\python\codeql\.examples\language-modules-one-section\faulty\.context...
[2026-10-05 15:51:31] [PROGRESS] resolve files> Scanning C:\dev\abd-context-driven-delivery\practices\clean_engineering\model\python\codeql\.examples\language-modules-one-section\repaired...
[2026-10-05 15:51:31] [PROGRESS] resolve files> Scanning C:\dev\abd-context-driven-delivery\practices\clean_engineering\model\python\codeql\.examples\language-modules-one-section\repaired\.context...
[2026-10-05 15:51:31] [PROGRESS] resolve files> Scanning C:\dev\abd-context-driven-delivery\practices\clean_engineering\model\python\codeql\.examples\layer-separation...
[2026-10-05 15:51:31] [PROGRESS] resolve files> Scanning C:\dev\abd-context-driven-delivery\practices\clean_engineering\model\python\codeql\.examples\layer-separation\faulty...
[2026-10-05 15:51:31] [PROGRESS] resolve files> Scanning C:\dev\abd-context-driven-delivery\practices\clean_engineering\model\python\codeql\.examples\layer-separation\repaired...
[2026-10-05 15:51:31] [PROGRESS] resolve files> Scanning C:\dev\abd-context-driven-delivery\practices\clean_engineering\model\python\codeql\.examples\limit-comments...
[2026-10-05 15:51:31] [PROGRESS] resolve files> Scanning C:\dev\abd-context-driven-delivery\practices\clean_engineering\model\python\codeql\.examples\limit-comments\faulty...
[2026-10-05 15:51:31] [PROGRESS] resolve files> Scanning C:\dev\abd-context-driven-delivery\practices\clean_engineering\model\python\codeql\.examples\limit-comments\repaired...
[2026-10-05 15:51:31] [PROGRESS] resolve files> Scanning C:\dev\abd-context-driven-delivery\practices\clean_engineering\model\python\codeql\.examples\limit-operation-parameters...
[2026-10-05 15:51:31] [PROGRESS] resolve files> Scanning C:\dev\abd-context-driven-delivery\practices\clean_engineering\model\python\codeql\.examples\limit-operation-parameters\faulty...
[2026-10-05 15:51:31] [PROGRESS] resolve files> Scanning C:\dev\abd-context-driven-delivery\practices\clean_engineering\model\python\codeql\.examples\limit-operation-parameters\repaired...
[2026-10-05 15:51:31] [PROGRESS] resolve files> Scanning C:\dev\abd-context-driven-delivery\practices\clean_engineering\model\python\codeql\.examples\low-coupling...
[2026-10-05 15:51:31] [PROGRESS] resolve files> Scanning C:\dev\abd-context-driven-delivery\practices\clean_engineering\model\python\codeql\.examples\low-coupling\faulty...
[2026-10-05 15:51:31] [PROGRESS] resolve files> Scanning C:\dev\abd-context-driven-delivery\practices\clean_engineering\model\python\codeql\.examples\low-coupling\repaired...
[2026-10-05 15:51:31] [PROGRESS] resolve files> Scanning C:\dev\abd-context-driven-delivery\practices\clean_engineering\model\python\codeql\.examples\missing-module-context...
[2026-10-05 15:51:31] [PROGRESS] resolve files> Scanning C:\dev\abd-context-driven-delivery\practices\clean_engineering\model\python\codeql\.examples\missing-module-context\faulty...
[2026-10-05 15:51:31] [PROGRESS] resolve files> Scanning C:\dev\abd-context-driven-delivery\practices\clean_engineering\model\python\codeql\.examples\missing-module-context\repaired...
[2026-10-05 15:51:31] [PROGRESS] resolve files> Scanning C:\dev\abd-context-driven-delivery\practices\clean_engineering\model\python\codeql\.examples\missing-module-context\repaired\.context...
[2026-10-05 15:51:31] [PROGRESS] resolve files> Scanning C:\dev\abd-context-driven-delivery\practices\clean_engineering\model\python\codeql\.examples\modules-not-model-blocks...
[2026-10-05 15:51:31] [PROGRESS] resolve files> Scanning C:\dev\abd-context-driven-delivery\practices\clean_engineering\model\python\codeql\.examples\modules-not-model-blocks\.context...
[2026-10-05 15:51:31] [PROGRESS] resolve files> Scanning C:\dev\abd-context-driven-delivery\practices\clean_engineering\model\python\codeql\.examples\modules-not-model-blocks\faulty...
[2026-10-05 15:51:31] [PROGRESS] resolve files> Scanning C:\dev\abd-context-driven-delivery\practices\clean_engineering\model\python\codeql\.examples\modules-not-model-blocks\faulty\.context...
[2026-10-05 15:51:31] [PROGRESS] resolve files> Scanning C:\dev\abd-context-driven-delivery\practices\clean_engineering\model\python\codeql\.examples\modules-not-model-blocks\repaired...
[2026-10-05 15:51:31] [PROGRESS] resolve files> Scanning C:\dev\abd-context-driven-delivery\practices\clean_engineering\model\python\codeql\.examples\modules-not-model-blocks\repaired\.context...
[2026-10-05 15:51:31] [PROGRESS] resolve files> Scanning C:\dev\abd-context-driven-delivery\practices\clean_engineering\model\python\codeql\.examples\named-seam-and-constraint...
[2026-10-05 15:51:31] [PROGRESS] resolve files> Scanning C:\dev\abd-context-driven-delivery\practices\clean_engineering\model\python\codeql\.examples\named-seam-and-constraint\faulty...
[2026-10-05 15:51:31] [PROGRESS] resolve files> Scanning C:\dev\abd-context-driven-delivery\practices\clean_engineering\model\python\codeql\.examples\named-seam-and-constraint\repaired...
[2026-10-05 15:51:31] [PROGRESS] resolve files> Scanning C:\dev\abd-context-driven-delivery\practices\clean_engineering\model\python\codeql\.examples\never-swallow-exceptions...
[2026-10-05 15:51:31] [PROGRESS] resolve files> Scanning C:\dev\abd-context-driven-delivery\practices\clean_engineering\model\python\codeql\.examples\never-swallow-exceptions\faulty...
[2026-10-05 15:51:31] [PROGRESS] resolve files> Scanning C:\dev\abd-context-driven-delivery\practices\clean_engineering\model\python\codeql\.examples\never-swallow-exceptions\repaired...
[2026-10-05 15:51:31] [PROGRESS] resolve files> Scanning C:\dev\abd-context-driven-delivery\practices\clean_engineering\model\python\codeql\.examples\one-way-deps...
[2026-10-05 15:51:31] [PROGRESS] resolve files> Scanning C:\dev\abd-context-driven-delivery\practices\clean_engineering\model\python\codeql\.examples\one-way-deps\faulty...
[2026-10-05 15:51:31] [PROGRESS] resolve files> Scanning C:\dev\abd-context-driven-delivery\practices\clean_engineering\model\python\codeql\.examples\one-way-deps\repaired...
[2026-10-05 15:51:31] [PROGRESS] resolve files> Scanning C:\dev\abd-context-driven-delivery\practices\clean_engineering\model\python\codeql\.examples\prefer-class-operations...
[2026-10-05 15:51:31] [PROGRESS] resolve files> Scanning C:\dev\abd-context-driven-delivery\practices\clean_engineering\model\python\codeql\.examples\prefer-class-operations\faulty...
[2026-10-05 15:51:31] [PROGRESS] resolve files> Scanning C:\dev\abd-context-driven-delivery\practices\clean_engineering\model\python\codeql\.examples\prefer-class-operations\repaired...
[2026-10-05 15:51:31] [PROGRESS] resolve files> Scanning C:\dev\abd-context-driven-delivery\practices\clean_engineering\model\python\codeql\.examples\prefer-instance-operations...
[2026-10-05 15:51:31] [PROGRESS] resolve files> Scanning C:\dev\abd-context-driven-delivery\practices\clean_engineering\model\python\codeql\.examples\prefer-instance-operations\faulty...
[2026-10-05 15:51:31] [PROGRESS] resolve files> Scanning C:\dev\abd-context-driven-delivery\practices\clean_engineering\model\python\codeql\.examples\prefer-instance-operations\repaired...
[2026-10-05 15:51:31] [PROGRESS] resolve files> Scanning C:\dev\abd-context-driven-delivery\practices\clean_engineering\model\python\codeql\.examples\provide-meaningful-context...
[2026-10-05 15:51:31] [PROGRESS] resolve files> Scanning C:\dev\abd-context-driven-delivery\practices\clean_engineering\model\python\codeql\.examples\provide-meaningful-context\faulty...
[2026-10-05 15:51:31] [PROGRESS] resolve files> Scanning C:\dev\abd-context-driven-delivery\practices\clean_engineering\model\python\codeql\.examples\provide-meaningful-context\repaired...
[2026-10-05 15:51:31] [PROGRESS] resolve files> Scanning C:\dev\abd-context-driven-delivery\practices\clean_engineering\model\python\codeql\.examples\public-seam-only...
[2026-10-05 15:51:31] [PROGRESS] resolve files> Scanning C:\dev\abd-context-driven-delivery\practices\clean_engineering\model\python\codeql\.examples\public-seam-only\.context...
[2026-10-05 15:51:31] [PROGRESS] resolve files> Scanning C:\dev\abd-context-driven-delivery\practices\clean_engineering\model\python\codeql\.examples\public-seam-only\faulty...
[2026-10-05 15:51:31] [PROGRESS] resolve files> Scanning C:\dev\abd-context-driven-delivery\practices\clean_engineering\model\python\codeql\.examples\public-seam-only\faulty\.context...
[2026-10-05 15:51:31] [PROGRESS] resolve files> Scanning C:\dev\abd-context-driven-delivery\practices\clean_engineering\model\python\codeql\.examples\public-seam-only\repaired...
[2026-10-05 15:51:31] [PROGRESS] resolve files> Scanning C:\dev\abd-context-driven-delivery\practices\clean_engineering\model\python\codeql\.examples\public-seam-only\repaired\.context...
[2026-10-05 15:51:31] [PROGRESS] resolve files> Scanning C:\dev\abd-context-driven-delivery\practices\clean_engineering\model\python\codeql\.examples\put-logic-on-the-owning-resource...
[2026-10-05 15:51:31] [PROGRESS] resolve files> Scanning C:\dev\abd-context-driven-delivery\practices\clean_engineering\model\python\codeql\.examples\put-logic-on-the-owning-resource\faulty...
[2026-10-05 15:51:31] [PROGRESS] resolve files> Scanning C:\dev\abd-context-driven-delivery\practices\clean_engineering\model\python\codeql\.examples\put-logic-on-the-owning-resource\repaired...
[2026-10-05 15:51:31] [PROGRESS] resolve files> Scanning C:\dev\abd-context-driven-delivery\practices\clean_engineering\model\python\codeql\.examples\shape-classes-around-resources...
[2026-10-05 15:51:31] [PROGRESS] resolve files> Scanning C:\dev\abd-context-driven-delivery\practices\clean_engineering\model\python\codeql\.examples\shape-classes-around-resources\faulty...
[2026-10-05 15:51:31] [PROGRESS] resolve files> Scanning C:\dev\abd-context-driven-delivery\practices\clean_engineering\model\python\codeql\.examples\shape-classes-around-resources\repaired...
[2026-10-05 15:51:31] [PROGRESS] resolve files> Scanning C:\dev\abd-context-driven-delivery\practices\clean_engineering\model\python\codeql\.examples\simplify-control-flow...
[2026-10-05 15:51:31] [PROGRESS] resolve files> Scanning C:\dev\abd-context-driven-delivery\practices\clean_engineering\model\python\codeql\.examples\simplify-control-flow\faulty...
[2026-10-05 15:51:31] [PROGRESS] resolve files> Scanning C:\dev\abd-context-driven-delivery\practices\clean_engineering\model\python\codeql\.examples\simplify-control-flow\repaired...
[2026-10-05 15:51:31] [PROGRESS] resolve files> Scanning C:\dev\abd-context-driven-delivery\practices\clean_engineering\model\python\codeql\.examples\use-consistent-naming...
[2026-10-05 15:51:31] [PROGRESS] resolve files> Scanning C:\dev\abd-context-driven-delivery\practices\clean_engineering\model\python\codeql\.examples\use-consistent-naming\faulty...
[2026-10-05 15:51:31] [PROGRESS] resolve files> Scanning C:\dev\abd-context-driven-delivery\practices\clean_engineering\model\python\codeql\.examples\use-consistent-naming\repaired...
[2026-10-05 15:51:31] [PROGRESS] resolve files> Scanning C:\dev\abd-context-driven-delivery\practices\clean_engineering\model\python\codeql\.examples\use-exceptions-properly...
[2026-10-05 15:51:31] [PROGRESS] resolve files> Scanning C:\dev\abd-context-driven-delivery\practices\clean_engineering\model\python\codeql\.examples\use-exceptions-properly\faulty...
[2026-10-05 15:51:31] [PROGRESS] resolve files> Scanning C:\dev\abd-context-driven-delivery\practices\clean_engineering\model\python\codeql\.examples\use-exceptions-properly\repaired...
[2026-10-05 15:51:31] [PROGRESS] resolve files> Scanning C:\dev\abd-context-driven-delivery\practices\clean_engineering\model\python\codeql\.examples\use-explicit-dependencies...
[2026-10-05 15:51:31] [PROGRESS] resolve files> Scanning C:\dev\abd-context-driven-delivery\practices\clean_engineering\model\python\codeql\.examples\use-explicit-dependencies\faulty...
[2026-10-05 15:51:31] [PROGRESS] resolve files> Scanning C:\dev\abd-context-driven-delivery\practices\clean_engineering\model\python\codeql\.examples\use-explicit-dependencies\repaired...
[2026-10-05 15:51:31] [PROGRESS] resolve files> Scanning C:\dev\abd-context-driven-delivery\practices\clean_engineering\model\python\codeql\.examples\use-intention-revealing-names...
[2026-10-05 15:51:31] [PROGRESS] resolve files> Scanning C:\dev\abd-context-driven-delivery\practices\clean_engineering\model\python\codeql\.examples\use-intention-revealing-names\faulty...
[2026-10-05 15:51:31] [PROGRESS] resolve files> Scanning C:\dev\abd-context-driven-delivery\practices\clean_engineering\model\python\codeql\.examples\use-intention-revealing-names\repaired...
[2026-10-05 15:51:31] [PROGRESS] resolve files> Scanning C:\dev\abd-context-driven-delivery\practices\clean_engineering\model\python\codeql\.examples\use-property-not-accessor...
[2026-10-05 15:51:31] [PROGRESS] resolve files> Scanning C:\dev\abd-context-driven-delivery\practices\clean_engineering\model\python\codeql\.examples\use-property-not-accessor\faulty...
[2026-10-05 15:51:31] [PROGRESS] resolve files> Scanning C:\dev\abd-context-driven-delivery\practices\clean_engineering\model\python\codeql\.examples\use-property-not-accessor\repaired...
[2026-10-05 15:51:31] [PROGRESS] resolve files> Scanning C:\dev\abd-context-driven-delivery\practices\clean_engineering\model\python\codeql\.examples\use-typed-signatures...
[2026-10-05 15:51:31] [PROGRESS] resolve files> Scanning C:\dev\abd-context-driven-delivery\practices\clean_engineering\model\python\codeql\.examples\use-typed-signatures\faulty...
[2026-10-05 15:51:31] [PROGRESS] resolve files> Scanning C:\dev\abd-context-driven-delivery\practices\clean_engineering\model\python\codeql\.examples\use-typed-signatures\repaired...
[2026-10-05 15:51:31] Plumbing command codeql resolve files completed:
                      [
                        "C:\\dev\\abd-context-driven-delivery\\practices\\clean_engineering\\model\\python\\codeql\\.examples\\.codeql\\clean_engineering\\python-master\\codeql-database.yml"
                      ]
[2026-10-05 15:51:31] [DETAILS] database index-files> Found 1 files.
[2026-10-05 15:51:31] [PROGRESS] database index-files> C:\dev\abd-context-driven-delivery\practices\clean_engineering\model\python\codeql\.examples\.codeql\clean_engineering\python-master: Indexing files in in C:\dev\abd-context-driven-delivery\practices\clean_engineering\model\python\codeql\.examples...
[2026-10-05 15:51:31] Using index-files script C:\Users\jeffa\AppData\Local\Programs\CodeQL\codeql\yaml\tools\index-files.cmd.
[2026-10-05 15:51:31] [PROGRESS] database index-files> Running command in C:\dev\abd-context-driven-delivery\practices\clean_engineering\model\python\codeql\.examples: [C:\Users\jeffa\AppData\Local\Programs\CodeQL\codeql\yaml\tools\index-files.cmd, C:\dev\abd-context-driven-delivery\practices\clean_engineering\model\python\codeql\.examples\.codeql\clean_engineering\python-master\working\files-to-index9806992905759595983.list]
[2026-10-05 15:51:31] Terminating normally.
